UEFI PCI port: exclusive claim, fresh identity, BAR descriptor/bounds, memory-only enable, allowlisted IO, wake-before-release, ambiguous-write/cleanup retries, actual Command readback/Write16 fallback/stale API/drop-write retention PASS; MOCK HARDWARE ONLY
QWBT_MOCK=51574254303030310100000000000000110000000000000038010000380100000080400000000000d880000000000000000000000000000000000000010000000000000000000000000000000000000006000000002100000c0000000e00000000000000010002050800000005000000000000000000000000000000010000008f8b002fccfe81d42238f27dd1f56d189604f180bd4772c7c8e75ae1fef16f01
ACTUAL DRIVER POLL/USB/CE PREFIX NO134TH/BMI_DONE, OVERLAY/STATUS BOUNDS PASS
RAM phase=4 error=0 allocs=2 frees=0 setup=4/0 bmi=2/0 type=8 stage=5
PREFIXFINAL mode=0 phase=3 reason=0 offset=32984 submitted=312 completed=312 streams=3 MAIN=32984 OWNERS=21168451 frame=3 USB=15969/0 BLE=2 raw=12 overwrites=628
UEFI PCI port: exclusive claim, fresh identity, BAR descriptor/bounds, memory-only enable, allowlisted IO, wake-before-release, ambiguous-write/cleanup retries, actual Command readback/Write16 fallback/stale API/drop-write retention PASS; MOCK HARDWARE ONLY
QWBT_MOCK=515742543030303101000000000000000a00000000000000010000000000000000000000000000000000000000000000000000000000000000000000010000000000000000000000000000000000000006000000002100000c0000000e00000000000000010002050800000005000000000000000000000000000000010000008f8b002fccfe81d42238f27dd1f56d189604f180bd4772c7c8e75ae1fef16f01
ACTUAL DRIVER POLL/USB/CE PREFIX NO134TH/BMI_DONE, OVERLAY/STATUS BOUNDS PASS
RAM phase=4 error=0 allocs=2 frees=0 setup=4/0 bmi=2/0 type=8 stage=5
PREFIXFINAL mode=1 phase=3 reason=1 offset=0 submitted=1 completed=0 streams=1 MAIN=24196 OWNERS=21168451 frame=2 USB=15347/0 BLE=2 raw=12 overwrites=6
UEFI PCI port: exclusive claim, fresh identity, BAR descriptor/bounds, memory-only enable, allowlisted IO, wake-before-release, ambiguous-write/cleanup retries, actual Command readback/Write16 fallback/stale API/drop-write retention PASS; MOCK HARDWARE ONLY
QWBT_MOCK=515742543030303101000000000000000a00000000000000010000000000000000000000000000000000000000000000000000000000000000000000010000000000000000000000000000000000000006000000002100000c0000000e00000000000000010002050800000005000000000000000000000000000000010000008f8b002fccfe81d42238f27dd1f56d189604f180bd4772c7c8e75ae1fef16f01
ACTUAL DRIVER POLL/USB/CE PREFIX NO134TH/BMI_DONE, OVERLAY/STATUS BOUNDS PASS
RAM phase=4 error=0 allocs=2 frees=0 setup=4/0 bmi=2/0 type=8 stage=5
PREFIXFINAL mode=2 phase=3 reason=2 offset=0 submitted=1 completed=0 streams=1 MAIN=24196 OWNERS=21168451 frame=2 USB=15347/0 BLE=2 raw=12 overwrites=6
UEFI PCI port: exclusive claim, fresh identity, BAR descriptor/bounds, memory-only enable, allowlisted IO, wake-before-release, ambiguous-write/cleanup retries, actual Command readback/Write16 fallback/stale API/drop-write retention PASS; MOCK HARDWARE ONLY
QWBT_MOCK=515742543030303101000000000000001100000000000000b3000000b300000000804000000000000000000000000000000000000000000000000000010000000000000000000000000000000000000006000000002100000c0000000e00000000000000010002050800000005000000000000000000000000000000010000008f8b002fccfe81d42238f27dd1f56d189604f180bd4772c7c8e75ae1fef16f01
ACTUAL DRIVER POLL/USB/CE PREFIX NO134TH/BMI_DONE, OVERLAY/STATUS BOUNDS PASS
RAM phase=4 error=0 allocs=2 frees=0 setup=4/0 bmi=2/0 type=8 stage=5
PREFIXFINAL mode=3 phase=3 reason=6 offset=0 submitted=179 completed=179 streams=3 MAIN=0 OWNERS=21168451 frame=2 USB=15704/0 BLE=2 raw=12 overwrites=363
UEFI PCI port: exclusive claim, fresh identity, BAR descriptor/bounds, memory-only enable, allowlisted IO, wake-before-release, ambiguous-write/cleanup retries, actual Command readback/Write16 fallback/stale API/drop-write retention PASS; MOCK HARDWARE ONLY
QWBT_MOCK=51574254303030310100000000000000110000000000000038010000380100000080400000000000d880000000000000000000000000000000000000010000000000000000000000000000000000000006000000002100000c0000000e00000000000000010002050800000005000000000000000000000000000000010000008f8b002fccfe81d42238f27dd1f56d189604f180bd4772c7c8e75ae1fef16f01
ACTUAL DRIVER POLL/USB/CE PREFIX NO134TH/BMI_DONE, OVERLAY/STATUS BOUNDS PASS
RAM phase=4 error=0 allocs=2 frees=0 setup=4/0 bmi=2/0 type=8 stage=5
PREFIXFINAL mode=4 phase=3 reason=0 offset=32984 submitted=312 completed=312 streams=3 MAIN=32984 OWNERS=21168451 frame=3 USB=15346/623 BLE=2 raw=12 overwrites=5
UEFI PCI port: exclusive claim, fresh identity, BAR descriptor/bounds, memory-only enable, allowlisted IO, wake-before-release, ambiguous-write/cleanup retries, actual Command readback/Write16 fallback/stale API/drop-write retention PASS; MOCK HARDWARE ONLY
QWBT_MOCK=51574254303030310100000000000000110000000000000038010000380100000080400000000000d880000000000000000000000000000000000000010000000000000000000000000000000000000006000000002100000c0000000e00000000000000010002050800000005000000000000000000000000000000010000008f8b002fccfe81d42238f27dd1f56d189604f180bd4772c7c8e75ae1fef16f01
ACTUAL DRIVER POLL/USB/CE PREFIX NO134TH/BMI_DONE, OVERLAY/STATUS BOUNDS PASS
RAM phase=4 error=0 allocs=2 frees=0 setup=4/0 bmi=2/0 type=8 stage=5
PREFIXFINAL mode=5 phase=3 reason=0 offset=32984 submitted=312 completed=312 streams=3 MAIN=32984 OWNERS=21168451 frame=3 USB=15969/0 BLE=1 raw=13 overwrites=627
UEFI PCI port: exclusive claim, fresh identity, BAR descriptor/bounds, memory-only enable, allowlisted IO, wake-before-release, ambiguous-write/cleanup retries, actual Command readback/Write16 fallback/stale API/drop-write retention PASS; MOCK HARDWARE ONLY
QWBT_MOCK=515742543030303101000000000000000c00000000000000030000000200000000000000000000000000000000000000000000000000000000000000010000000000000000000000000000000000000006000000002100000c0000000e00000000000000010002050800000005000000000000000000000000000000010000008f8b002fccfe81d42238f27dd1f56d189604f180bd4772c7c8e75ae1fef16f01
ACTUAL DRIVER POLL/USB/CE PREFIX NO134TH/BMI_DONE, OVERLAY/STATUS BOUNDS PASS
RAM phase=4 error=0 allocs=2 frees=0 setup=4/0 bmi=2/0 type=8 stage=5
PREFIXFINAL mode=6 phase=3 reason=5 offset=0 submitted=3 completed=2 streams=1 MAIN=24196 OWNERS=21168451 frame=2 USB=15351/0 BLE=2 raw=16 overwrites=5
UEFI PCI port: exclusive claim, fresh identity, BAR descriptor/bounds, memory-only enable, allowlisted IO, wake-before-release, ambiguous-write/cleanup retries, actual Command readback/Write16 fallback/stale API/drop-write retention PASS; MOCK HARDWARE ONLY
QWBT_MOCK=515742543030303101000000000000000a000000000000000100000000000000000000000000000000000000000000000000000000000000000000000100000004000000000000000100000001000000120000000000000004000000000000000e0000000100020508000000050000000000000000000000ff0f0000010000008f8b002fccfe81d42238f27dd1f56d189604f180bd4772c7c8e75ae1fef16f01
ACTUAL DRIVER POLL/USB/CE PREFIX NO134TH/BMI_DONE, OVERLAY/STATUS BOUNDS PASS
RAM phase=4 error=0 allocs=2 frees=0 setup=4/0 bmi=2/0 type=8 stage=5
PREFIXFINAL mode=9 phase=2 reason=6 offset=0 submitted=0 completed=0 streams=1 MAIN=24196 OWNERS=20971843 frame=1 USB=15328/0 BLE=2 raw=0 overwrites=0
