test_adv_off_status_without_complete_does_not_prove_shutdown (usbtests.UsbTests.test_adv_off_status_without_complete_does_not_prove_shutdown) ... ok
test_command_acceptance_does_not_prove_disconnection (usbtests.UsbTests.test_command_acceptance_does_not_prove_disconnection) ... ok
test_complete_21_byte_connection_passes_the_actual_usb_adapter (usbtests.UsbTests.test_complete_21_byte_connection_passes_the_actual_usb_adapter) ... ok
test_connection_during_adv_off_is_disconnected_before_unload (usbtests.UsbTests.test_connection_during_adv_off_is_disconnected_before_unload) ... ok
test_disconnect_command_complete_does_not_prove_disconnection (usbtests.UsbTests.test_disconnect_command_complete_does_not_prove_disconnection) ... ok
test_event_prefix_bound_and_oversized_length_have_no_unsafe_copy (usbtests.UsbTests.test_event_prefix_bound_and_oversized_length_have_no_unsafe_copy) ... ok
test_exact_target_bind_is_read_only_and_releases_handles (usbtests.UsbTests.test_exact_target_bind_is_read_only_and_releases_handles) ... ok
test_final_reset_requires_complete_before_unload (usbtests.UsbTests.test_final_reset_requires_complete_before_unload) ... ok
test_finite_budget_handles_synthetic_multi_transaction_event (usbtests.UsbTests.test_finite_budget_handles_synthetic_multi_transaction_event) ... ok
test_mask_observations_are_actual_submitted_control_bytes (usbtests.UsbTests.test_mask_observations_are_actual_submitted_control_bytes) ... ok
test_poll_diagnostic_codes_keep_unknown_radio_bound (usbtests.UsbTests.test_poll_diagnostic_codes_keep_unknown_radio_bound) ... ok
test_raw_event_observation_precedes_parser_rejection (usbtests.UsbTests.test_raw_event_observation_precedes_parser_rejection) ... ok
test_shutdown_requires_matching_adv_off_and_disconnect (usbtests.UsbTests.test_shutdown_requires_matching_adv_off_and_disconnect) ... ok
test_timeout_is_not_reported_as_valid_hci_bytes (usbtests.UsbTests.test_timeout_is_not_reported_as_valid_hci_bytes) ... ok
test_timeout_or_unrelated_event_does_not_claim_shutdown (usbtests.UsbTests.test_timeout_or_unrelated_event_does_not_claim_shutdown) ... ok
test_unreported_timeout_cannot_distinguish_idle_from_lost_connection (usbtests.UsbTests.test_unreported_timeout_cannot_distinguish_idle_from_lost_connection) ... ok
test_wrong_connection_handle_does_not_prove_disconnection (usbtests.UsbTests.test_wrong_connection_handle_does_not_prove_disconnection) ... ok
test_wrong_duplicate_and_invalid_endpoints_fail_closed (usbtests.UsbTests.test_wrong_duplicate_and_invalid_endpoints_fail_closed) ... ok

----------------------------------------------------------------------
Ran 18 tests in 0.325s

OK
