UEFI PCI port: exclusive claim, fresh identity, BAR descriptor/bounds, memory-only enable, allowlisted IO, wake-before-release, ambiguous-write/cleanup retries, actual Command readback/Write16 fallback/stale API/drop-write retention PASS; MOCK HARDWARE ONLY
FILTER63_ACTUAL_PRODUCER_SYNTHETIC filter3/ECHO/HTT3.56/passiveSSID/raw22/all14 PASS
PERSISTENT_MOCK active_ticks=25 fault=0 startup=0 phase=4 polls=98 ALL14 RELEASE PASS
WMI_INIT_MOCK phase2/error0 transaction4 tx1 rx1 fault0 ALL14 RELEASED PASS
OPERATING_MOCK phase2/error0 tx3 rx4 fault35 SAFE RELEASE PASS
QWBT_MOCK=5157425430303031050000000000000014000000000000002a0c00002a0c000000804000000000000000000014000000020000000007000004000000010000000000000000000000000000000000000006000000002100000c0000000e00000000000000010002050800000005000000000000000000000000000000010000008f8b002fccfe81d42238f27dd1f56d189604f180bd4772c7c8e75ae1fef16f01
LEGACY WRITES BLOCKED WHILE OWNED; DELEGATED AFTER COMPLETE CLEANUP; ASSET SEALED PASS
ACTUAL ENTRYPOINT TWO LIFETIMES fault35 PASS; SYNTHETIC RADIO/HTC ONLY
RAM phase=4 error=0 allocs=2 frees=0 setup=4/0 bmi=2/0 type=8 stage=5
SECOND phase=5 error=0 plan=20/0 streams=3 exec=2 stage=6/8448 pins=0 alloc=14 free=14 open=2 close=2
STARTUP phase=2 err=0 transaction=4 ready=1 tx=1 rx=1 early=0
INIT COUNTS tx=1 rx=1 posted=0 available=2 outstanding=0
PERSISTENT_FINAL phase=4 error=0 life_error=0 active=25 stop=1 polls=98
UEFI PCI port: exclusive claim, fresh identity, BAR descriptor/bounds, memory-only enable, allowlisted IO, wake-before-release, ambiguous-write/cleanup retries, actual Command readback/Write16 fallback/stale API/drop-write retention PASS; MOCK HARDWARE ONLY
FILTER63_ACTUAL_PRODUCER_SYNTHETIC filter3/ECHO/HTT3.56/passiveSSID/raw22/all14 PASS
PERSISTENT_MOCK active_ticks=26 fault=0 startup=0 phase=4 polls=101 ALL14 RELEASE PASS
WMI_INIT_MOCK phase2/error0 transaction4 tx1 rx1 fault0 ALL14 RELEASED PASS
OPERATING_MOCK phase2/error0 tx3 rx4 fault35 SAFE RELEASE PASS
QWBT_MOCK=5157425430303031050000000000000014000000000000002a0c00002a0c000000804000000000000000000014000000020000000007000004000000010000000000000000000000000000000000000006000000002100000c0000000e00000000000000010002050800000005000000000000000000000000000000010000008f8b002fccfe81d42238f27dd1f56d189604f180bd4772c7c8e75ae1fef16f01
LEGACY WRITES BLOCKED WHILE OWNED; DELEGATED AFTER COMPLETE CLEANUP; ASSET SEALED PASS
ACTUAL ENTRYPOINT TWO LIFETIMES fault35 PASS; SYNTHETIC RADIO/HTC ONLY
RAM phase=4 error=0 allocs=2 frees=0 setup=4/0 bmi=2/0 type=8 stage=5
SECOND phase=5 error=0 plan=20/0 streams=3 exec=2 stage=6/8448 pins=0 alloc=14 free=14 open=2 close=2
STARTUP phase=2 err=0 transaction=4 ready=1 tx=1 rx=1 early=0
INIT COUNTS tx=1 rx=1 posted=0 available=2 outstanding=0
PERSISTENT_FINAL phase=4 error=0 life_error=0 active=26 stop=1 polls=101
UEFI PCI port: exclusive claim, fresh identity, BAR descriptor/bounds, memory-only enable, allowlisted IO, wake-before-release, ambiguous-write/cleanup retries, actual Command readback/Write16 fallback/stale API/drop-write retention PASS; MOCK HARDWARE ONLY
FILTER63_ACTUAL_PRODUCER_SYNTHETIC filter3/ECHO/HTT3.56/passiveSSID/raw22/all14 PASS
PERSISTENT_MOCK active_ticks=2006 fault=0 startup=0 phase=4 polls=4036 ALL14 RELEASE PASS
WMI_INIT_MOCK phase2/error0 transaction4 tx1 rx1 fault0 ALL14 RELEASED PASS
OPERATING_MOCK phase2/error0 tx3 rx4 fault35 SAFE RELEASE PASS
QWBT_MOCK=5157425430303031050000000000000014000000000000002a0c00002a0c000000804000000000000000000014000000020000000007000004000000010000000000000000000000000000000000000006000000002100000c0000000e00000000000000010002050800000005000000000000000000000000000000010000008f8b002fccfe81d42238f27dd1f56d189604f180bd4772c7c8e75ae1fef16f01
LEGACY WRITES BLOCKED WHILE OWNED; DELEGATED AFTER COMPLETE CLEANUP; ASSET SEALED PASS
ACTUAL ENTRYPOINT TWO LIFETIMES fault35 PASS; SYNTHETIC RADIO/HTC ONLY
RAM phase=4 error=0 allocs=2 frees=0 setup=4/0 bmi=2/0 type=8 stage=5
SECOND phase=5 error=0 plan=20/0 streams=3 exec=2 stage=6/8448 pins=0 alloc=14 free=14 open=2 close=2
STARTUP phase=2 err=0 transaction=4 ready=1 tx=1 rx=1 early=0
INIT COUNTS tx=1 rx=1 posted=0 available=0 outstanding=2
PERSISTENT_FINAL phase=4 error=0 life_error=0 active=2006 stop=1 polls=4036
UEFI PCI port: exclusive claim, fresh identity, BAR descriptor/bounds, memory-only enable, allowlisted IO, wake-before-release, ambiguous-write/cleanup retries, actual Command readback/Write16 fallback/stale API/drop-write retention PASS; MOCK HARDWARE ONLY
FILTER63_ACTUAL_PRODUCER_SYNTHETIC filter3/ECHO/HTT3.56/passiveSSID/raw22/all14 PASS
PERSISTENT_MOCK active_ticks=25 fault=0 startup=0 phase=4 polls=98 ALL14 RELEASE PASS
WMI_INIT_MOCK phase2/error0 transaction4 tx1 rx1 fault0 ALL14 RELEASED PASS
OPERATING_MOCK phase2/error0 tx3 rx4 fault35 SAFE RELEASE PASS
QWBT_MOCK=5157425430303031050000000000000014000000000000002a0c00002a0c000000804000000000000000000014000000020000000007000004000000010000000000000000000000000000000000000006000000002100000c0000000e00000000000000010002050800000005000000000000000000000000000000010000008f8b002fccfe81d42238f27dd1f56d189604f180bd4772c7c8e75ae1fef16f01
LEGACY WRITES BLOCKED WHILE OWNED; DELEGATED AFTER COMPLETE CLEANUP; ASSET SEALED PASS
ACTUAL ENTRYPOINT TWO LIFETIMES fault35 PASS; SYNTHETIC RADIO/HTC ONLY
RAM phase=4 error=0 allocs=2 frees=0 setup=4/0 bmi=2/0 type=8 stage=5
SECOND phase=5 error=0 plan=20/0 streams=3 exec=2 stage=6/8448 pins=0 alloc=14 free=14 open=2 close=2
STARTUP phase=2 err=0 transaction=4 ready=1 tx=1 rx=1 early=0
INIT COUNTS tx=1 rx=1 posted=0 available=2 outstanding=0
PERSISTENT_FINAL phase=4 error=0 life_error=0 active=25 stop=1 polls=98
UEFI PCI port: exclusive claim, fresh identity, BAR descriptor/bounds, memory-only enable, allowlisted IO, wake-before-release, ambiguous-write/cleanup retries, actual Command readback/Write16 fallback/stale API/drop-write retention PASS; MOCK HARDWARE ONLY
FILTER63_ACTUAL_PRODUCER_SYNTHETIC filter3/ECHO/HTT3.56/passiveSSID/raw22/all14 PASS
PERSISTENT_MOCK active_ticks=24 fault=0 startup=0 phase=4 polls=95 ALL14 RELEASE PASS
WMI_INIT_MOCK phase2/error0 transaction4 tx1 rx1 fault0 ALL14 RELEASED PASS
OPERATING_MOCK phase2/error0 tx3 rx4 fault35 SAFE RELEASE PASS
QWBT_MOCK=5157425430303031050000000000000014000000000000002a0c00002a0c000000804000000000000000000014000000020000000007000004000000010000000000000000000000000000000000000006000000002100000c0000000e00000000000000010002050800000005000000000000000000000000000000010000008f8b002fccfe81d42238f27dd1f56d189604f180bd4772c7c8e75ae1fef16f01
LEGACY WRITES BLOCKED WHILE OWNED; DELEGATED AFTER COMPLETE CLEANUP; ASSET SEALED PASS
ACTUAL ENTRYPOINT TWO LIFETIMES fault35 PASS; SYNTHETIC RADIO/HTC ONLY
RAM phase=4 error=0 allocs=2 frees=0 setup=4/0 bmi=2/0 type=8 stage=5
SECOND phase=5 error=0 plan=20/0 streams=3 exec=2 stage=6/8448 pins=0 alloc=14 free=14 open=2 close=2
STARTUP phase=2 err=0 transaction=4 ready=1 tx=1 rx=1 early=0
INIT COUNTS tx=1 rx=1 posted=0 available=2 outstanding=0
PERSISTENT_FINAL phase=4 error=0 life_error=0 active=24 stop=1 polls=95
UEFI PCI port: exclusive claim, fresh identity, BAR descriptor/bounds, memory-only enable, allowlisted IO, wake-before-release, ambiguous-write/cleanup retries, actual Command readback/Write16 fallback/stale API/drop-write retention PASS; MOCK HARDWARE ONLY
FILTER63_ACTUAL_PRODUCER_SYNTHETIC filter3/ECHO/HTT3.56/passiveSSID/raw22/all14 PASS
PERSISTENT_MOCK active_ticks=2009 fault=0 startup=0 phase=4 polls=6048 ALL14 RELEASE PASS
WMI_INIT_MOCK phase2/error0 transaction4 tx1 rx1 fault0 ALL14 RELEASED PASS
OPERATING_MOCK phase2/error0 tx3 rx4 fault35 SAFE RELEASE PASS
QWBT_MOCK=5157425430303031050000000000000014000000000000002a0c00002a0c000000804000000000000000000014000000020000000007000004000000010000000000000000000000000000000000000006000000002100000c0000000e00000000000000010002050800000005000000000000000000000000000000010000008f8b002fccfe81d42238f27dd1f56d189604f180bd4772c7c8e75ae1fef16f01
LEGACY WRITES BLOCKED WHILE OWNED; DELEGATED AFTER COMPLETE CLEANUP; ASSET SEALED PASS
ACTUAL ENTRYPOINT TWO LIFETIMES fault35 PASS; SYNTHETIC RADIO/HTC ONLY
RAM phase=4 error=0 allocs=2 frees=0 setup=4/0 bmi=2/0 type=8 stage=5
SECOND phase=5 error=0 plan=20/0 streams=3 exec=2 stage=6/8448 pins=0 alloc=14 free=14 open=2 close=2
STARTUP phase=2 err=0 transaction=4 ready=1 tx=1 rx=1 early=0
INIT COUNTS tx=1 rx=1 posted=0 available=2 outstanding=0
PERSISTENT_FINAL phase=4 error=0 life_error=0 active=2009 stop=1 polls=6048
UEFI PCI port: exclusive claim, fresh identity, BAR descriptor/bounds, memory-only enable, allowlisted IO, wake-before-release, ambiguous-write/cleanup retries, actual Command readback/Write16 fallback/stale API/drop-write retention PASS; MOCK HARDWARE ONLY
FILTER63_ACTUAL_PRODUCER_SYNTHETIC filter3/ECHO/HTT3.56/passiveSSID/raw22/all14 PASS
PERSISTENT_MOCK active_ticks=11 fault=0 startup=0 phase=4 polls=54 ALL14 RELEASE PASS
WMI_INIT_MOCK phase2/error0 transaction4 tx1 rx1 fault0 ALL14 RELEASED PASS
OPERATING_MOCK phase2/error0 tx3 rx4 fault35 SAFE RELEASE PASS
QWBT_MOCK=5157425430303031050000000000000014000000000000002a0c00002a0c000000804000000000000000000014000000020000000007000004000000010000000000000000000000000000000000000006000000002100000c0000000e00000000000000010002050800000005000000000000000000000000000000010000008f8b002fccfe81d42238f27dd1f56d189604f180bd4772c7c8e75ae1fef16f01
LEGACY WRITES BLOCKED WHILE OWNED; DELEGATED AFTER COMPLETE CLEANUP; ASSET SEALED PASS
ACTUAL ENTRYPOINT TWO LIFETIMES fault35 PASS; SYNTHETIC RADIO/HTC ONLY
RAM phase=4 error=0 allocs=2 frees=0 setup=4/0 bmi=2/0 type=8 stage=5
SECOND phase=5 error=0 plan=20/0 streams=3 exec=2 stage=6/8448 pins=0 alloc=14 free=14 open=2 close=2
STARTUP phase=2 err=0 transaction=4 ready=1 tx=1 rx=1 early=0
INIT COUNTS tx=1 rx=1 posted=0 available=1 outstanding=1
PERSISTENT_FINAL phase=4 error=0 life_error=0 active=11 stop=1 polls=54
UEFI PCI port: exclusive claim, fresh identity, BAR descriptor/bounds, memory-only enable, allowlisted IO, wake-before-release, ambiguous-write/cleanup retries, actual Command readback/Write16 fallback/stale API/drop-write retention PASS; MOCK HARDWARE ONLY
FILTER63_ACTUAL_PRODUCER_SYNTHETIC filter3/ECHO/HTT3.56/passiveSSID/raw22/all14 PASS
PERSISTENT_MOCK active_ticks=21 fault=0 startup=0 phase=4 polls=85 ALL14 RELEASE PASS
WMI_INIT_MOCK phase2/error0 transaction4 tx1 rx1 fault0 ALL14 RELEASED PASS
OPERATING_MOCK phase2/error0 tx3 rx4 fault35 SAFE RELEASE PASS
QWBT_MOCK=5157425430303031050000000000000014000000000000002a0c00002a0c000000804000000000000000000014000000020000000007000004000000010000000000000000000000000000000000000006000000002100000c0000000e00000000000000010002050800000005000000000000000000000000000000010000008f8b002fccfe81d42238f27dd1f56d189604f180bd4772c7c8e75ae1fef16f01
LEGACY WRITES BLOCKED WHILE OWNED; DELEGATED AFTER COMPLETE CLEANUP; ASSET SEALED PASS
ACTUAL ENTRYPOINT TWO LIFETIMES fault35 PASS; SYNTHETIC RADIO/HTC ONLY
RAM phase=4 error=0 allocs=2 frees=0 setup=4/0 bmi=2/0 type=8 stage=5
SECOND phase=5 error=0 plan=20/0 streams=3 exec=2 stage=6/8448 pins=0 alloc=14 free=14 open=2 close=2
STARTUP phase=2 err=0 transaction=4 ready=1 tx=1 rx=1 early=0
INIT COUNTS tx=1 rx=1 posted=0 available=2 outstanding=0
PERSISTENT_FINAL phase=4 error=0 life_error=0 active=21 stop=1 polls=85
UEFI PCI port: exclusive claim, fresh identity, BAR descriptor/bounds, memory-only enable, allowlisted IO, wake-before-release, ambiguous-write/cleanup retries, actual Command readback/Write16 fallback/stale API/drop-write retention PASS; MOCK HARDWARE ONLY
FILTER63_ACTUAL_PRODUCER_SYNTHETIC filter3/ECHO/HTT3.56/passiveSSID/raw22/all14 PASS
PERSISTENT_MOCK active_ticks=26 fault=0 startup=0 phase=4 polls=101 ALL14 RELEASE PASS
WMI_INIT_MOCK phase2/error0 transaction4 tx1 rx1 fault0 ALL14 RELEASED PASS
OPERATING_MOCK phase2/error0 tx3 rx4 fault35 SAFE RELEASE PASS
QWBT_MOCK=5157425430303031050000000000000014000000000000002a0c00002a0c000000804000000000000000000014000000020000000007000004000000010000000000000000000000000000000000000006000000002100000c0000000e00000000000000010002050800000005000000000000000000000000000000010000008f8b002fccfe81d42238f27dd1f56d189604f180bd4772c7c8e75ae1fef16f01
LEGACY WRITES BLOCKED WHILE OWNED; DELEGATED AFTER COMPLETE CLEANUP; ASSET SEALED PASS
ACTUAL ENTRYPOINT TWO LIFETIMES fault35 PASS; SYNTHETIC RADIO/HTC ONLY
RAM phase=4 error=0 allocs=2 frees=0 setup=4/0 bmi=2/0 type=8 stage=5
SECOND phase=5 error=0 plan=20/0 streams=3 exec=2 stage=6/8448 pins=0 alloc=14 free=14 open=2 close=2
STARTUP phase=2 err=0 transaction=4 ready=1 tx=1 rx=1 early=0
INIT COUNTS tx=1 rx=1 posted=0 available=2 outstanding=0
PERSISTENT_FINAL phase=4 error=0 life_error=0 active=26 stop=1 polls=101
UEFI PCI port: exclusive claim, fresh identity, BAR descriptor/bounds, memory-only enable, allowlisted IO, wake-before-release, ambiguous-write/cleanup retries, actual Command readback/Write16 fallback/stale API/drop-write retention PASS; MOCK HARDWARE ONLY
FILTER63_ACTUAL_PRODUCER_SYNTHETIC filter3/ECHO/HTT3.56/passiveSSID/raw22/all14 PASS
PERSISTENT_MOCK active_ticks=10022 fault=0 startup=0 phase=4 polls=30090 ALL14 RELEASE PASS
WMI_INIT_MOCK phase2/error0 transaction4 tx1 rx1 fault0 ALL14 RELEASED PASS
OPERATING_MOCK phase2/error0 tx3 rx4 fault35 SAFE RELEASE PASS
QWBT_MOCK=5157425430303031050000000000000014000000000000002a0c00002a0c000000804000000000000000000014000000020000000007000004000000010000000000000000000000000000000000000006000000002100000c0000000e00000000000000010002050800000005000000000000000000000000000000010000008f8b002fccfe81d42238f27dd1f56d189604f180bd4772c7c8e75ae1fef16f01
LEGACY WRITES BLOCKED WHILE OWNED; DELEGATED AFTER COMPLETE CLEANUP; ASSET SEALED PASS
ACTUAL ENTRYPOINT TWO LIFETIMES fault35 PASS; SYNTHETIC RADIO/HTC ONLY
RAM phase=4 error=0 allocs=2 frees=0 setup=4/0 bmi=2/0 type=8 stage=5
SECOND phase=5 error=0 plan=20/0 streams=3 exec=2 stage=6/8448 pins=0 alloc=14 free=14 open=2 close=2
STARTUP phase=2 err=0 transaction=4 ready=1 tx=1 rx=1 early=0
INIT COUNTS tx=1 rx=1 posted=0 available=2 outstanding=0
PERSISTENT_FINAL phase=4 error=0 life_error=0 active=10022 stop=1 polls=30090
UEFI PCI port: exclusive claim, fresh identity, BAR descriptor/bounds, memory-only enable, allowlisted IO, wake-before-release, ambiguous-write/cleanup retries, actual Command readback/Write16 fallback/stale API/drop-write retention PASS; MOCK HARDWARE ONLY
FILTER63_ACTUAL_PRODUCER_SYNTHETIC filter3/ECHO/HTT3.56/passiveSSID/raw22/all14 PASS
PERSISTENT_MOCK active_ticks=8 fault=0 startup=0 phase=4 polls=40 ALL14 RELEASE PASS
WMI_INIT_MOCK phase2/error0 transaction4 tx1 rx1 fault0 ALL14 RELEASED PASS
OPERATING_MOCK phase2/error0 tx3 rx4 fault35 SAFE RELEASE PASS
QWBT_MOCK=5157425430303031050000000000000014000000000000002a0c00002a0c000000804000000000000000000014000000020000000007000004000000010000000000000000000000000000000000000006000000002100000c0000000e00000000000000010002050800000005000000000000000000000000000000010000008f8b002fccfe81d42238f27dd1f56d189604f180bd4772c7c8e75ae1fef16f01
LEGACY WRITES BLOCKED WHILE OWNED; DELEGATED AFTER COMPLETE CLEANUP; ASSET SEALED PASS
ACTUAL ENTRYPOINT TWO LIFETIMES fault35 PASS; SYNTHETIC RADIO/HTC ONLY
RAM phase=4 error=0 allocs=2 frees=0 setup=4/0 bmi=2/0 type=8 stage=5
SECOND phase=5 error=0 plan=20/0 streams=3 exec=2 stage=6/8448 pins=0 alloc=14 free=14 open=2 close=2
STARTUP phase=2 err=0 transaction=4 ready=1 tx=1 rx=1 early=0
INIT COUNTS tx=1 rx=1 posted=0 available=2 outstanding=0
PERSISTENT_FINAL phase=4 error=0 life_error=0 active=8 stop=1 polls=40
UEFI PCI port: exclusive claim, fresh identity, BAR descriptor/bounds, memory-only enable, allowlisted IO, wake-before-release, ambiguous-write/cleanup retries, actual Command readback/Write16 fallback/stale API/drop-write retention PASS; MOCK HARDWARE ONLY
FILTER63_ACTUAL_PRODUCER_SYNTHETIC filter3/ECHO/HTT3.56/passiveSSID/raw22/all14 PASS
PERSISTENT_MOCK active_ticks=3000 fault=0 startup=0 phase=4 polls=3032 ALL14 RELEASE PASS
WMI_INIT_MOCK phase2/error0 transaction4 tx1 rx1 fault0 ALL14 RELEASED PASS
OPERATING_MOCK phase2/error0 tx3 rx4 fault35 SAFE RELEASE PASS
QWBT_MOCK=5157425430303031050000000000000014000000000000002a0c00002a0c000000804000000000000000000014000000020000000007000004000000010000000000000000000000000000000000000006000000002100000c0000000e00000000000000010002050800000005000000000000000000000000000000010000008f8b002fccfe81d42238f27dd1f56d189604f180bd4772c7c8e75ae1fef16f01
LEGACY WRITES BLOCKED WHILE OWNED; DELEGATED AFTER COMPLETE CLEANUP; ASSET SEALED PASS
ACTUAL ENTRYPOINT TWO LIFETIMES fault35 PASS; SYNTHETIC RADIO/HTC ONLY
RAM phase=4 error=0 allocs=2 frees=0 setup=4/0 bmi=2/0 type=8 stage=5
SECOND phase=5 error=0 plan=20/0 streams=3 exec=2 stage=6/8448 pins=0 alloc=14 free=14 open=2 close=2
STARTUP phase=2 err=0 transaction=4 ready=1 tx=1 rx=1 early=0
INIT COUNTS tx=1 rx=1 posted=0 available=2 outstanding=0
PERSISTENT_FINAL phase=4 error=0 life_error=0 active=3000 stop=1 polls=3032
UEFI PCI port: exclusive claim, fresh identity, BAR descriptor/bounds, memory-only enable, allowlisted IO, wake-before-release, ambiguous-write/cleanup retries, actual Command readback/Write16 fallback/stale API/drop-write retention PASS; MOCK HARDWARE ONLY
FILTER63_ACTUAL_PRODUCER_SYNTHETIC filter3/ECHO/HTT3.56/passiveSSID/raw22/all14 PASS
PERSISTENT_MOCK active_ticks=9 fault=0 startup=0 phase=4 polls=44 ALL14 RELEASE PASS
WMI_INIT_MOCK phase2/error0 transaction4 tx1 rx1 fault0 ALL14 RELEASED PASS
OPERATING_MOCK phase2/error0 tx3 rx4 fault35 SAFE RELEASE PASS
QWBT_MOCK=5157425430303031050000000000000014000000000000002a0c00002a0c000000804000000000000000000014000000020000000007000004000000010000000000000000000000000000000000000006000000002100000c0000000e00000000000000010002050800000005000000000000000000000000000000010000008f8b002fccfe81d42238f27dd1f56d189604f180bd4772c7c8e75ae1fef16f01
LEGACY WRITES BLOCKED WHILE OWNED; DELEGATED AFTER COMPLETE CLEANUP; ASSET SEALED PASS
ACTUAL ENTRYPOINT TWO LIFETIMES fault35 PASS; SYNTHETIC RADIO/HTC ONLY
RAM phase=4 error=0 allocs=2 frees=0 setup=4/0 bmi=2/0 type=8 stage=5
SECOND phase=5 error=0 plan=20/0 streams=3 exec=2 stage=6/8448 pins=0 alloc=14 free=14 open=2 close=2
STARTUP phase=2 err=0 transaction=4 ready=1 tx=1 rx=1 early=0
INIT COUNTS tx=1 rx=1 posted=0 available=2 outstanding=0
PERSISTENT_FINAL phase=4 error=0 life_error=0 active=9 stop=1 polls=44
UEFI PCI port: exclusive claim, fresh identity, BAR descriptor/bounds, memory-only enable, allowlisted IO, wake-before-release, ambiguous-write/cleanup retries, actual Command readback/Write16 fallback/stale API/drop-write retention PASS; MOCK HARDWARE ONLY
FILTER63_ACTUAL_PRODUCER_SYNTHETIC filter3/ECHO/HTT3.56/passiveSSID/raw22/all14 PASS
PERSISTENT_MOCK active_ticks=25 fault=0 startup=1 phase=4 polls=98 ALL14 RELEASE PASS
WMI_INIT_MOCK phase2/error0 transaction4 tx1 rx2 fault1 ALL14 RELEASED PASS
OPERATING_MOCK phase2/error0 tx3 rx4 fault35 SAFE RELEASE PASS
QWBT_MOCK=5157425430303031050000000000000014000000000000002a0c00002a0c000000804000000000000000000014000000020000000007000004000000010000000000000000000000000000000000000006000000002100000c0000000e00000000000000010002050800000005000000000000000000000000000000010000008f8b002fccfe81d42238f27dd1f56d189604f180bd4772c7c8e75ae1fef16f01
LEGACY WRITES BLOCKED WHILE OWNED; DELEGATED AFTER COMPLETE CLEANUP; ASSET SEALED PASS
ACTUAL ENTRYPOINT TWO LIFETIMES fault35 PASS; SYNTHETIC RADIO/HTC ONLY
RAM phase=4 error=0 allocs=2 frees=0 setup=4/0 bmi=2/0 type=8 stage=5
SECOND phase=5 error=0 plan=20/0 streams=3 exec=2 stage=6/8448 pins=0 alloc=14 free=14 open=2 close=2
STARTUP phase=2 err=0 transaction=4 ready=1 tx=1 rx=2 early=1
INIT COUNTS tx=1 rx=2 posted=0 available=2 outstanding=0
PERSISTENT_FINAL phase=4 error=0 life_error=0 active=25 stop=1 polls=98
UEFI PCI port: exclusive claim, fresh identity, BAR descriptor/bounds, memory-only enable, allowlisted IO, wake-before-release, ambiguous-write/cleanup retries, actual Command readback/Write16 fallback/stale API/drop-write retention PASS; MOCK HARDWARE ONLY
FILTER63_ACTUAL_PRODUCER_SYNTHETIC filter3/ECHO/HTT3.56/passiveSSID/raw22/all14 PASS
PERSISTENT_MOCK active_ticks=22 fault=0 startup=0 phase=4 polls=54 ALL14 RELEASE PASS
WMI_INIT_MOCK phase2/error0 transaction4 tx1 rx1 fault0 ALL14 RELEASED PASS
OPERATING_MOCK phase2/error0 tx3 rx4 fault35 SAFE RELEASE PASS
QWBT_MOCK=5157425430303031050000000000000014000000000000002a0c00002a0c000000804000000000000000000014000000020000000007000004000000010000000000000000000000000000000000000006000000002100000c0000000e00000000000000010002050800000005000000000000000000000000000000010000008f8b002fccfe81d42238f27dd1f56d189604f180bd4772c7c8e75ae1fef16f01
LEGACY WRITES BLOCKED WHILE OWNED; DELEGATED AFTER COMPLETE CLEANUP; ASSET SEALED PASS
ACTUAL ENTRYPOINT TWO LIFETIMES fault35 PASS; SYNTHETIC RADIO/HTC ONLY
RAM phase=4 error=0 allocs=2 frees=0 setup=4/0 bmi=2/0 type=8 stage=5
SECOND phase=5 error=0 plan=20/0 streams=3 exec=2 stage=6/8448 pins=0 alloc=14 free=14 open=2 close=2
STARTUP phase=2 err=0 transaction=4 ready=1 tx=1 rx=1 early=0
INIT COUNTS tx=1 rx=1 posted=0 available=2 outstanding=0
PERSISTENT_FINAL phase=4 error=0 life_error=0 active=22 stop=1 polls=54
UEFI PCI port: exclusive claim, fresh identity, BAR descriptor/bounds, memory-only enable, allowlisted IO, wake-before-release, ambiguous-write/cleanup retries, actual Command readback/Write16 fallback/stale API/drop-write retention PASS; MOCK HARDWARE ONLY
FILTER63_ACTUAL_PRODUCER_SYNTHETIC filter3/ECHO/HTT3.56/passiveSSID/raw22/all14 PASS
PERSISTENT_MOCK active_ticks=26 fault=0 startup=0 phase=4 polls=101 ALL14 RELEASE PASS
WMI_INIT_MOCK phase2/error0 transaction4 tx1 rx1 fault0 ALL14 RELEASED PASS
OPERATING_MOCK phase2/error0 tx3 rx4 fault35 SAFE RELEASE PASS
QWBT_MOCK=5157425430303031050000000000000014000000000000002a0c00002a0c000000804000000000000000000014000000020000000007000004000000010000000000000000000000000000000000000006000000002100000c0000000e00000000000000010002050800000005000000000000000000000000000000010000008f8b002fccfe81d42238f27dd1f56d189604f180bd4772c7c8e75ae1fef16f01
LEGACY WRITES BLOCKED WHILE OWNED; DELEGATED AFTER COMPLETE CLEANUP; ASSET SEALED PASS
ACTUAL ENTRYPOINT TWO LIFETIMES fault35 PASS; SYNTHETIC RADIO/HTC ONLY
RAM phase=4 error=0 allocs=2 frees=0 setup=4/0 bmi=2/0 type=8 stage=5
SECOND phase=5 error=0 plan=20/0 streams=3 exec=2 stage=6/8448 pins=0 alloc=14 free=14 open=2 close=2
STARTUP phase=2 err=0 transaction=4 ready=1 tx=1 rx=1 early=0
INIT COUNTS tx=1 rx=1 posted=0 available=2 outstanding=0
PERSISTENT_FINAL phase=4 error=0 life_error=0 active=26 stop=1 polls=101
ACTUAL63_HANDOVER 92 combinations/negative checks PASS; synthetic only
