MAC SENDER COMPILED; SOURCE SHA256=ac6edb0351e8427b798a0431f6fb386c7d6ce4447fb6cb931089c381e4ce7b8e
STATUS VALIDATOR SHA256=0effa86b79fb69e27b0252fc3ff327e8b89d96da1f78c05b0fe50ed626457b2f
STAGING DIAGNOSTIC DATA DELAY=50 ms; NO COMMIT
DATA CHUNK LIMIT=100 bytes (excluding offset)
SCANNING FOR RABBIT FILE SERVICE (not identity authentication)
DISCOVERED: F45BFCB2-ABC2-AB4E-BB0F-310A54D424AF RSSI=-70; connecting
CONNECTED: discovering file service
SERVICE DISCOVERY: count=1 error=none
CHARACTERISTIC DISCOVERY: count=3
BEGIN: acknowledged write; maximum value bytes=512
CONTROL ACK: phase=1; reading application status
RESUME OFFSET=78300/164128
STAGING CHECKPOINT=82400/164128 (not applied)
STAGING CHECKPOINT=86500/164128 (not applied)
STAGING CHECKPOINT=90600/164128 (not applied)
STAGING CHECKPOINT=94700/164128 (not applied)
STAGING CHECKPOINT=98800/164128 (not applied)
STAGING CHECKPOINT=102900/164128 (not applied)
STAGING CHECKPOINT=107000/164128 (not applied)
STAGING CHECKPOINT=111100/164128 (not applied)
STAGING CHECKPOINT=115200/164128 (not applied)
STAGING CHECKPOINT=119300/164128 (not applied)
STAGING CHECKPOINT=123400/164128 (not applied)
STAGING CHECKPOINT=127500/164128 (not applied)
STAGING CHECKPOINT=131600/164128 (not applied)
STAGING CHECKPOINT=135700/164128 (not applied)
STAGING CHECKPOINT=139800/164128 (not applied)
STAGING CHECKPOINT=143900/164128 (not applied)
STAGING CHECKPOINT=148000/164128 (not applied)
STAGING CHECKPOINT=152100/164128 (not applied)
STAGING CHECKPOINT=156200/164128 (not applied)
FAIL: 300-second bounded timeout; application outcome may be unknown; staging retained if Dell remains powered
