UEFI PCI port: exclusive claim, fresh identity, BAR descriptor/bounds, memory-only enable, allowlisted IO, wake-before-release, ambiguous-write/cleanup retries, actual Command readback/Write16 fallback/stale API/drop-write retention PASS; MOCK HARDWARE ONLY
PERSISTENT_MOCK active_ticks=10000 fault=0 startup=0 phase=4 polls=10019 ALL14 RELEASE PASS
WMI_INIT_MOCK phase2/error0 transaction4 tx1 rx1 fault0 ALL14 RELEASED PASS
OPERATING_MOCK phase2/error0 tx3 rx4 fault35 SAFE RELEASE PASS
QWBT_MOCK=5157425430303031050000000000000014000000000000002a0c00002a0c000000804000000000000000000014000000080000000001000009000000010000000000000000000000000000000000000006000000002100000c0000000e00000000000000010002050800000005000000000000000000000000000000010000008f8b002fccfe81d42238f27dd1f56d189604f180bd4772c7c8e75ae1fef16f01
LEGACY WRITES BLOCKED WHILE OWNED; DELEGATED AFTER COMPLETE CLEANUP; ASSET SEALED PASS
ACTUAL ENTRYPOINT TWO LIFETIMES fault35 PASS; SYNTHETIC RADIO/HTC ONLY
RAM phase=4 error=0 allocs=2 frees=0 setup=4/0 bmi=2/0 type=8 stage=5
SECOND phase=5 error=0 plan=20/0 streams=3 exec=2 stage=6/8448 pins=0 alloc=14 free=14 open=2 close=2
INIT COUNTS tx=1 rx=1 posted=0 available=8 outstanding=0
PERSISTENT_FINAL phase=4 error=0 life_error=0 active=10000 stop=1 polls=10019
UEFI PCI port: exclusive claim, fresh identity, BAR descriptor/bounds, memory-only enable, allowlisted IO, wake-before-release, ambiguous-write/cleanup retries, actual Command readback/Write16 fallback/stale API/drop-write retention PASS; MOCK HARDWARE ONLY
PERSISTENT_MOCK active_ticks=10000 fault=0 startup=1 phase=4 polls=10019 ALL14 RELEASE PASS
WMI_INIT_MOCK phase2/error0 transaction4 tx1 rx1 fault1 ALL14 RELEASED PASS
OPERATING_MOCK phase2/error0 tx3 rx4 fault35 SAFE RELEASE PASS
QWBT_MOCK=5157425430303031050000000000000014000000000000002a0c00002a0c000000804000000000000000000014000000080000000001000009000000010000000000000000000000000000000000000006000000002100000c0000000e00000000000000010002050800000005000000000000000000000000000000010000008f8b002fccfe81d42238f27dd1f56d189604f180bd4772c7c8e75ae1fef16f01
LEGACY WRITES BLOCKED WHILE OWNED; DELEGATED AFTER COMPLETE CLEANUP; ASSET SEALED PASS
ACTUAL ENTRYPOINT TWO LIFETIMES fault35 PASS; SYNTHETIC RADIO/HTC ONLY
RAM phase=4 error=0 allocs=2 frees=0 setup=4/0 bmi=2/0 type=8 stage=5
SECOND phase=5 error=0 plan=20/0 streams=3 exec=2 stage=6/8448 pins=0 alloc=14 free=14 open=2 close=2
INIT COUNTS tx=1 rx=1 posted=0 available=7 outstanding=1
PERSISTENT_FINAL phase=4 error=0 life_error=0 active=10000 stop=1 polls=10019
UEFI PCI port: exclusive claim, fresh identity, BAR descriptor/bounds, memory-only enable, allowlisted IO, wake-before-release, ambiguous-write/cleanup retries, actual Command readback/Write16 fallback/stale API/drop-write retention PASS; MOCK HARDWARE ONLY
PERSISTENT_MOCK active_ticks=10000 fault=0 startup=15 phase=4 polls=10019 ALL14 RELEASE PASS
WMI_INIT_MOCK phase2/error0 transaction4 tx1 rx1 fault15 ALL14 RELEASED PASS
OPERATING_MOCK phase2/error0 tx3 rx4 fault35 SAFE RELEASE PASS
QWBT_MOCK=5157425430303031050000000000000014000000000000002a0c00002a0c000000804000000000000000000014000000080000000001000009000000010000000000000000000000000000000000000006000000002100000c0000000e00000000000000010002050800000005000000000000000000000000000000010000008f8b002fccfe81d42238f27dd1f56d189604f180bd4772c7c8e75ae1fef16f01
LEGACY WRITES BLOCKED WHILE OWNED; DELEGATED AFTER COMPLETE CLEANUP; ASSET SEALED PASS
ACTUAL ENTRYPOINT TWO LIFETIMES fault35 PASS; SYNTHETIC RADIO/HTC ONLY
RAM phase=4 error=0 allocs=2 frees=0 setup=4/0 bmi=2/0 type=8 stage=5
SECOND phase=5 error=0 plan=20/0 streams=3 exec=2 stage=6/8448 pins=0 alloc=14 free=14 open=2 close=2
INIT COUNTS tx=1 rx=1 posted=0 available=7 outstanding=1
PERSISTENT_FINAL phase=4 error=0 life_error=0 active=10000 stop=1 polls=10019
UEFI PCI port: exclusive claim, fresh identity, BAR descriptor/bounds, memory-only enable, allowlisted IO, wake-before-release, ambiguous-write/cleanup retries, actual Command readback/Write16 fallback/stale API/drop-write retention PASS; MOCK HARDWARE ONLY
PERSISTENT_MOCK active_ticks=10000 fault=0 startup=22 phase=4 polls=10019 ALL14 RELEASE PASS
WMI_INIT_MOCK phase2/error0 transaction4 tx1 rx1 fault22 ALL14 RELEASED PASS
OPERATING_MOCK phase2/error0 tx3 rx4 fault35 SAFE RELEASE PASS
QWBT_MOCK=5157425430303031050000000000000014000000000000002a0c00002a0c000000804000000000000000000014000000080000000001000009000000010000000000000000000000000000000000000006000000002100000c0000000e00000000000000010002050800000005000000000000000000000000000000010000008f8b002fccfe81d42238f27dd1f56d189604f180bd4772c7c8e75ae1fef16f01
LEGACY WRITES BLOCKED WHILE OWNED; DELEGATED AFTER COMPLETE CLEANUP; ASSET SEALED PASS
ACTUAL ENTRYPOINT TWO LIFETIMES fault35 PASS; SYNTHETIC RADIO/HTC ONLY
RAM phase=4 error=0 allocs=2 frees=0 setup=4/0 bmi=2/0 type=8 stage=5
SECOND phase=5 error=0 plan=20/0 streams=3 exec=2 stage=6/8448 pins=0 alloc=14 free=14 open=2 close=2
INIT COUNTS tx=1 rx=1 posted=0 available=7 outstanding=1
PERSISTENT_FINAL phase=4 error=0 life_error=0 active=10000 stop=1 polls=10019
UEFI PCI port: exclusive claim, fresh identity, BAR descriptor/bounds, memory-only enable, allowlisted IO, wake-before-release, ambiguous-write/cleanup retries, actual Command readback/Write16 fallback/stale API/drop-write retention PASS; MOCK HARDWARE ONLY
PERSISTENT_MOCK active_ticks=200 fault=1 startup=0 phase=5 polls=199 ALL14 RELEASE PASS
WMI_INIT_MOCK phase3/error19 transaction4 tx1 rx1 fault0 ALL14 RELEASED PASS
OPERATING_MOCK phase2/error0 tx3 rx4 fault35 SAFE RELEASE PASS
QWBT_MOCK=5157425430303031050000000000000014000000000000002a0c00002a0c000000804000000000000000000014000000080000000001000009000000010000000000000000000000000000000000000006000000002100000c0000000e00000000000000010002050800000005000000000000000000000000000000010000008f8b002fccfe81d42238f27dd1f56d189604f180bd4772c7c8e75ae1fef16f01
LEGACY WRITES BLOCKED WHILE OWNED; DELEGATED AFTER COMPLETE CLEANUP; ASSET SEALED PASS
ACTUAL ENTRYPOINT TWO LIFETIMES fault35 PASS; SYNTHETIC RADIO/HTC ONLY
RAM phase=4 error=0 allocs=2 frees=0 setup=4/0 bmi=2/0 type=8 stage=5
SECOND phase=5 error=0 plan=20/0 streams=3 exec=2 stage=6/8448 pins=0 alloc=14 free=14 open=2 close=2
INIT COUNTS tx=1 rx=1 posted=0 available=8 outstanding=0
PERSISTENT_FINAL phase=5 error=0 life_error=3 active=200 stop=0 polls=199
UEFI PCI port: exclusive claim, fresh identity, BAR descriptor/bounds, memory-only enable, allowlisted IO, wake-before-release, ambiguous-write/cleanup retries, actual Command readback/Write16 fallback/stale API/drop-write retention PASS; MOCK HARDWARE ONLY
PERSISTENT_MOCK active_ticks=200 fault=2 startup=0 phase=5 polls=199 ALL14 RELEASE PASS
WMI_INIT_MOCK phase2/error0 transaction4 tx1 rx1 fault0 ALL14 RELEASED PASS
OPERATING_MOCK phase3/error2 tx3 rx4 fault35 SAFE RELEASE PASS
QWBT_MOCK=5157425430303031050000000000000014000000000000002a0c00002a0c000000804000000000000000000014000000080000000001000009000000010000000000000000000000000000000000000006000000002100000c0000000e00000000000000010002050800000005000000000000000000000000000000010000008f8b002fccfe81d42238f27dd1f56d189604f180bd4772c7c8e75ae1fef16f01
LEGACY WRITES BLOCKED WHILE OWNED; DELEGATED AFTER COMPLETE CLEANUP; ASSET SEALED PASS
ACTUAL ENTRYPOINT TWO LIFETIMES fault35 PASS; SYNTHETIC RADIO/HTC ONLY
RAM phase=4 error=0 allocs=2 frees=0 setup=4/0 bmi=2/0 type=8 stage=5
SECOND phase=5 error=0 plan=20/0 streams=3 exec=2 stage=6/8448 pins=0 alloc=14 free=14 open=2 close=2
INIT COUNTS tx=1 rx=1 posted=0 available=8 outstanding=0
PERSISTENT_FINAL phase=5 error=0 life_error=3 active=200 stop=0 polls=199
UEFI PCI port: exclusive claim, fresh identity, BAR descriptor/bounds, memory-only enable, allowlisted IO, wake-before-release, ambiguous-write/cleanup retries, actual Command readback/Write16 fallback/stale API/drop-write retention PASS; MOCK HARDWARE ONLY
PERSISTENT_MOCK active_ticks=200 fault=3 startup=0 phase=5 polls=199 ALL14 RELEASE PASS
WMI_INIT_MOCK phase2/error0 transaction4 tx1 rx1 fault0 ALL14 RELEASED PASS
OPERATING_MOCK phase3/error2 tx3 rx4 fault35 SAFE RELEASE PASS
QWBT_MOCK=5157425430303031050000000000000014000000000000002a0c00002a0c000000804000000000000000000014000000080000000001000009000000010000000000000000000000000000000000000006000000002100000c0000000e00000000000000010002050800000005000000000000000000000000000000010000008f8b002fccfe81d42238f27dd1f56d189604f180bd4772c7c8e75ae1fef16f01
LEGACY WRITES BLOCKED WHILE OWNED; DELEGATED AFTER COMPLETE CLEANUP; ASSET SEALED PASS
ACTUAL ENTRYPOINT TWO LIFETIMES fault35 PASS; SYNTHETIC RADIO/HTC ONLY
RAM phase=4 error=0 allocs=2 frees=0 setup=4/0 bmi=2/0 type=8 stage=5
SECOND phase=5 error=0 plan=20/0 streams=3 exec=2 stage=6/8448 pins=0 alloc=14 free=14 open=2 close=2
INIT COUNTS tx=1 rx=1 posted=0 available=8 outstanding=0
PERSISTENT_FINAL phase=5 error=0 life_error=3 active=200 stop=0 polls=199
UEFI PCI port: exclusive claim, fresh identity, BAR descriptor/bounds, memory-only enable, allowlisted IO, wake-before-release, ambiguous-write/cleanup retries, actual Command readback/Write16 fallback/stale API/drop-write retention PASS; MOCK HARDWARE ONLY
PERSISTENT_MOCK active_ticks=200 fault=4 startup=0 phase=5 polls=199 ALL14 RELEASE PASS
WMI_INIT_MOCK phase3/error19 transaction4 tx1 rx1 fault0 ALL14 RELEASED PASS
OPERATING_MOCK phase2/error0 tx3 rx4 fault35 SAFE RELEASE PASS
QWBT_MOCK=5157425430303031050000000000000014000000000000002a0c00002a0c000000804000000000000000000014000000080000000001000009000000010000000000000000000000000000000000000006000000002100000c0000000e00000000000000010002050800000005000000000000000000000000000000010000008f8b002fccfe81d42238f27dd1f56d189604f180bd4772c7c8e75ae1fef16f01
LEGACY WRITES BLOCKED WHILE OWNED; DELEGATED AFTER COMPLETE CLEANUP; ASSET SEALED PASS
ACTUAL ENTRYPOINT TWO LIFETIMES fault35 PASS; SYNTHETIC RADIO/HTC ONLY
RAM phase=4 error=0 allocs=2 frees=0 setup=4/0 bmi=2/0 type=8 stage=5
SECOND phase=5 error=0 plan=20/0 streams=3 exec=2 stage=6/8448 pins=0 alloc=14 free=14 open=2 close=2
INIT COUNTS tx=1 rx=1 posted=0 available=8 outstanding=0
PERSISTENT_FINAL phase=5 error=0 life_error=3 active=200 stop=0 polls=199
UEFI PCI port: exclusive claim, fresh identity, BAR descriptor/bounds, memory-only enable, allowlisted IO, wake-before-release, ambiguous-write/cleanup retries, actual Command readback/Write16 fallback/stale API/drop-write retention PASS; MOCK HARDWARE ONLY
PERSISTENT_MOCK active_ticks=200 fault=5 startup=0 phase=5 polls=199 ALL14 RELEASE PASS
WMI_INIT_MOCK phase2/error0 transaction4 tx1 rx1 fault0 ALL14 RELEASED PASS
OPERATING_MOCK phase2/error0 tx3 rx4 fault35 SAFE RELEASE PASS
QWBT_MOCK=5157425430303031050000000000000014000000000000002a0c00002a0c000000804000000000000000000014000000080000000001000009000000010000000000000000000000000000000000000006000000002100000c0000000e00000000000000010002050800000005000000000000000000000000000000010000008f8b002fccfe81d42238f27dd1f56d189604f180bd4772c7c8e75ae1fef16f01
LEGACY WRITES BLOCKED WHILE OWNED; DELEGATED AFTER COMPLETE CLEANUP; ASSET SEALED PASS
ACTUAL ENTRYPOINT TWO LIFETIMES fault35 PASS; SYNTHETIC RADIO/HTC ONLY
RAM phase=4 error=0 allocs=2 frees=0 setup=4/0 bmi=2/0 type=8 stage=5
SECOND phase=5 error=0 plan=20/0 streams=3 exec=2 stage=6/8448 pins=0 alloc=14 free=14 open=2 close=2
INIT COUNTS tx=1 rx=1 posted=0 available=8 outstanding=0
PERSISTENT_FINAL phase=5 error=0 life_error=2 active=200 stop=0 polls=199
UEFI PCI port: exclusive claim, fresh identity, BAR descriptor/bounds, memory-only enable, allowlisted IO, wake-before-release, ambiguous-write/cleanup retries, actual Command readback/Write16 fallback/stale API/drop-write retention PASS; MOCK HARDWARE ONLY
PERSISTENT_MOCK active_ticks=10000 fault=0 startup=0 phase=4 polls=10019 ALL14 RELEASE PASS
WMI_INIT_MOCK phase2/error0 transaction4 tx1 rx1 fault0 ALL14 RELEASED PASS
OPERATING_MOCK phase2/error0 tx3 rx4 fault35 SAFE RELEASE PASS
QWBT_MOCK=5157425430303031050000000000000014000000000000002a0c00002a0c000000804000000000000000000014000000080000000001000009000000010000000000000000000000000000000000000006000000002100000c0000000e00000000000000010002050800000005000000000000000000000000000000010000008f8b002fccfe81d42238f27dd1f56d189604f180bd4772c7c8e75ae1fef16f01
LEGACY WRITES BLOCKED WHILE OWNED; DELEGATED AFTER COMPLETE CLEANUP; ASSET SEALED PASS
ACTUAL ENTRYPOINT TWO LIFETIMES fault35 PASS; SYNTHETIC RADIO/HTC ONLY
RAM phase=4 error=0 allocs=2 frees=0 setup=4/0 bmi=2/0 type=8 stage=5
SECOND phase=5 error=0 plan=20/0 streams=3 exec=2 stage=6/8448 pins=0 alloc=14 free=14 open=2 close=2
INIT COUNTS tx=1 rx=1 posted=0 available=8 outstanding=0
PERSISTENT_FINAL phase=4 error=0 life_error=0 active=10000 stop=1 polls=10019
UEFI PCI port: exclusive claim, fresh identity, BAR descriptor/bounds, memory-only enable, allowlisted IO, wake-before-release, ambiguous-write/cleanup retries, actual Command readback/Write16 fallback/stale API/drop-write retention PASS; MOCK HARDWARE ONLY
PERSISTENT_MOCK active_ticks=10000 fault=0 startup=1 phase=4 polls=10019 ALL14 RELEASE PASS
WMI_INIT_MOCK phase2/error0 transaction4 tx1 rx1 fault1 ALL14 RELEASED PASS
OPERATING_MOCK phase2/error0 tx3 rx4 fault35 SAFE RELEASE PASS
QWBT_MOCK=5157425430303031050000000000000014000000000000002a0c00002a0c000000804000000000000000000014000000080000000001000009000000010000000000000000000000000000000000000006000000002100000c0000000e00000000000000010002050800000005000000000000000000000000000000010000008f8b002fccfe81d42238f27dd1f56d189604f180bd4772c7c8e75ae1fef16f01
LEGACY WRITES BLOCKED WHILE OWNED; DELEGATED AFTER COMPLETE CLEANUP; ASSET SEALED PASS
ACTUAL ENTRYPOINT TWO LIFETIMES fault35 PASS; SYNTHETIC RADIO/HTC ONLY
RAM phase=4 error=0 allocs=2 frees=0 setup=4/0 bmi=2/0 type=8 stage=5
SECOND phase=5 error=0 plan=20/0 streams=3 exec=2 stage=6/8448 pins=0 alloc=14 free=14 open=2 close=2
INIT COUNTS tx=1 rx=1 posted=0 available=8 outstanding=0
PERSISTENT_FINAL phase=4 error=0 life_error=0 active=10000 stop=1 polls=10019
UEFI PCI port: exclusive claim, fresh identity, BAR descriptor/bounds, memory-only enable, allowlisted IO, wake-before-release, ambiguous-write/cleanup retries, actual Command readback/Write16 fallback/stale API/drop-write retention PASS; MOCK HARDWARE ONLY
PERSISTENT_MOCK active_ticks=20 fault=0 startup=0 phase=5 polls=19 ALL14 RELEASE PASS
WMI_INIT_MOCK phase2/error0 transaction4 tx1 rx1 fault0 ALL14 RELEASED PASS
OPERATING_MOCK phase2/error0 tx3 rx4 fault35 SAFE RELEASE PASS
QWBT_MOCK=5157425430303031050000000000000014000000000000002a0c00002a0c000000804000000000000000000014000000080000000001000009000000010000000000000000000000000000000000000006000000002100000c0000000e00000000000000010002050800000005000000000000000000000000000000010000008f8b002fccfe81d42238f27dd1f56d189604f180bd4772c7c8e75ae1fef16f01
LEGACY WRITES BLOCKED WHILE OWNED; DELEGATED AFTER COMPLETE CLEANUP; ASSET SEALED PASS
ACTUAL ENTRYPOINT TWO LIFETIMES fault35 PASS; SYNTHETIC RADIO/HTC ONLY
RAM phase=4 error=0 allocs=2 frees=0 setup=4/0 bmi=2/0 type=8 stage=5
PERSISTENT_BEGIN_ERROR=33
PERSISTENT_BEGIN_ERROR=33
PERSISTENT_BEGIN_ERROR=33
PERSISTENT_BEGIN_ERROR=33
PERSISTENT_BEGIN_ERROR=33
PERSISTENT_BEGIN_ERROR=33
PERSISTENT_BEGIN_ERROR=33
PERSISTENT_BEGIN_ERROR=33
PERSISTENT_BEGIN_ERROR=33
PERSISTENT_BEGIN_ERROR=33
PERSISTENT_BEGIN_ERROR=33
PERSISTENT_BEGIN_ERROR=33
PERSISTENT_BEGIN_ERROR=33
PERSISTENT_BEGIN_ERROR=33
PERSISTENT_BEGIN_ERROR=33
PERSISTENT_BEGIN_ERROR=33
PERSISTENT_BEGIN_ERROR=33
PERSISTENT_BEGIN_ERROR=33
SECOND phase=5 error=0 plan=20/0 streams=3 exec=2 stage=6/8448 pins=0 alloc=14 free=14 open=2 close=2
INIT COUNTS tx=1 rx=1 posted=0 available=8 outstanding=0
PERSISTENT_FINAL phase=5 error=33 life_error=3 active=20 stop=0 polls=19
UEFI PCI port: exclusive claim, fresh identity, BAR descriptor/bounds, memory-only enable, allowlisted IO, wake-before-release, ambiguous-write/cleanup retries, actual Command readback/Write16 fallback/stale API/drop-write retention PASS; MOCK HARDWARE ONLY
PERSISTENT_MOCK active_ticks=20 fault=0 startup=0 phase=5 polls=19 ALL14 RELEASE PASS
WMI_INIT_MOCK phase2/error0 transaction4 tx1 rx1 fault0 ALL14 RELEASED PASS
OPERATING_MOCK phase2/error0 tx3 rx4 fault35 SAFE RELEASE PASS
QWBT_MOCK=5157425430303031050000000000000014000000000000002a0c00002a0c000000804000000000000000000014000000080000000001000009000000010000000000000000000000000000000000000006000000002100000c0000000e00000000000000010002050800000005000000000000000000000000000000010000008f8b002fccfe81d42238f27dd1f56d189604f180bd4772c7c8e75ae1fef16f01
LEGACY WRITES BLOCKED WHILE OWNED; DELEGATED AFTER COMPLETE CLEANUP; ASSET SEALED PASS
ACTUAL ENTRYPOINT TWO LIFETIMES fault35 PASS; SYNTHETIC RADIO/HTC ONLY
RAM phase=4 error=0 allocs=2 frees=0 setup=4/0 bmi=2/0 type=8 stage=5
PERSISTENT_BEGIN_ERROR=33
PERSISTENT_BEGIN_ERROR=33
PERSISTENT_BEGIN_ERROR=33
PERSISTENT_BEGIN_ERROR=33
PERSISTENT_BEGIN_ERROR=33
PERSISTENT_BEGIN_ERROR=33
PERSISTENT_BEGIN_ERROR=33
PERSISTENT_BEGIN_ERROR=33
PERSISTENT_BEGIN_ERROR=33
PERSISTENT_BEGIN_ERROR=33
PERSISTENT_BEGIN_ERROR=33
PERSISTENT_BEGIN_ERROR=33
PERSISTENT_BEGIN_ERROR=33
PERSISTENT_BEGIN_ERROR=33
PERSISTENT_BEGIN_ERROR=33
PERSISTENT_BEGIN_ERROR=33
PERSISTENT_BEGIN_ERROR=33
PERSISTENT_BEGIN_ERROR=33
SECOND phase=5 error=0 plan=20/0 streams=3 exec=2 stage=6/8448 pins=0 alloc=14 free=14 open=2 close=2
INIT COUNTS tx=1 rx=1 posted=0 available=8 outstanding=0
PERSISTENT_FINAL phase=5 error=33 life_error=3 active=20 stop=0 polls=19
UEFI PCI port: exclusive claim, fresh identity, BAR descriptor/bounds, memory-only enable, allowlisted IO, wake-before-release, ambiguous-write/cleanup retries, actual Command readback/Write16 fallback/stale API/drop-write retention PASS; MOCK HARDWARE ONLY
PERSISTENT_MOCK active_ticks=20 fault=0 startup=1 phase=5 polls=19 ALL14 RELEASE PASS
WMI_INIT_MOCK phase2/error0 transaction4 tx1 rx1 fault1 ALL14 RELEASED PASS
OPERATING_MOCK phase2/error0 tx3 rx4 fault35 SAFE RELEASE PASS
QWBT_MOCK=5157425430303031050000000000000014000000000000002a0c00002a0c000000804000000000000000000014000000080000000001000009000000010000000000000000000000000000000000000006000000002100000c0000000e00000000000000010002050800000005000000000000000000000000000000010000008f8b002fccfe81d42238f27dd1f56d189604f180bd4772c7c8e75ae1fef16f01
LEGACY WRITES BLOCKED WHILE OWNED; DELEGATED AFTER COMPLETE CLEANUP; ASSET SEALED PASS
ACTUAL ENTRYPOINT TWO LIFETIMES fault35 PASS; SYNTHETIC RADIO/HTC ONLY
RAM phase=4 error=0 allocs=2 frees=0 setup=4/0 bmi=2/0 type=8 stage=5
PERSISTENT_BEGIN_ERROR=33
PERSISTENT_BEGIN_ERROR=33
PERSISTENT_BEGIN_ERROR=33
PERSISTENT_BEGIN_ERROR=33
PERSISTENT_BEGIN_ERROR=33
PERSISTENT_BEGIN_ERROR=33
PERSISTENT_BEGIN_ERROR=33
PERSISTENT_BEGIN_ERROR=33
PERSISTENT_BEGIN_ERROR=33
PERSISTENT_BEGIN_ERROR=33
PERSISTENT_BEGIN_ERROR=33
PERSISTENT_BEGIN_ERROR=33
PERSISTENT_BEGIN_ERROR=33
PERSISTENT_BEGIN_ERROR=33
PERSISTENT_BEGIN_ERROR=33
PERSISTENT_BEGIN_ERROR=33
PERSISTENT_BEGIN_ERROR=33
PERSISTENT_BEGIN_ERROR=33
SECOND phase=5 error=0 plan=20/0 streams=3 exec=2 stage=6/8448 pins=0 alloc=14 free=14 open=2 close=2
INIT COUNTS tx=1 rx=1 posted=0 available=7 outstanding=1
PERSISTENT_FINAL phase=5 error=33 life_error=3 active=20 stop=0 polls=19
UEFI PCI port: exclusive claim, fresh identity, BAR descriptor/bounds, memory-only enable, allowlisted IO, wake-before-release, ambiguous-write/cleanup retries, actual Command readback/Write16 fallback/stale API/drop-write retention PASS; MOCK HARDWARE ONLY
PERSISTENT_MOCK active_ticks=20 fault=0 startup=0 phase=5 polls=19 ALL14 RELEASE PASS
WMI_INIT_MOCK phase2/error0 transaction4 tx1 rx1 fault0 ALL14 RELEASED PASS
OPERATING_MOCK phase2/error0 tx3 rx4 fault35 SAFE RELEASE PASS
QWBT_MOCK=5157425430303031050000000000000014000000000000002a0c00002a0c000000804000000000000000000014000000080000000001000009000000010000000000000000000000000000000000000006000000002100000c0000000e00000000000000010002050800000005000000000000000000000000000000010000008f8b002fccfe81d42238f27dd1f56d189604f180bd4772c7c8e75ae1fef16f01
LEGACY WRITES BLOCKED WHILE OWNED; DELEGATED AFTER COMPLETE CLEANUP; ASSET SEALED PASS
ACTUAL ENTRYPOINT TWO LIFETIMES fault35 PASS; SYNTHETIC RADIO/HTC ONLY
RAM phase=4 error=0 allocs=2 frees=0 setup=4/0 bmi=2/0 type=8 stage=5
PERSISTENT_BEGIN_ERROR=33
PERSISTENT_BEGIN_ERROR=33
PERSISTENT_BEGIN_ERROR=33
PERSISTENT_BEGIN_ERROR=33
PERSISTENT_BEGIN_ERROR=33
PERSISTENT_BEGIN_ERROR=33
PERSISTENT_BEGIN_ERROR=33
PERSISTENT_BEGIN_ERROR=33
PERSISTENT_BEGIN_ERROR=33
PERSISTENT_BEGIN_ERROR=33
PERSISTENT_BEGIN_ERROR=33
PERSISTENT_BEGIN_ERROR=33
PERSISTENT_BEGIN_ERROR=33
PERSISTENT_BEGIN_ERROR=33
PERSISTENT_BEGIN_ERROR=33
PERSISTENT_BEGIN_ERROR=33
PERSISTENT_BEGIN_ERROR=33
PERSISTENT_BEGIN_ERROR=33
SECOND phase=5 error=0 plan=20/0 streams=3 exec=2 stage=6/8448 pins=0 alloc=14 free=14 open=2 close=2
INIT COUNTS tx=1 rx=1 posted=0 available=8 outstanding=0
PERSISTENT_FINAL phase=5 error=33 life_error=3 active=20 stop=0 polls=19
UEFI PCI port: exclusive claim, fresh identity, BAR descriptor/bounds, memory-only enable, allowlisted IO, wake-before-release, ambiguous-write/cleanup retries, actual Command readback/Write16 fallback/stale API/drop-write retention PASS; MOCK HARDWARE ONLY
PERSISTENT_MOCK active_ticks=20 fault=0 startup=0 phase=5 polls=19 ALL14 RELEASE PASS
WMI_INIT_MOCK phase2/error0 transaction4 tx1 rx1 fault0 ALL14 RELEASED PASS
OPERATING_MOCK phase2/error0 tx3 rx4 fault35 SAFE RELEASE PASS
QWBT_MOCK=5157425430303031050000000000000014000000000000002a0c00002a0c000000804000000000000000000014000000080000000001000009000000010000000000000000000000000000000000000006000000002100000c0000000e00000000000000010002050800000005000000000000000000000000000000010000008f8b002fccfe81d42238f27dd1f56d189604f180bd4772c7c8e75ae1fef16f01
LEGACY WRITES BLOCKED WHILE OWNED; DELEGATED AFTER COMPLETE CLEANUP; ASSET SEALED PASS
ACTUAL ENTRYPOINT TWO LIFETIMES fault35 PASS; SYNTHETIC RADIO/HTC ONLY
RAM phase=4 error=0 allocs=2 frees=0 setup=4/0 bmi=2/0 type=8 stage=5
PERSISTENT_BEGIN_ERROR=33
PERSISTENT_BEGIN_ERROR=33
PERSISTENT_BEGIN_ERROR=33
PERSISTENT_BEGIN_ERROR=33
PERSISTENT_BEGIN_ERROR=33
PERSISTENT_BEGIN_ERROR=33
PERSISTENT_BEGIN_ERROR=33
PERSISTENT_BEGIN_ERROR=33
PERSISTENT_BEGIN_ERROR=33
PERSISTENT_BEGIN_ERROR=33
PERSISTENT_BEGIN_ERROR=33
PERSISTENT_BEGIN_ERROR=33
PERSISTENT_BEGIN_ERROR=33
PERSISTENT_BEGIN_ERROR=33
PERSISTENT_BEGIN_ERROR=33
PERSISTENT_BEGIN_ERROR=33
PERSISTENT_BEGIN_ERROR=33
PERSISTENT_BEGIN_ERROR=33
SECOND phase=5 error=0 plan=20/0 streams=3 exec=2 stage=6/8448 pins=0 alloc=14 free=14 open=2 close=2
INIT COUNTS tx=1 rx=1 posted=0 available=8 outstanding=0
PERSISTENT_FINAL phase=5 error=33 life_error=3 active=20 stop=0 polls=19
UEFI PCI port: exclusive claim, fresh identity, BAR descriptor/bounds, memory-only enable, allowlisted IO, wake-before-release, ambiguous-write/cleanup retries, actual Command readback/Write16 fallback/stale API/drop-write retention PASS; MOCK HARDWARE ONLY
PERSISTENT_MOCK active_ticks=20 fault=0 startup=0 phase=5 polls=19 ALL14 RELEASE PASS
WMI_INIT_MOCK phase2/error0 transaction4 tx1 rx1 fault0 ALL14 RELEASED PASS
OPERATING_MOCK phase2/error0 tx3 rx4 fault35 SAFE RELEASE PASS
QWBT_MOCK=5157425430303031050000000000000014000000000000002a0c00002a0c000000804000000000000000000014000000080000000001000009000000010000000000000000000000000000000000000006000000002100000c0000000e00000000000000010002050800000005000000000000000000000000000000010000008f8b002fccfe81d42238f27dd1f56d189604f180bd4772c7c8e75ae1fef16f01
LEGACY WRITES BLOCKED WHILE OWNED; DELEGATED AFTER COMPLETE CLEANUP; ASSET SEALED PASS
ACTUAL ENTRYPOINT TWO LIFETIMES fault35 PASS; SYNTHETIC RADIO/HTC ONLY
RAM phase=4 error=0 allocs=2 frees=0 setup=4/0 bmi=2/0 type=8 stage=5
PERSISTENT_BEGIN_ERROR=33
PERSISTENT_BEGIN_ERROR=33
PERSISTENT_BEGIN_ERROR=33
PERSISTENT_BEGIN_ERROR=33
PERSISTENT_BEGIN_ERROR=33
PERSISTENT_BEGIN_ERROR=33
PERSISTENT_BEGIN_ERROR=33
PERSISTENT_BEGIN_ERROR=33
PERSISTENT_BEGIN_ERROR=33
PERSISTENT_BEGIN_ERROR=33
PERSISTENT_BEGIN_ERROR=33
PERSISTENT_BEGIN_ERROR=33
PERSISTENT_BEGIN_ERROR=33
PERSISTENT_BEGIN_ERROR=33
PERSISTENT_BEGIN_ERROR=33
PERSISTENT_BEGIN_ERROR=33
PERSISTENT_BEGIN_ERROR=33
PERSISTENT_BEGIN_ERROR=33
SECOND phase=5 error=0 plan=20/0 streams=3 exec=2 stage=6/8448 pins=0 alloc=14 free=14 open=2 close=2
INIT COUNTS tx=1 rx=1 posted=0 available=8 outstanding=0
PERSISTENT_FINAL phase=5 error=33 life_error=3 active=20 stop=0 polls=19
UEFI PCI port: exclusive claim, fresh identity, BAR descriptor/bounds, memory-only enable, allowlisted IO, wake-before-release, ambiguous-write/cleanup retries, actual Command readback/Write16 fallback/stale API/drop-write retention PASS; MOCK HARDWARE ONLY
PERSISTENT_MOCK active_ticks=20 fault=0 startup=0 phase=5 polls=19 ALL14 RELEASE PASS
WMI_INIT_MOCK phase2/error0 transaction4 tx1 rx1 fault0 ALL14 RELEASED PASS
OPERATING_MOCK phase2/error0 tx3 rx4 fault35 SAFE RELEASE PASS
QWBT_MOCK=5157425430303031050000000000000014000000000000002a0c00002a0c000000804000000000000000000014000000080000000001000009000000010000000000000000000000000000000000000006000000002100000c0000000e00000000000000010002050800000005000000000000000000000000000000010000008f8b002fccfe81d42238f27dd1f56d189604f180bd4772c7c8e75ae1fef16f01
LEGACY WRITES BLOCKED WHILE OWNED; DELEGATED AFTER COMPLETE CLEANUP; ASSET SEALED PASS
ACTUAL ENTRYPOINT TWO LIFETIMES fault35 PASS; SYNTHETIC RADIO/HTC ONLY
RAM phase=4 error=0 allocs=2 frees=0 setup=4/0 bmi=2/0 type=8 stage=5
PERSISTENT_BEGIN_ERROR=33
PERSISTENT_BEGIN_ERROR=33
PERSISTENT_BEGIN_ERROR=33
PERSISTENT_BEGIN_ERROR=33
PERSISTENT_BEGIN_ERROR=33
PERSISTENT_BEGIN_ERROR=33
PERSISTENT_BEGIN_ERROR=33
PERSISTENT_BEGIN_ERROR=33
PERSISTENT_BEGIN_ERROR=33
PERSISTENT_BEGIN_ERROR=33
PERSISTENT_BEGIN_ERROR=33
PERSISTENT_BEGIN_ERROR=33
PERSISTENT_BEGIN_ERROR=33
PERSISTENT_BEGIN_ERROR=33
PERSISTENT_BEGIN_ERROR=33
PERSISTENT_BEGIN_ERROR=33
PERSISTENT_BEGIN_ERROR=33
PERSISTENT_BEGIN_ERROR=33
SECOND phase=5 error=0 plan=20/0 streams=3 exec=2 stage=6/8448 pins=0 alloc=14 free=14 open=2 close=2
INIT COUNTS tx=1 rx=1 posted=0 available=8 outstanding=0
PERSISTENT_FINAL phase=5 error=33 life_error=3 active=20 stop=0 polls=19
UEFI PCI port: exclusive claim, fresh identity, BAR descriptor/bounds, memory-only enable, allowlisted IO, wake-before-release, ambiguous-write/cleanup retries, actual Command readback/Write16 fallback/stale API/drop-write retention PASS; MOCK HARDWARE ONLY
PERSISTENT_MOCK active_ticks=10000 fault=0 startup=1 phase=4 polls=10019 ALL14 RELEASE PASS
WMI_INIT_MOCK phase2/error0 transaction4 tx1 rx1 fault1 ALL14 RELEASED PASS
OPERATING_MOCK phase2/error0 tx3 rx4 fault35 SAFE RELEASE PASS
QWBT_MOCK=5157425430303031050000000000000014000000000000002a0c00002a0c000000804000000000000000000014000000080000000001000009000000010000000000000000000000000000000000000006000000002100000c0000000e00000000000000010002050800000005000000000000000000000000000000010000008f8b002fccfe81d42238f27dd1f56d189604f180bd4772c7c8e75ae1fef16f01
LEGACY WRITES BLOCKED WHILE OWNED; DELEGATED AFTER COMPLETE CLEANUP; ASSET SEALED PASS
ACTUAL ENTRYPOINT TWO LIFETIMES fault35 PASS; SYNTHETIC RADIO/HTC ONLY
RAM phase=4 error=0 allocs=2 frees=0 setup=4/0 bmi=2/0 type=8 stage=5
SECOND phase=5 error=0 plan=20/0 streams=3 exec=2 stage=6/8448 pins=0 alloc=14 free=14 open=2 close=2
INIT COUNTS tx=1 rx=1 posted=0 available=8 outstanding=0
PERSISTENT_FINAL phase=4 error=0 life_error=0 active=10000 stop=1 polls=10019
UEFI PCI port: exclusive claim, fresh identity, BAR descriptor/bounds, memory-only enable, allowlisted IO, wake-before-release, ambiguous-write/cleanup retries, actual Command readback/Write16 fallback/stale API/drop-write retention PASS; MOCK HARDWARE ONLY
PERSISTENT_MOCK active_ticks=10000 fault=0 startup=0 phase=4 polls=10019 ALL14 RELEASE PASS
WMI_INIT_MOCK phase2/error0 transaction4 tx1 rx1 fault0 ALL14 RELEASED PASS
OPERATING_MOCK phase2/error0 tx3 rx4 fault35 SAFE RELEASE PASS
QWBT_MOCK=5157425430303031050000000000000014000000000000002a0c00002a0c000000804000000000000000000014000000080000000001000009000000010000000000000000000000000000000000000006000000002100000c0000000e00000000000000010002050800000005000000000000000000000000000000010000008f8b002fccfe81d42238f27dd1f56d189604f180bd4772c7c8e75ae1fef16f01
LEGACY WRITES BLOCKED WHILE OWNED; DELEGATED AFTER COMPLETE CLEANUP; ASSET SEALED PASS
ACTUAL ENTRYPOINT TWO LIFETIMES fault35 PASS; SYNTHETIC RADIO/HTC ONLY
RAM phase=4 error=0 allocs=2 frees=0 setup=4/0 bmi=2/0 type=8 stage=5
SECOND phase=5 error=0 plan=20/0 streams=3 exec=2 stage=6/8448 pins=0 alloc=14 free=14 open=2 close=2
INIT COUNTS tx=1 rx=1 posted=0 available=8 outstanding=0
PERSISTENT_FINAL phase=4 error=0 life_error=0 active=10000 stop=1 polls=10019
UEFI PCI port: exclusive claim, fresh identity, BAR descriptor/bounds, memory-only enable, allowlisted IO, wake-before-release, ambiguous-write/cleanup retries, actual Command readback/Write16 fallback/stale API/drop-write retention PASS; MOCK HARDWARE ONLY
PERSISTENT_MOCK active_ticks=20 fault=0 startup=0 phase=5 polls=19 ALL14 RELEASE PASS
WMI_INIT_MOCK phase2/error0 transaction4 tx1 rx1 fault0 ALL14 RELEASED PASS
OPERATING_MOCK phase2/error0 tx3 rx4 fault35 SAFE RELEASE PASS
QWBT_MOCK=5157425430303031050000000000000014000000000000002a0c00002a0c000000804000000000000000000014000000080000000001000009000000010000000000000000000000000000000000000006000000002100000c0000000e00000000000000010002050800000005000000000000000000000000000000010000008f8b002fccfe81d42238f27dd1f56d189604f180bd4772c7c8e75ae1fef16f01
LEGACY WRITES BLOCKED WHILE OWNED; DELEGATED AFTER COMPLETE CLEANUP; ASSET SEALED PASS
ACTUAL ENTRYPOINT TWO LIFETIMES fault35 PASS; SYNTHETIC RADIO/HTC ONLY
RAM phase=4 error=0 allocs=2 frees=0 setup=4/0 bmi=2/0 type=8 stage=5
PERSISTENT_BEGIN_ERROR=33
PERSISTENT_BEGIN_ERROR=33
PERSISTENT_BEGIN_ERROR=33
PERSISTENT_BEGIN_ERROR=33
PERSISTENT_BEGIN_ERROR=33
PERSISTENT_BEGIN_ERROR=33
PERSISTENT_BEGIN_ERROR=33
PERSISTENT_BEGIN_ERROR=33
PERSISTENT_BEGIN_ERROR=33
PERSISTENT_BEGIN_ERROR=33
PERSISTENT_BEGIN_ERROR=33
PERSISTENT_BEGIN_ERROR=33
PERSISTENT_BEGIN_ERROR=33
PERSISTENT_BEGIN_ERROR=33
PERSISTENT_BEGIN_ERROR=33
PERSISTENT_BEGIN_ERROR=33
PERSISTENT_BEGIN_ERROR=33
PERSISTENT_BEGIN_ERROR=33
SECOND phase=5 error=0 plan=20/0 streams=3 exec=2 stage=6/8448 pins=0 alloc=14 free=14 open=2 close=2
INIT COUNTS tx=1 rx=1 posted=0 available=8 outstanding=0
PERSISTENT_FINAL phase=5 error=33 life_error=3 active=20 stop=0 polls=19
UEFI PCI port: exclusive claim, fresh identity, BAR descriptor/bounds, memory-only enable, allowlisted IO, wake-before-release, ambiguous-write/cleanup retries, actual Command readback/Write16 fallback/stale API/drop-write retention PASS; MOCK HARDWARE ONLY
PERSISTENT_MOCK active_ticks=20 fault=0 startup=0 phase=5 polls=19 ALL14 RELEASE PASS
WMI_INIT_MOCK phase2/error0 transaction4 tx1 rx1 fault0 ALL14 RELEASED PASS
OPERATING_MOCK phase2/error0 tx3 rx4 fault35 SAFE RELEASE PASS
QWBT_MOCK=5157425430303031050000000000000014000000000000002a0c00002a0c000000804000000000000000000014000000080000000001000009000000010000000000000000000000000000000000000006000000002100000c0000000e00000000000000010002050800000005000000000000000000000000000000010000008f8b002fccfe81d42238f27dd1f56d189604f180bd4772c7c8e75ae1fef16f01
LEGACY WRITES BLOCKED WHILE OWNED; DELEGATED AFTER COMPLETE CLEANUP; ASSET SEALED PASS
ACTUAL ENTRYPOINT TWO LIFETIMES fault35 PASS; SYNTHETIC RADIO/HTC ONLY
RAM phase=4 error=0 allocs=2 frees=0 setup=4/0 bmi=2/0 type=8 stage=5
PERSISTENT_BEGIN_ERROR=33
PERSISTENT_BEGIN_ERROR=33
PERSISTENT_BEGIN_ERROR=33
PERSISTENT_BEGIN_ERROR=33
PERSISTENT_BEGIN_ERROR=33
PERSISTENT_BEGIN_ERROR=33
PERSISTENT_BEGIN_ERROR=33
PERSISTENT_BEGIN_ERROR=33
PERSISTENT_BEGIN_ERROR=33
PERSISTENT_BEGIN_ERROR=33
PERSISTENT_BEGIN_ERROR=33
PERSISTENT_BEGIN_ERROR=33
PERSISTENT_BEGIN_ERROR=33
PERSISTENT_BEGIN_ERROR=33
PERSISTENT_BEGIN_ERROR=33
PERSISTENT_BEGIN_ERROR=33
PERSISTENT_BEGIN_ERROR=33
PERSISTENT_BEGIN_ERROR=33
SECOND phase=5 error=0 plan=20/0 streams=3 exec=2 stage=6/8448 pins=0 alloc=14 free=14 open=2 close=2
INIT COUNTS tx=1 rx=1 posted=0 available=8 outstanding=0
PERSISTENT_FINAL phase=5 error=33 life_error=3 active=20 stop=0 polls=19
UEFI PCI port: exclusive claim, fresh identity, BAR descriptor/bounds, memory-only enable, allowlisted IO, wake-before-release, ambiguous-write/cleanup retries, actual Command readback/Write16 fallback/stale API/drop-write retention PASS; MOCK HARDWARE ONLY
PERSISTENT_MOCK active_ticks=200 fault=0 startup=0 phase=4 polls=219 ALL14 RELEASE PASS
WMI_INIT_MOCK phase2/error0 transaction4 tx1 rx1 fault0 ALL14 RELEASED PASS
OPERATING_MOCK phase2/error0 tx3 rx4 fault35 SAFE RELEASE PASS
QWBT_MOCK=5157425430303031050000000000000014000000000000002a0c00002a0c000000804000000000000000000014000000080000000001000009000000010000000000000000000000000000000000000006000000002100000c0000000e00000000000000010002050800000005000000000000000000000000000000010000008f8b002fccfe81d42238f27dd1f56d189604f180bd4772c7c8e75ae1fef16f01
LEGACY WRITES BLOCKED WHILE OWNED; DELEGATED AFTER COMPLETE CLEANUP; ASSET SEALED PASS
ACTUAL ENTRYPOINT TWO LIFETIMES fault35 PASS; SYNTHETIC RADIO/HTC ONLY
RAM phase=4 error=0 allocs=2 frees=0 setup=4/0 bmi=2/0 type=8 stage=5
SECOND phase=5 error=0 plan=20/0 streams=3 exec=2 stage=6/8448 pins=0 alloc=14 free=14 open=2 close=2
INIT COUNTS tx=1 rx=1 posted=0 available=8 outstanding=0
PERSISTENT_FINAL phase=4 error=0 life_error=0 active=200 stop=1 polls=219
UEFI PCI port: exclusive claim, fresh identity, BAR descriptor/bounds, memory-only enable, allowlisted IO, wake-before-release, ambiguous-write/cleanup retries, actual Command readback/Write16 fallback/stale API/drop-write retention PASS; MOCK HARDWARE ONLY
PERSISTENT_MOCK active_ticks=200 fault=0 startup=0 phase=4 polls=219 ALL14 RELEASE PASS
WMI_INIT_MOCK phase2/error0 transaction4 tx1 rx1 fault0 ALL14 RELEASED PASS
OPERATING_MOCK phase2/error0 tx3 rx4 fault35 SAFE RELEASE PASS
QWBT_MOCK=5157425430303031050000000000000014000000000000002a0c00002a0c000000804000000000000000000014000000080000000001000009000000010000000000000000000000000000000000000006000000002100000c0000000e00000000000000010002050800000005000000000000000000000000000000010000008f8b002fccfe81d42238f27dd1f56d189604f180bd4772c7c8e75ae1fef16f01
LEGACY WRITES BLOCKED WHILE OWNED; DELEGATED AFTER COMPLETE CLEANUP; ASSET SEALED PASS
ACTUAL ENTRYPOINT TWO LIFETIMES fault35 PASS; SYNTHETIC RADIO/HTC ONLY
RAM phase=4 error=0 allocs=2 frees=0 setup=4/0 bmi=2/0 type=8 stage=5
SECOND phase=5 error=0 plan=20/0 streams=3 exec=2 stage=6/8448 pins=0 alloc=14 free=14 open=2 close=2
INIT COUNTS tx=1 rx=1 posted=0 available=8 outstanding=0
PERSISTENT_FINAL phase=4 error=0 life_error=0 active=200 stop=1 polls=219
