
runs/platform.obj:     file format pe-x86-64

Sections:
Idx Name          Size      VMA               LMA               File off  Algn
  0 .text         00000571  0000000000000000  0000000000000000  000000b4  2**2
                  CONTENTS, ALLOC, LOAD, RELOC, READONLY, CODE
  1 .data         00000000  0000000000000000  0000000000000000  00000639  2**2
                  CONTENTS, ALLOC, LOAD, DATA
  2 .bss          00000000  0000000000000000  0000000000000000  00000000  2**2
                  ALLOC
  3 .llvm_addrsig 00000000  0000000000000000  0000000000000000  00000639  2**0
                  CONTENTS, READONLY, EXCLUDE, NOREAD

runs/rng_port.obj:     file format pe-x86-64

Sections:
Idx Name          Size      VMA               LMA               File off  Algn
  0 .text         00000a02  0000000000000000  0000000000000000  000000dc  2**2
                  CONTENTS, ALLOC, LOAD, RELOC, READONLY, CODE
  1 .data         00000000  0000000000000000  0000000000000000  00000b42  2**2
                  CONTENTS, ALLOC, LOAD, DATA
  2 .bss          00000000  0000000000000000  0000000000000000  00000000  2**2
                  ALLOC
  3 .rdata        00000040  0000000000000000  0000000000000000  00000b42  2**2
                  CONTENTS, ALLOC, LOAD, READONLY, DATA
  4 .llvm_addrsig 00000000  0000000000000000  0000000000000000  00000b82  2**0
                  CONTENTS, READONLY, EXCLUDE, NOREAD
