["gcc", "-std=c11", "-O1", "-g", "-Wall", "-Wextra", "-Werror", "-fsanitize=address,undefined", "-fno-sanitize-recover=all", "-fno-omit-frame-pointer", "-I.", "-Ireference", "panel.c", "test_panel.c", "reference/qrcodegen.c", "-o", "/home/yuka/rabbit-world/pairing-qr-v1/source/runs/test"]

["/home/yuka/rabbit-world/pairing-qr-v1/source/runs/test"]
QR_TEXT RABBIT1:65:000102030405060708090A0B0C0D0E0F101112131415161718191A1B1C1D1E1F
QR_SIZE 37
1111111000110111010101110001101111111
1000001010001100100110111101001000001
1011101001101011010000010110101011101
1011101010110110010011111001001011101
1011101010110101100111011110101011101
1000001001100010010001100111001000001
1111111010101010101010101010101111111
0000000010100010111100010011000000000
0101111011111010110101000111111011010
0110000111111001010100101010111110101
0110111110001101110101110101011000110
1100110100110011001011000110001001011
1001011001000111111100111110100111001
1110000110010101011110001011001111101
0011111000110010001111111111111011101
1101010000010101001010010010110110011
0000101101010101001001010111001000000
0110110011101001100000011000010001111
0000011000100111101101110000101100000
1101010110011101100110101100011000011
1111001101001000001101101101000001111
1010100101111011000111111000110100110
1001101111101101010010010011111011011
0100000101010111001010100010110100111
0000011001001000100000001110001011100
1010010101100000110100101101010010011
1111011100101011101011011101001011111
1011010111011101101011110011000110000
1000101110101100010111100011111111001
0000000011010100110011111001100010110
1111111000001111111100011011101010011
1000001010100101101111001000100011100
1011101010100110100011001111111110010
1011101010101110001011100001110110000
1011101001100110111000001011011010011
1000001010111001111000000010001000110
1111111000000100011101101111001011111
PUBLIC-QR-PANEL 129619 assertions; identity/physical pairing authority=0

["x86_64-w64-mingw32-gcc", "-std=c11", "-Os", "-Wall", "-Wextra", "-Werror", "-ffreestanding", "-fno-builtin", "-fno-stack-protector", "-mno-red-zone", "-I.", "-Ireference", "-c", "panel.c", "-o", "/home/yuka/rabbit-world/pairing-qr-v1/source/runs/panel.c.obj"]

["x86_64-w64-mingw32-gcc", "-std=c11", "-Os", "-Wall", "-Wextra", "-Werror", "-ffreestanding", "-fno-builtin", "-fno-stack-protector", "-mno-red-zone", "-I.", "-Ireference", "-c", "reference/qrcodegen.c", "-o", "/home/yuka/rabbit-world/pairing-qr-v1/source/runs/qrcodegen.c.obj"]
