MAC SENDER COMPILED; SOURCE SHA256=ac6edb0351e8427b798a0431f6fb386c7d6ce4447fb6cb931089c381e4ce7b8e
STATUS VALIDATOR SHA256=0effa86b79fb69e27b0252fc3ff327e8b89d96da1f78c05b0fe50ed626457b2f
SCANNING FOR RABBIT FILE SERVICE (not identity authentication)
DISCOVERED: F45BFCB2-ABC2-AB4E-BB0F-310A54D424AF RSSI=-71; connecting
CONNECTED: discovering file service
SERVICE DISCOVERY: count=1 error=none
CHARACTERISTIC DISCOVERY: count=3
READ-ONLY QUERY: no BEGIN, DATA, COMMIT or ABORT
CONNECTED RSSI=-73 error=none (local radio measurement, not attestation)
RFS STATUS HEX=52465301add68f23c979761020cf000020cf0000020000000a0000007d70127899a0e0d4946d5edfeef1f3f8e2c362752b2335d32773fe783bb198f3
READ-ONLY STATUS (NOT ATTESTATION): state=2 error=0 received=53024 length=53024 receipt_counter=10 saved_session_matches=no
MAC SENDER COMPILED; SOURCE SHA256=ac6edb0351e8427b798a0431f6fb386c7d6ce4447fb6cb931089c381e4ce7b8e
STATUS VALIDATOR SHA256=0effa86b79fb69e27b0252fc3ff327e8b89d96da1f78c05b0fe50ed626457b2f
STAGING DIAGNOSTIC DATA DELAY=50 ms; NO COMMIT
DATA CHUNK LIMIT=100 bytes (excluding offset)
SCANNING FOR RABBIT FILE SERVICE (not identity authentication)
DISCOVERED: F45BFCB2-ABC2-AB4E-BB0F-310A54D424AF RSSI=-73; connecting
CONNECTED: discovering file service
SERVICE DISCOVERY: count=1 error=none
CHARACTERISTIC DISCOVERY: count=3
BEGIN: acknowledged write; maximum value bytes=512
CONTROL ACK: phase=1; reading application status
RESUME OFFSET=0/50464
STAGING CHECKPOINT=4100/50464 (not applied)
STAGING CHECKPOINT=8200/50464 (not applied)
STAGING CHECKPOINT=12300/50464 (not applied)
STAGING CHECKPOINT=16400/50464 (not applied)
STAGING CHECKPOINT=20500/50464 (not applied)
STAGING CHECKPOINT=24600/50464 (not applied)
STAGING CHECKPOINT=28700/50464 (not applied)
STAGING CHECKPOINT=32800/50464 (not applied)
STAGING CHECKPOINT=36900/50464 (not applied)
STAGING CHECKPOINT=41000/50464 (not applied)
STAGING CHECKPOINT=45100/50464 (not applied)
STAGING CHECKPOINT=49200/50464 (not applied)
STAGING CHECKPOINT=50464/50464 (not applied)
STAGED-NOT-APPLIED: deliberate stop; keep Dell powered and rerun SAME saved session without --stage-only-bytes
MAC SENDER COMPILED; SOURCE SHA256=ac6edb0351e8427b798a0431f6fb386c7d6ce4447fb6cb931089c381e4ce7b8e
STATUS VALIDATOR SHA256=0effa86b79fb69e27b0252fc3ff327e8b89d96da1f78c05b0fe50ed626457b2f
DATA CHUNK LIMIT=100 bytes (excluding offset)
SCANNING FOR RABBIT FILE SERVICE (not identity authentication)
DISCOVERED: F45BFCB2-ABC2-AB4E-BB0F-310A54D424AF RSSI=-69; connecting
CONNECTED: discovering file service
SERVICE DISCOVERY: count=1 error=none
CHARACTERISTIC DISCOVERY: count=3
BEGIN: acknowledged write; maximum value bytes=512
CONTROL ACK: phase=1; reading application status
RESUME OFFSET=50464/50464
CONTROL ACK: phase=3; reading application status
DISCONNECTED: phase=3 offset=50464/50464 domain=CBErrorDomain code=7 reason=The specified device has disconnected from us.
RECONNECT: delivery unknown; querying retained session, not assuming application
DISCOVERED: F45BFCB2-ABC2-AB4E-BB0F-310A54D424AF RSSI=-69; connecting
CONNECTED: discovering file service
SERVICE DISCOVERY: count=1 error=none
CHARACTERISTIC DISCOVERY: count=3
BEGIN: acknowledged write; maximum value bytes=512
CONTROL ACK: phase=1; reading application status
FILE APPLIED RECEIPT (NOT ATTESTATION): exact SHA256/session/counter matched
TRANSFER ELAPSED=6.974 seconds (including reconnects)
