                 U __asan_init
                 U __asan_memcpy
                 U __asan_memset
                 U __asan_option_detect_stack_use_after_return
                 U __asan_register_elf_globals
                 U __asan_report_load1
                 U __asan_report_load2
                 U __asan_report_load4
                 U __asan_report_load8
                 U __asan_report_load_n
                 U __asan_report_store1
                 U __asan_report_store2
                 U __asan_report_store4
                 U __asan_report_store8
                 U __asan_report_store_n
                 U __asan_set_shadow_00
                 U __asan_set_shadow_f8
                 U __asan_stack_free_5
                 U __asan_stack_malloc_0
                 U __asan_stack_malloc_1
                 U __asan_stack_malloc_2
                 U __asan_stack_malloc_5
                 U __asan_unregister_elf_globals
                 U __asan_version_mismatch_check_v8
                 w __start_asan_globals
                 w __stop_asan_globals
                 U __ubsan_handle_function_type_mismatch
                 U __ubsan_handle_load_invalid_value
                 U __ubsan_handle_nonnull_arg
                 U __ubsan_handle_pointer_overflow
                 U __ubsan_handle_type_mismatch_v1
                 U aes_unwrap
                 U bcmp
                 U bin_clear_free
                 U eloop_cancel_timeout
                 U eloop_register_timeout
                 U forced_memzero
                 U free
                 U ieee802_11_rsnx_capab
                 U inc_byte_array
                 U malloc
                 U memcmp
                 U os_get_random
                 U os_memcmp_const
                 U os_memdup
                 U os_zalloc
                 U pmksa_cache_add
                 U pmksa_cache_add_entry
                 U pmksa_cache_clear_current
                 U pmksa_cache_deinit
                 U pmksa_cache_flush
                 U pmksa_cache_get
                 U pmksa_cache_head
                 U pmksa_cache_init
                 U pmksa_cache_list
                 U pmksa_cache_reconfig
                 U pmksa_cache_remove
                 U rc4_skip
                 U snprintf
                 U wpa_cipher_key_len
                 U wpa_cipher_rsc_len
                 U wpa_cipher_to_alg
                 U wpa_cipher_txt
                 U wpa_cipher_valid_mgmt_group
                 U wpa_cipher_valid_pairwise
                 U wpa_compare_rsn_ie
                 U wpa_eapol_key_mic
                 U wpa_gen_rsnxe
                 U wpa_gen_wpa_ie
                 U wpa_key_mgmt_txt
                 U wpa_mic_len
                 U wpa_parse_kde_ies
                 U wpa_parse_wpa_ie
                 U wpa_parse_wpa_ie_rsn
                 U wpa_pmk_to_ptk
                 U wpa_use_aes_key_wrap
                 U wpa_use_akm_defined
