                 U EVP_CIPHER_CTX_free@OPENSSL_3.0.0
                 U EVP_CIPHER_CTX_new@OPENSSL_3.0.0
                 U EVP_CIPHER_CTX_set_key_length@OPENSSL_3.0.0
                 U EVP_CIPHER_CTX_set_padding@OPENSSL_3.0.0
                 U EVP_CipherInit_ex@OPENSSL_3.0.0
                 U EVP_CipherUpdate@OPENSSL_3.0.0
                 U EVP_DecryptFinal_ex@OPENSSL_3.0.0
                 U EVP_DecryptInit_ex@OPENSSL_3.0.0
                 U EVP_DecryptUpdate@OPENSSL_3.0.0
                 U EVP_EncryptFinal_ex@OPENSSL_3.0.0
                 U EVP_EncryptInit_ex@OPENSSL_3.0.0
                 U EVP_EncryptUpdate@OPENSSL_3.0.0
                 U EVP_MAC_CTX_free@OPENSSL_3.0.0
                 U EVP_MAC_CTX_new@OPENSSL_3.0.0
                 U EVP_MAC_fetch@OPENSSL_3.0.0
                 U EVP_MAC_final@OPENSSL_3.0.0
                 U EVP_MAC_free@OPENSSL_3.0.0
                 U EVP_MAC_init@OPENSSL_3.0.0
                 U EVP_MAC_update@OPENSSL_3.0.0
                 U EVP_aes_128_wrap@OPENSSL_3.0.0
                 U EVP_aes_192_wrap@OPENSSL_3.0.0
                 U EVP_aes_256_wrap@OPENSSL_3.0.0
                 U EVP_rc4@OPENSSL_3.0.0
                 U OSSL_PARAM_construct_end@OPENSSL_3.0.0
                 U OSSL_PARAM_construct_utf8_string@OPENSSL_3.0.0
                 U OSSL_PROVIDER_try_load@OPENSSL_3.0.0
                 U PKCS5_PBKDF2_HMAC_SHA1@OPENSSL_3.0.0
                 w _ITM_deregisterTMCloneTable
                 w _ITM_registerTMCloneTable
                 U _Unwind_Backtrace@GCC_3.3
                 U _Unwind_GetIP@GCC_3.0
                 U __assert_fail@GLIBC_2.2.5
                 w __cxa_demangle
                 w __cxa_finalize@GLIBC_2.2.5
                 U __errno_location@GLIBC_2.2.5
                 w __gmon_start__
                 v __libc_stack_end@GLIBC_2.2.5
                 U __libc_start_main@GLIBC_2.34
                 w __lsan_default_suppressions
                 w __lsan_is_turned_off
                 v __progname@GLIBC_2.2.5
                 U __register_atfork@GLIBC_2.3.2
                 w __sanitizer_symbolize_code
                 w __sanitizer_symbolize_data
                 w __sanitizer_symbolize_demangle
                 w __sanitizer_symbolize_flush
                 w __sanitizer_symbolize_frame
                 w __sanitizer_symbolize_set_demangle
                 w __sanitizer_symbolize_set_inline_frames
                 U __signgam@GLIBC_2.23
                 U abort@GLIBC_2.2.5
                 U alarm@GLIBC_2.2.5
                 U dl_iterate_phdr@GLIBC_2.2.5
                 U dladdr@GLIBC_2.34
                 U dlsym@GLIBC_2.34
                 U dlvsym@GLIBC_2.34
                 U fcntl@GLIBC_2.2.5
                 U getauxval@GLIBC_2.16
                 U getrlimit@GLIBC_2.2.5
                 U getrusage@GLIBC_2.2.5
                 U gettimeofday@GLIBC_2.2.5
                 U gnu_get_libc_version@GLIBC_2.2.5
                 U isatty@GLIBC_2.2.5
                 U mkdir@GLIBC_2.2.5
                 U pipe@GLIBC_2.2.5
                 U pthread_attr_destroy@GLIBC_2.2.5
                 U pthread_attr_init@GLIBC_2.2.5
                 U pthread_getattr_np@GLIBC_2.32
                 U pthread_getspecific@GLIBC_2.34
                 U pthread_key_create@GLIBC_2.34
                 U pthread_self@GLIBC_2.2.5
                 U pthread_setspecific@GLIBC_2.34
                 U sched_yield@GLIBC_2.2.5
                 U select@GLIBC_2.2.5
                 U setrlimit@GLIBC_2.2.5
                 U signgam@GLIBC_2.2.5
                 U sysconf@GLIBC_2.2.5
                 U syslog@GLIBC_2.2.5
