CONNECTED BOOTSTRAP FALLBACK ACTIVE; MOCK USB ONLY
CONNECTED DRIVER A COMMITTED VIA MOCK USB ACL ATT; OLD CONNECTION CONFIRMED CLOSED; RECEIPT RETAINED
FRAGMENTED16+5 CONNECTION AND MATCHED DISCONNECTION VERIFIED THROUGH ACTUAL UEFI USB; NO ORPHAN GUESSING
EXACT NATIVE RETRY RECEIPT ONLY; NO SECOND APPLY OR DISCONNECT
ACTOR DRIVER RESTORED ACTUAL CITY4 SNAPSHOT
ACTOR MOTION ADVANCED BY TARGET CLOCK WITHOUT FRAME COUNT TIMING
PREFIX57 STATUS240 RAW4672 TEN READ-ONLY PAGES; ABSENT RADIO NO RELEASE OR WIFI CLAIMS
WMI INIT SERVICE26..28 READ ONLY; ABSENT RADIO CLAIMS NO READY/MAC/IP
OPERATING SERVICE23..25 READ ONLY; ABSENT TARGET DOES NOT CLAIM SERVICE READY OR WIFI
BOOT SERVICE20..22 READ ONLY; RAM SERVICE PRESERVED; CITY RETAINED
INTEGRATED RAM SERVICE13..19; TARGET ABSENT WRITE REJECTED; CITY RETAINED
ACTUAL UEFI PCI ENUMERATION READ THROUGH MOCK USB ATT; QCA ABSENT; NO WRITES
LONG QPD17 READ/BLOB BOUNDS PASS; QCA ABSENT; NO IRQ WRITES
ONE-SHOT WIFI RESET PROBE TARGET ABSENT; CLEAN CLOSE AND CITY RETAINED
CITY FULLSCREEN QEMU READY
ACTOR DRIVER RESTORED ACTUAL CITY5 SNAPSHOT
CITY DATA APPLIED AND LEGACY DATA RESTORED BEFORE ENGINE ROLLBACK
CONNECTED DRIVER B COMMITTED IN SAME BOOT; WORLD AND COUNTER RETAINED
FAILED HEALTH AND BAD OWNER SIGNATURE RETAIN EXACT WORLD AND LIVE DRIVER
CONNECTED NATIVE INTEGRATION PASS
