MAC SENDER COMPILED; SOURCE SHA256=ac6edb0351e8427b798a0431f6fb386c7d6ce4447fb6cb931089c381e4ce7b8e
STATUS VALIDATOR SHA256=0effa86b79fb69e27b0252fc3ff327e8b89d96da1f78c05b0fe50ed626457b2f
SCANNING FOR RABBIT FILE SERVICE (not identity authentication)
DISCOVERED: F45BFCB2-ABC2-AB4E-BB0F-310A54D424AF RSSI=-70; connecting
CONNECTED: discovering file service
SERVICE DISCOVERY: count=1 error=none
CHARACTERISTIC DISCOVERY: count=3
READ-ONLY QUERY: no BEGIN, DATA, COMMIT or ABORT
CONNECTED RSSI=-68 error=none (local radio measurement, not attestation)
RFS STATUS HEX=524653012fb4fb293b6b6d6b2017030020170300020000003f00000055d2a292e08011dc4377d104f333e59f40cc4537d5906604f838f8beb193a90f
READ-ONLY STATUS (NOT ATTESTATION): state=2 error=0 received=202528 length=202528 receipt_counter=63 saved_session_matches=no
MAC SENDER COMPILED; SOURCE SHA256=ac6edb0351e8427b798a0431f6fb386c7d6ce4447fb6cb931089c381e4ce7b8e
STATUS VALIDATOR SHA256=0effa86b79fb69e27b0252fc3ff327e8b89d96da1f78c05b0fe50ed626457b2f
STAGING DIAGNOSTIC DATA DELAY=50 ms; NO COMMIT
DATA CHUNK LIMIT=100 bytes (excluding offset)
SCANNING FOR RABBIT FILE SERVICE (not identity authentication)
DISCOVERED: F45BFCB2-ABC2-AB4E-BB0F-310A54D424AF RSSI=-71; connecting
CONNECTED: discovering file service
SERVICE DISCOVERY: count=1 error=none
CHARACTERISTIC DISCOVERY: count=3
BEGIN: acknowledged write; maximum value bytes=512
CONTROL ACK: phase=1; reading application status
RESUME OFFSET=0/203040
STAGING CHECKPOINT=4100/203040 (not applied)
STAGING CHECKPOINT=8200/203040 (not applied)
STAGING CHECKPOINT=12300/203040 (not applied)
STAGING CHECKPOINT=16400/203040 (not applied)
STAGING CHECKPOINT=20500/203040 (not applied)
STAGING CHECKPOINT=24600/203040 (not applied)
STAGING CHECKPOINT=28700/203040 (not applied)
STAGING CHECKPOINT=32800/203040 (not applied)
STAGING CHECKPOINT=36900/203040 (not applied)
STAGING CHECKPOINT=41000/203040 (not applied)
STAGING CHECKPOINT=45100/203040 (not applied)
STAGING CHECKPOINT=49200/203040 (not applied)
STAGING CHECKPOINT=53300/203040 (not applied)
STAGING CHECKPOINT=57400/203040 (not applied)
STAGING CHECKPOINT=61500/203040 (not applied)
STAGING CHECKPOINT=65600/203040 (not applied)
STAGING CHECKPOINT=69700/203040 (not applied)
STAGING CHECKPOINT=73800/203040 (not applied)
STAGING CHECKPOINT=77900/203040 (not applied)
FAIL: 300-second bounded timeout; application outcome may be unknown; staging retained if Dell remains powered
MAC SENDER COMPILED; SOURCE SHA256=ac6edb0351e8427b798a0431f6fb386c7d6ce4447fb6cb931089c381e4ce7b8e
STATUS VALIDATOR SHA256=0effa86b79fb69e27b0252fc3ff327e8b89d96da1f78c05b0fe50ed626457b2f
SCANNING FOR RABBIT FILE SERVICE (not identity authentication)
DISCOVERED: F45BFCB2-ABC2-AB4E-BB0F-310A54D424AF RSSI=-69; connecting
CONNECTED: discovering file service
SERVICE DISCOVERY: count=1 error=none
CHARACTERISTIC DISCOVERY: count=3
READ-ONLY QUERY: no BEGIN, DATA, COMMIT or ABORT
CONNECTED RSSI=-68 error=none (local radio measurement, not attestation)
RFS STATUS HEX=5246530129bae1f443716c8c6c33010020190300010000003f0000000000000000000000000000000000000000000000000000000000000000000000
READ-ONLY STATUS (NOT ATTESTATION): state=1 error=0 received=78700 length=203040 receipt_counter=63 saved_session_matches=yes
MAC SENDER COMPILED; SOURCE SHA256=ac6edb0351e8427b798a0431f6fb386c7d6ce4447fb6cb931089c381e4ce7b8e
STATUS VALIDATOR SHA256=0effa86b79fb69e27b0252fc3ff327e8b89d96da1f78c05b0fe50ed626457b2f
STAGING DIAGNOSTIC DATA DELAY=50 ms; NO COMMIT
DATA CHUNK LIMIT=100 bytes (excluding offset)
SCANNING FOR RABBIT FILE SERVICE (not identity authentication)
DISCOVERED: F45BFCB2-ABC2-AB4E-BB0F-310A54D424AF RSSI=-73; connecting
CONNECTED: discovering file service
SERVICE DISCOVERY: count=1 error=none
CHARACTERISTIC DISCOVERY: count=3
BEGIN: acknowledged write; maximum value bytes=512
CONTROL ACK: phase=1; reading application status
RESUME OFFSET=78700/203040
STAGING CHECKPOINT=82800/203040 (not applied)
STAGING CHECKPOINT=86900/203040 (not applied)
STAGING CHECKPOINT=91000/203040 (not applied)
STAGING CHECKPOINT=95100/203040 (not applied)
STAGING CHECKPOINT=99200/203040 (not applied)
STAGING CHECKPOINT=103300/203040 (not applied)
STAGING CHECKPOINT=107400/203040 (not applied)
STAGING CHECKPOINT=111500/203040 (not applied)
STAGING CHECKPOINT=115600/203040 (not applied)
STAGING CHECKPOINT=119700/203040 (not applied)
STAGING CHECKPOINT=123800/203040 (not applied)
STAGING CHECKPOINT=127900/203040 (not applied)
STAGING CHECKPOINT=132000/203040 (not applied)
STAGING CHECKPOINT=136100/203040 (not applied)
STAGING CHECKPOINT=140200/203040 (not applied)
STAGING CHECKPOINT=144300/203040 (not applied)
STAGING CHECKPOINT=148400/203040 (not applied)
STAGING CHECKPOINT=152500/203040 (not applied)
STAGING CHECKPOINT=156600/203040 (not applied)
FAIL: 300-second bounded timeout; application outcome may be unknown; staging retained if Dell remains powered
MAC SENDER COMPILED; SOURCE SHA256=ac6edb0351e8427b798a0431f6fb386c7d6ce4447fb6cb931089c381e4ce7b8e
STATUS VALIDATOR SHA256=0effa86b79fb69e27b0252fc3ff327e8b89d96da1f78c05b0fe50ed626457b2f
SCANNING FOR RABBIT FILE SERVICE (not identity authentication)
DISCOVERED: F45BFCB2-ABC2-AB4E-BB0F-310A54D424AF RSSI=-69; connecting
CONNECTED: discovering file service
SERVICE DISCOVERY: count=1 error=none
CHARACTERISTIC DISCOVERY: count=3
READ-ONLY QUERY: no BEGIN, DATA, COMMIT or ABORT
CONNECTED RSSI=-68 error=none (local radio measurement, not attestation)
RFS STATUS HEX=5246530129bae1f443716c8cd866020020190300010000003f0000000000000000000000000000000000000000000000000000000000000000000000
READ-ONLY STATUS (NOT ATTESTATION): state=1 error=0 received=157400 length=203040 receipt_counter=63 saved_session_matches=yes
MAC SENDER COMPILED; SOURCE SHA256=ac6edb0351e8427b798a0431f6fb386c7d6ce4447fb6cb931089c381e4ce7b8e
STATUS VALIDATOR SHA256=0effa86b79fb69e27b0252fc3ff327e8b89d96da1f78c05b0fe50ed626457b2f
STAGING DIAGNOSTIC DATA DELAY=50 ms; NO COMMIT
DATA CHUNK LIMIT=100 bytes (excluding offset)
SCANNING FOR RABBIT FILE SERVICE (not identity authentication)
DISCOVERED: F45BFCB2-ABC2-AB4E-BB0F-310A54D424AF RSSI=-67; connecting
CONNECTED: discovering file service
SERVICE DISCOVERY: count=1 error=none
CHARACTERISTIC DISCOVERY: count=3
BEGIN: acknowledged write; maximum value bytes=512
CONTROL ACK: phase=1; reading application status
RESUME OFFSET=157400/203040
STAGING CHECKPOINT=161500/203040 (not applied)
STAGING CHECKPOINT=165600/203040 (not applied)
STAGING CHECKPOINT=169700/203040 (not applied)
STAGING CHECKPOINT=173800/203040 (not applied)
STAGING CHECKPOINT=177900/203040 (not applied)
STAGING CHECKPOINT=182000/203040 (not applied)
STAGING CHECKPOINT=186100/203040 (not applied)
STAGING CHECKPOINT=190200/203040 (not applied)
STAGING CHECKPOINT=194300/203040 (not applied)
STAGING CHECKPOINT=198400/203040 (not applied)
STAGING CHECKPOINT=202500/203040 (not applied)
STAGING CHECKPOINT=203040/203040 (not applied)
STAGED-NOT-APPLIED: deliberate stop; keep Dell powered and rerun SAME saved session without --stage-only-bytes
MAC SENDER COMPILED; SOURCE SHA256=ac6edb0351e8427b798a0431f6fb386c7d6ce4447fb6cb931089c381e4ce7b8e
STATUS VALIDATOR SHA256=0effa86b79fb69e27b0252fc3ff327e8b89d96da1f78c05b0fe50ed626457b2f
DATA CHUNK LIMIT=100 bytes (excluding offset)
SCANNING FOR RABBIT FILE SERVICE (not identity authentication)
DISCOVERED: F45BFCB2-ABC2-AB4E-BB0F-310A54D424AF RSSI=-66; connecting
CONNECTED: discovering file service
SERVICE DISCOVERY: count=1 error=none
CHARACTERISTIC DISCOVERY: count=3
BEGIN: acknowledged write; maximum value bytes=512
CONTROL ACK: phase=1; reading application status
RESUME OFFSET=203040/203040
CONTROL ACK: phase=3; reading application status
DISCONNECTED: phase=3 offset=203040/203040 domain=CBErrorDomain code=7 reason=The specified device has disconnected from us.
RECONNECT: delivery unknown; querying retained session, not assuming application
DISCOVERED: F45BFCB2-ABC2-AB4E-BB0F-310A54D424AF RSSI=-71; connecting
CONNECTED: discovering file service
SERVICE DISCOVERY: count=1 error=none
CHARACTERISTIC DISCOVERY: count=3
BEGIN: acknowledged write; maximum value bytes=512
CONTROL ACK: phase=1; reading application status
FILE APPLIED RECEIPT (NOT ATTESTATION): exact SHA256/session/counter matched
TRANSFER ELAPSED=6.838 seconds (including reconnects)
