MAC SENDER COMPILED; SOURCE SHA256=ac6edb0351e8427b798a0431f6fb386c7d6ce4447fb6cb931089c381e4ce7b8e
STATUS VALIDATOR SHA256=0effa86b79fb69e27b0252fc3ff327e8b89d96da1f78c05b0fe50ed626457b2f
STAGING DIAGNOSTIC DATA DELAY=50 ms; NO COMMIT
DATA CHUNK LIMIT=100 bytes (excluding offset)
SCANNING FOR RABBIT FILE SERVICE (not identity authentication)
DISCOVERED: F45BFCB2-ABC2-AB4E-BB0F-310A54D424AF RSSI=-81; connecting
CONNECTED: discovering file service
SERVICE DISCOVERY: count=1 error=none
CHARACTERISTIC DISCOVERY: count=3
BEGIN: acknowledged write; maximum value bytes=512
CONTROL ACK: phase=1; reading application status
RESUME OFFSET=0/139552
STAGING CHECKPOINT=4100/139552 (not applied)
STAGING CHECKPOINT=8200/139552 (not applied)
STAGING CHECKPOINT=12300/139552 (not applied)
DISCONNECTED: phase=2 offset=15400/139552 domain=CBErrorDomain code=6 reason=The connection has timed out unexpectedly.
RECONNECT: delivery unknown; querying retained session, not assuming application
DISCOVERED: F45BFCB2-ABC2-AB4E-BB0F-310A54D424AF RSSI=-80; connecting
CONNECTED: discovering file service
SERVICE DISCOVERY: count=1 error=none
CHARACTERISTIC DISCOVERY: count=3
BEGIN: acknowledged write; maximum value bytes=512
CONTROL ACK: phase=1; reading application status
RESUME OFFSET=15400/139552
STAGING CHECKPOINT=19500/139552 (not applied)
DISCONNECTED: phase=2 offset=23000/139552 domain=CBErrorDomain code=6 reason=The connection has timed out unexpectedly.
RECONNECT: delivery unknown; querying retained session, not assuming application
DISCOVERED: F45BFCB2-ABC2-AB4E-BB0F-310A54D424AF RSSI=-87; connecting
CONNECTED: discovering file service
SERVICE DISCOVERY: count=1 error=none
CHARACTERISTIC DISCOVERY: count=3
BEGIN: acknowledged write; maximum value bytes=512
CONTROL ACK: phase=1; reading application status
RESUME OFFSET=23000/139552
STAGING CHECKPOINT=27100/139552 (not applied)
STAGING CHECKPOINT=31200/139552 (not applied)
STAGING CHECKPOINT=35300/139552 (not applied)
STAGING CHECKPOINT=39400/139552 (not applied)
STAGING CHECKPOINT=43500/139552 (not applied)
STAGING CHECKPOINT=47600/139552 (not applied)
STAGING CHECKPOINT=51700/139552 (not applied)
STAGING CHECKPOINT=55800/139552 (not applied)
STAGING CHECKPOINT=59900/139552 (not applied)
DISCONNECTED: phase=2 offset=63500/139552 domain=CBErrorDomain code=6 reason=The connection has timed out unexpectedly.
RECONNECT: delivery unknown; querying retained session, not assuming application
DISCOVERED: F45BFCB2-ABC2-AB4E-BB0F-310A54D424AF RSSI=-82; connecting
CONNECTED: discovering file service
SERVICE DISCOVERY: count=1 error=none
CHARACTERISTIC DISCOVERY: count=3
BEGIN: acknowledged write; maximum value bytes=512
CONTROL ACK: phase=1; reading application status
RESUME OFFSET=63500/139552
STAGING CHECKPOINT=67600/139552 (not applied)
STAGING CHECKPOINT=71700/139552 (not applied)
FAIL: 300-second bounded timeout; application outcome may be unknown; staging retained if Dell remains powered
