UEFI PCI port: exclusive claim, fresh identity, BAR descriptor/bounds, memory-only enable, allowlisted IO, wake-before-release, ambiguous-write/cleanup retries, actual Command readback/Write16 fallback/stale API/drop-write retention PASS; MOCK HARDWARE ONLY
HTT_NATIVE scenario=0 posts=1 DMA=1 version=1 error=0 archive=0 all14released=1
PERSISTENT_MOCK active_ticks=12 fault=0 startup=0 phase=4 polls=33 ALL14 RELEASE PASS
WMI_INIT_MOCK phase2/error0 transaction4 tx1 rx1 fault0 ALL14 RELEASED PASS
OPERATING_MOCK phase2/error0 tx3 rx4 fault35 SAFE RELEASE PASS
QWBT_MOCK=5157425430303031050000000000000014000000000000002a0c00002a0c000000804000000000000000000014000000080000000001000009000000010000000500000000000000000000000000000006000000002100000c0000000e00000000000000010002050800000005000000000000000000000000000000010000008f8b002fccfe81d42238f27dd1f56d189604f180bd4772c7c8e75ae1fef16f01
LEGACY WRITES BLOCKED WHILE OWNED; DELEGATED AFTER COMPLETE CLEANUP; ASSET SEALED PASS
ACTUAL ENTRYPOINT TWO LIFETIMES fault35 PASS; SYNTHETIC RADIO/HTC ONLY
RAM phase=4 error=0 allocs=2 frees=0 setup=4/0 bmi=2/0 type=8 stage=5
SECOND phase=5 error=0 plan=20/0 streams=3 exec=2 stage=6/8448 pins=0 alloc=14 free=14 open=2 close=2
INIT COUNTS tx=1 rx=1 posted=0 available=8 outstanding=0
PERSISTENT_FINAL phase=4 error=0 life_error=0 active=12 stop=1 polls=33
UEFI PCI port: exclusive claim, fresh identity, BAR descriptor/bounds, memory-only enable, allowlisted IO, wake-before-release, ambiguous-write/cleanup retries, actual Command readback/Write16 fallback/stale API/drop-write retention PASS; MOCK HARDWARE ONLY
HTT_NATIVE scenario=1 posts=1 DMA=0 version=1 error=7 archive=0 all14released=1
PERSISTENT_MOCK active_ticks=3010 fault=0 startup=0 phase=4 polls=6029 ALL14 RELEASE PASS
WMI_INIT_MOCK phase2/error0 transaction4 tx1 rx1 fault0 ALL14 RELEASED PASS
OPERATING_MOCK phase2/error0 tx3 rx4 fault35 SAFE RELEASE PASS
QWBT_MOCK=5157425430303031050000000000000014000000000000002a0c00002a0c000000804000000000000000000014000000080000000001000009000000010000000500000000000000000000000000000006000000002100000c0000000e00000000000000010002050800000005000000000000000000000000000000010000008f8b002fccfe81d42238f27dd1f56d189604f180bd4772c7c8e75ae1fef16f01
LEGACY WRITES BLOCKED WHILE OWNED; DELEGATED AFTER COMPLETE CLEANUP; ASSET SEALED PASS
ACTUAL ENTRYPOINT TWO LIFETIMES fault35 PASS; SYNTHETIC RADIO/HTC ONLY
RAM phase=4 error=0 allocs=2 frees=0 setup=4/0 bmi=2/0 type=8 stage=5
SECOND phase=5 error=0 plan=20/0 streams=3 exec=2 stage=6/8448 pins=0 alloc=14 free=14 open=2 close=2
INIT COUNTS tx=1 rx=1 posted=0 available=8 outstanding=0
PERSISTENT_FINAL phase=4 error=0 life_error=0 active=3010 stop=1 polls=6029
UEFI PCI port: exclusive claim, fresh identity, BAR descriptor/bounds, memory-only enable, allowlisted IO, wake-before-release, ambiguous-write/cleanup retries, actual Command readback/Write16 fallback/stale API/drop-write retention PASS; MOCK HARDWARE ONLY
HTT_NATIVE scenario=2 posts=1 DMA=0 version=0 error=3 archive=0 all14released=1
PERSISTENT_MOCK active_ticks=10 fault=0 startup=0 phase=4 polls=28 ALL14 RELEASE PASS
WMI_INIT_MOCK phase2/error0 transaction4 tx1 rx1 fault0 ALL14 RELEASED PASS
OPERATING_MOCK phase2/error0 tx3 rx4 fault35 SAFE RELEASE PASS
QWBT_MOCK=5157425430303031050000000000000014000000000000002a0c00002a0c000000804000000000000000000014000000080000000001000009000000010000000500000000000000000000000000000006000000002100000c0000000e00000000000000010002050800000005000000000000000000000000000000010000008f8b002fccfe81d42238f27dd1f56d189604f180bd4772c7c8e75ae1fef16f01
LEGACY WRITES BLOCKED WHILE OWNED; DELEGATED AFTER COMPLETE CLEANUP; ASSET SEALED PASS
ACTUAL ENTRYPOINT TWO LIFETIMES fault35 PASS; SYNTHETIC RADIO/HTC ONLY
RAM phase=4 error=0 allocs=2 frees=0 setup=4/0 bmi=2/0 type=8 stage=5
SECOND phase=5 error=0 plan=20/0 streams=3 exec=2 stage=6/8448 pins=0 alloc=14 free=14 open=2 close=2
INIT COUNTS tx=1 rx=1 posted=0 available=8 outstanding=0
PERSISTENT_FINAL phase=4 error=0 life_error=0 active=10 stop=1 polls=28
UEFI PCI port: exclusive claim, fresh identity, BAR descriptor/bounds, memory-only enable, allowlisted IO, wake-before-release, ambiguous-write/cleanup retries, actual Command readback/Write16 fallback/stale API/drop-write retention PASS; MOCK HARDWARE ONLY
HTT_NATIVE scenario=3 posts=1 DMA=0 version=0 error=6 archive=0 all14released=1
PERSISTENT_MOCK active_ticks=10 fault=0 startup=0 phase=4 polls=29 ALL14 RELEASE PASS
WMI_INIT_MOCK phase2/error0 transaction4 tx1 rx1 fault0 ALL14 RELEASED PASS
OPERATING_MOCK phase2/error0 tx3 rx4 fault35 SAFE RELEASE PASS
QWBT_MOCK=5157425430303031050000000000000014000000000000002a0c00002a0c000000804000000000000000000014000000080000000001000009000000010000000500000000000000000000000000000006000000002100000c0000000e00000000000000010002050800000005000000000000000000000000000000010000008f8b002fccfe81d42238f27dd1f56d189604f180bd4772c7c8e75ae1fef16f01
LEGACY WRITES BLOCKED WHILE OWNED; DELEGATED AFTER COMPLETE CLEANUP; ASSET SEALED PASS
ACTUAL ENTRYPOINT TWO LIFETIMES fault35 PASS; SYNTHETIC RADIO/HTC ONLY
RAM phase=4 error=0 allocs=2 frees=0 setup=4/0 bmi=2/0 type=8 stage=5
SECOND phase=5 error=0 plan=20/0 streams=3 exec=2 stage=6/8448 pins=0 alloc=14 free=14 open=2 close=2
INIT COUNTS tx=1 rx=1 posted=0 available=8 outstanding=0
PERSISTENT_FINAL phase=4 error=0 life_error=0 active=10 stop=1 polls=29
UEFI PCI port: exclusive claim, fresh identity, BAR descriptor/bounds, memory-only enable, allowlisted IO, wake-before-release, ambiguous-write/cleanup retries, actual Command readback/Write16 fallback/stale API/drop-write retention PASS; MOCK HARDWARE ONLY
HTT_NATIVE scenario=4 posts=1 DMA=0 version=0 error=13 archive=0 all14released=1
PERSISTENT_MOCK active_ticks=10 fault=0 startup=0 phase=4 polls=29 ALL14 RELEASE PASS
WMI_INIT_MOCK phase2/error0 transaction4 tx1 rx1 fault0 ALL14 RELEASED PASS
OPERATING_MOCK phase2/error0 tx3 rx4 fault35 SAFE RELEASE PASS
QWBT_MOCK=5157425430303031050000000000000014000000000000002a0c00002a0c000000804000000000000000000014000000080000000001000009000000010000000500000000000000000000000000000006000000002100000c0000000e00000000000000010002050800000005000000000000000000000000000000010000008f8b002fccfe81d42238f27dd1f56d189604f180bd4772c7c8e75ae1fef16f01
LEGACY WRITES BLOCKED WHILE OWNED; DELEGATED AFTER COMPLETE CLEANUP; ASSET SEALED PASS
ACTUAL ENTRYPOINT TWO LIFETIMES fault35 PASS; SYNTHETIC RADIO/HTC ONLY
RAM phase=4 error=0 allocs=2 frees=0 setup=4/0 bmi=2/0 type=8 stage=5
SECOND phase=5 error=0 plan=20/0 streams=3 exec=2 stage=6/8448 pins=0 alloc=14 free=14 open=2 close=2
INIT COUNTS tx=1 rx=1 posted=0 available=8 outstanding=0
PERSISTENT_FINAL phase=4 error=0 life_error=0 active=10 stop=1 polls=29
UEFI PCI port: exclusive claim, fresh identity, BAR descriptor/bounds, memory-only enable, allowlisted IO, wake-before-release, ambiguous-write/cleanup retries, actual Command readback/Write16 fallback/stale API/drop-write retention PASS; MOCK HARDWARE ONLY
HTT_NATIVE scenario=5 posts=1 DMA=0 version=0 error=13 archive=0 all14released=1
PERSISTENT_MOCK active_ticks=10 fault=0 startup=0 phase=4 polls=29 ALL14 RELEASE PASS
WMI_INIT_MOCK phase2/error0 transaction4 tx1 rx1 fault0 ALL14 RELEASED PASS
OPERATING_MOCK phase2/error0 tx3 rx4 fault35 SAFE RELEASE PASS
QWBT_MOCK=5157425430303031050000000000000014000000000000002a0c00002a0c000000804000000000000000000014000000080000000001000009000000010000000500000000000000000000000000000006000000002100000c0000000e00000000000000010002050800000005000000000000000000000000000000010000008f8b002fccfe81d42238f27dd1f56d189604f180bd4772c7c8e75ae1fef16f01
LEGACY WRITES BLOCKED WHILE OWNED; DELEGATED AFTER COMPLETE CLEANUP; ASSET SEALED PASS
ACTUAL ENTRYPOINT TWO LIFETIMES fault35 PASS; SYNTHETIC RADIO/HTC ONLY
RAM phase=4 error=0 allocs=2 frees=0 setup=4/0 bmi=2/0 type=8 stage=5
SECOND phase=5 error=0 plan=20/0 streams=3 exec=2 stage=6/8448 pins=0 alloc=14 free=14 open=2 close=2
INIT COUNTS tx=1 rx=1 posted=0 available=8 outstanding=0
PERSISTENT_FINAL phase=4 error=0 life_error=0 active=10 stop=1 polls=29
UEFI PCI port: exclusive claim, fresh identity, BAR descriptor/bounds, memory-only enable, allowlisted IO, wake-before-release, ambiguous-write/cleanup retries, actual Command readback/Write16 fallback/stale API/drop-write retention PASS; MOCK HARDWARE ONLY
HTT_NATIVE scenario=6 posts=1 DMA=0 version=0 error=13 archive=0 all14released=1
PERSISTENT_MOCK active_ticks=10 fault=0 startup=0 phase=4 polls=29 ALL14 RELEASE PASS
WMI_INIT_MOCK phase2/error0 transaction4 tx1 rx1 fault0 ALL14 RELEASED PASS
OPERATING_MOCK phase2/error0 tx3 rx4 fault35 SAFE RELEASE PASS
QWBT_MOCK=5157425430303031050000000000000014000000000000002a0c00002a0c000000804000000000000000000014000000080000000001000009000000010000000500000000000000000000000000000006000000002100000c0000000e00000000000000010002050800000005000000000000000000000000000000010000008f8b002fccfe81d42238f27dd1f56d189604f180bd4772c7c8e75ae1fef16f01
LEGACY WRITES BLOCKED WHILE OWNED; DELEGATED AFTER COMPLETE CLEANUP; ASSET SEALED PASS
ACTUAL ENTRYPOINT TWO LIFETIMES fault35 PASS; SYNTHETIC RADIO/HTC ONLY
RAM phase=4 error=0 allocs=2 frees=0 setup=4/0 bmi=2/0 type=8 stage=5
SECOND phase=5 error=0 plan=20/0 streams=3 exec=2 stage=6/8448 pins=0 alloc=14 free=14 open=2 close=2
INIT COUNTS tx=1 rx=1 posted=0 available=8 outstanding=0
PERSISTENT_FINAL phase=4 error=0 life_error=0 active=10 stop=1 polls=29
UEFI PCI port: exclusive claim, fresh identity, BAR descriptor/bounds, memory-only enable, allowlisted IO, wake-before-release, ambiguous-write/cleanup retries, actual Command readback/Write16 fallback/stale API/drop-write retention PASS; MOCK HARDWARE ONLY
HTT_NATIVE scenario=7 posts=1 DMA=1 version=0 error=10 archive=0 all14released=1
PERSISTENT_MOCK active_ticks=12 fault=0 startup=0 phase=4 polls=33 ALL14 RELEASE PASS
WMI_INIT_MOCK phase2/error0 transaction4 tx1 rx1 fault0 ALL14 RELEASED PASS
OPERATING_MOCK phase2/error0 tx3 rx4 fault35 SAFE RELEASE PASS
QWBT_MOCK=5157425430303031050000000000000014000000000000002a0c00002a0c000000804000000000000000000014000000080000000001000009000000010000000500000000000000000000000000000006000000002100000c0000000e00000000000000010002050800000005000000000000000000000000000000010000008f8b002fccfe81d42238f27dd1f56d189604f180bd4772c7c8e75ae1fef16f01
LEGACY WRITES BLOCKED WHILE OWNED; DELEGATED AFTER COMPLETE CLEANUP; ASSET SEALED PASS
ACTUAL ENTRYPOINT TWO LIFETIMES fault35 PASS; SYNTHETIC RADIO/HTC ONLY
RAM phase=4 error=0 allocs=2 frees=0 setup=4/0 bmi=2/0 type=8 stage=5
SECOND phase=5 error=0 plan=20/0 streams=3 exec=2 stage=6/8448 pins=0 alloc=14 free=14 open=2 close=2
INIT COUNTS tx=1 rx=1 posted=0 available=8 outstanding=0
PERSISTENT_FINAL phase=4 error=0 life_error=0 active=12 stop=1 polls=33
UEFI PCI port: exclusive claim, fresh identity, BAR descriptor/bounds, memory-only enable, allowlisted IO, wake-before-release, ambiguous-write/cleanup retries, actual Command readback/Write16 fallback/stale API/drop-write retention PASS; MOCK HARDWARE ONLY
HTT_NATIVE scenario=8 posts=1 DMA=1 version=0 error=10 archive=0 all14released=1
PERSISTENT_MOCK active_ticks=12 fault=0 startup=0 phase=4 polls=33 ALL14 RELEASE PASS
WMI_INIT_MOCK phase2/error0 transaction4 tx1 rx1 fault0 ALL14 RELEASED PASS
OPERATING_MOCK phase2/error0 tx3 rx4 fault35 SAFE RELEASE PASS
QWBT_MOCK=5157425430303031050000000000000014000000000000002a0c00002a0c000000804000000000000000000014000000080000000001000009000000010000000500000000000000000000000000000006000000002100000c0000000e00000000000000010002050800000005000000000000000000000000000000010000008f8b002fccfe81d42238f27dd1f56d189604f180bd4772c7c8e75ae1fef16f01
LEGACY WRITES BLOCKED WHILE OWNED; DELEGATED AFTER COMPLETE CLEANUP; ASSET SEALED PASS
ACTUAL ENTRYPOINT TWO LIFETIMES fault35 PASS; SYNTHETIC RADIO/HTC ONLY
RAM phase=4 error=0 allocs=2 frees=0 setup=4/0 bmi=2/0 type=8 stage=5
SECOND phase=5 error=0 plan=20/0 streams=3 exec=2 stage=6/8448 pins=0 alloc=14 free=14 open=2 close=2
INIT COUNTS tx=1 rx=1 posted=0 available=8 outstanding=0
PERSISTENT_FINAL phase=4 error=0 life_error=0 active=12 stop=1 polls=33
UEFI PCI port: exclusive claim, fresh identity, BAR descriptor/bounds, memory-only enable, allowlisted IO, wake-before-release, ambiguous-write/cleanup retries, actual Command readback/Write16 fallback/stale API/drop-write retention PASS; MOCK HARDWARE ONLY
HTT_NATIVE scenario=9 posts=1 DMA=1 version=0 error=6 archive=0 all14released=1
PERSISTENT_MOCK active_ticks=12 fault=0 startup=0 phase=5 polls=14 ALL14 RELEASE PASS
WMI_INIT_MOCK phase2/error0 transaction4 tx1 rx1 fault0 ALL14 RELEASED PASS
OPERATING_MOCK phase2/error0 tx3 rx4 fault35 SAFE RELEASE PASS
QWBT_MOCK=5157425430303031050000000000000014000000000000002a0c00002a0c000000804000000000000000000014000000080000000001000009000000010000000500000000000000000000000000000006000000002100000c0000000e00000000000000010002050800000005000000000000000000000000000000010000008f8b002fccfe81d42238f27dd1f56d189604f180bd4772c7c8e75ae1fef16f01
LEGACY WRITES BLOCKED WHILE OWNED; DELEGATED AFTER COMPLETE CLEANUP; ASSET SEALED PASS
ACTUAL ENTRYPOINT TWO LIFETIMES fault35 PASS; SYNTHETIC RADIO/HTC ONLY
RAM phase=4 error=0 allocs=2 frees=0 setup=4/0 bmi=2/0 type=8 stage=5
PERSISTENT_BEGIN_ERROR=33
PERSISTENT_BEGIN_ERROR=33
PERSISTENT_BEGIN_ERROR=33
PERSISTENT_BEGIN_ERROR=33
PERSISTENT_BEGIN_ERROR=33
PERSISTENT_BEGIN_ERROR=33
PERSISTENT_BEGIN_ERROR=33
PERSISTENT_BEGIN_ERROR=33
PERSISTENT_BEGIN_ERROR=33
PERSISTENT_BEGIN_ERROR=33
PERSISTENT_BEGIN_ERROR=33
PERSISTENT_BEGIN_ERROR=33
PERSISTENT_BEGIN_ERROR=33
PERSISTENT_BEGIN_ERROR=33
PERSISTENT_BEGIN_ERROR=33
PERSISTENT_BEGIN_ERROR=33
PERSISTENT_BEGIN_ERROR=33
PERSISTENT_BEGIN_ERROR=33
SECOND phase=5 error=0 plan=20/0 streams=3 exec=2 stage=6/8448 pins=0 alloc=14 free=14 open=2 close=2
INIT COUNTS tx=1 rx=1 posted=0 available=8 outstanding=0
PERSISTENT_FINAL phase=5 error=33 life_error=3 active=12 stop=0 polls=14
UEFI PCI port: exclusive claim, fresh identity, BAR descriptor/bounds, memory-only enable, allowlisted IO, wake-before-release, ambiguous-write/cleanup retries, actual Command readback/Write16 fallback/stale API/drop-write retention PASS; MOCK HARDWARE ONLY
HTT_NATIVE scenario=10 posts=1 DMA=1 version=1 error=0 archive=0 all14released=1
PERSISTENT_MOCK active_ticks=12 fault=0 startup=1 phase=4 polls=33 ALL14 RELEASE PASS
WMI_INIT_MOCK phase2/error0 transaction4 tx1 rx1 fault1 ALL14 RELEASED PASS
OPERATING_MOCK phase2/error0 tx3 rx4 fault35 SAFE RELEASE PASS
QWBT_MOCK=5157425430303031050000000000000014000000000000002a0c00002a0c000000804000000000000000000014000000080000000001000009000000010000000500000000000000000000000000000006000000002100000c0000000e00000000000000010002050800000005000000000000000000000000000000010000008f8b002fccfe81d42238f27dd1f56d189604f180bd4772c7c8e75ae1fef16f01
LEGACY WRITES BLOCKED WHILE OWNED; DELEGATED AFTER COMPLETE CLEANUP; ASSET SEALED PASS
ACTUAL ENTRYPOINT TWO LIFETIMES fault35 PASS; SYNTHETIC RADIO/HTC ONLY
RAM phase=4 error=0 allocs=2 frees=0 setup=4/0 bmi=2/0 type=8 stage=5
SECOND phase=5 error=0 plan=20/0 streams=3 exec=2 stage=6/8448 pins=0 alloc=14 free=14 open=2 close=2
INIT COUNTS tx=1 rx=1 posted=0 available=8 outstanding=0
PERSISTENT_FINAL phase=4 error=0 life_error=0 active=12 stop=1 polls=33
UEFI PCI port: exclusive claim, fresh identity, BAR descriptor/bounds, memory-only enable, allowlisted IO, wake-before-release, ambiguous-write/cleanup retries, actual Command readback/Write16 fallback/stale API/drop-write retention PASS; MOCK HARDWARE ONLY
HTT_NATIVE scenario=11 posts=1 DMA=1 version=0 error=6 archive=0 all14released=1
PERSISTENT_MOCK active_ticks=12 fault=0 startup=0 phase=5 polls=14 ALL14 RELEASE PASS
WMI_INIT_MOCK phase2/error0 transaction4 tx1 rx1 fault0 ALL14 RELEASED PASS
OPERATING_MOCK phase2/error0 tx3 rx4 fault35 SAFE RELEASE PASS
QWBT_MOCK=5157425430303031050000000000000014000000000000002a0c00002a0c000000804000000000000000000014000000080000000001000009000000010000000500000000000000000000000000000006000000002100000c0000000e00000000000000010002050800000005000000000000000000000000000000010000008f8b002fccfe81d42238f27dd1f56d189604f180bd4772c7c8e75ae1fef16f01
LEGACY WRITES BLOCKED WHILE OWNED; DELEGATED AFTER COMPLETE CLEANUP; ASSET SEALED PASS
ACTUAL ENTRYPOINT TWO LIFETIMES fault35 PASS; SYNTHETIC RADIO/HTC ONLY
RAM phase=4 error=0 allocs=2 frees=0 setup=4/0 bmi=2/0 type=8 stage=5
PERSISTENT_BEGIN_ERROR=33
PERSISTENT_BEGIN_ERROR=33
PERSISTENT_BEGIN_ERROR=33
PERSISTENT_BEGIN_ERROR=33
PERSISTENT_BEGIN_ERROR=33
PERSISTENT_BEGIN_ERROR=33
PERSISTENT_BEGIN_ERROR=33
PERSISTENT_BEGIN_ERROR=33
PERSISTENT_BEGIN_ERROR=33
PERSISTENT_BEGIN_ERROR=33
PERSISTENT_BEGIN_ERROR=33
PERSISTENT_BEGIN_ERROR=33
PERSISTENT_BEGIN_ERROR=33
PERSISTENT_BEGIN_ERROR=33
PERSISTENT_BEGIN_ERROR=33
PERSISTENT_BEGIN_ERROR=33
PERSISTENT_BEGIN_ERROR=33
PERSISTENT_BEGIN_ERROR=33
SECOND phase=5 error=0 plan=20/0 streams=3 exec=2 stage=6/8448 pins=0 alloc=14 free=14 open=2 close=2
INIT COUNTS tx=1 rx=1 posted=0 available=8 outstanding=0
PERSISTENT_FINAL phase=5 error=33 life_error=3 active=12 stop=0 polls=14
UEFI PCI port: exclusive claim, fresh identity, BAR descriptor/bounds, memory-only enable, allowlisted IO, wake-before-release, ambiguous-write/cleanup retries, actual Command readback/Write16 fallback/stale API/drop-write retention PASS; MOCK HARDWARE ONLY
HTT_NATIVE scenario=12 posts=1 DMA=0 version=0 error=10 archive=0 all14released=1
PERSISTENT_MOCK active_ticks=10 fault=0 startup=0 phase=4 polls=29 ALL14 RELEASE PASS
WMI_INIT_MOCK phase2/error0 transaction4 tx1 rx1 fault0 ALL14 RELEASED PASS
OPERATING_MOCK phase2/error0 tx3 rx4 fault35 SAFE RELEASE PASS
QWBT_MOCK=5157425430303031050000000000000014000000000000002a0c00002a0c000000804000000000000000000014000000080000000001000009000000010000000500000000000000000000000000000006000000002100000c0000000e00000000000000010002050800000005000000000000000000000000000000010000008f8b002fccfe81d42238f27dd1f56d189604f180bd4772c7c8e75ae1fef16f01
LEGACY WRITES BLOCKED WHILE OWNED; DELEGATED AFTER COMPLETE CLEANUP; ASSET SEALED PASS
ACTUAL ENTRYPOINT TWO LIFETIMES fault35 PASS; SYNTHETIC RADIO/HTC ONLY
RAM phase=4 error=0 allocs=2 frees=0 setup=4/0 bmi=2/0 type=8 stage=5
SECOND phase=5 error=0 plan=20/0 streams=3 exec=2 stage=6/8448 pins=0 alloc=14 free=14 open=2 close=2
INIT COUNTS tx=1 rx=1 posted=0 available=8 outstanding=0
PERSISTENT_FINAL phase=4 error=0 life_error=0 active=10 stop=1 polls=29
UEFI PCI port: exclusive claim, fresh identity, BAR descriptor/bounds, memory-only enable, allowlisted IO, wake-before-release, ambiguous-write/cleanup retries, actual Command readback/Write16 fallback/stale API/drop-write retention PASS; MOCK HARDWARE ONLY
HTT_NATIVE scenario=13 posts=1 DMA=1 version=1 error=0 archive=2 all14released=1
PERSISTENT_MOCK active_ticks=13 fault=0 startup=0 phase=4 polls=35 ALL14 RELEASE PASS
WMI_INIT_MOCK phase2/error0 transaction4 tx1 rx1 fault0 ALL14 RELEASED PASS
OPERATING_MOCK phase2/error0 tx3 rx4 fault35 SAFE RELEASE PASS
QWBT_MOCK=5157425430303031050000000000000014000000000000002a0c00002a0c000000804000000000000000000014000000080000000001000009000000010000000500000000000000000000000000000006000000002100000c0000000e00000000000000010002050800000005000000000000000000000000000000010000008f8b002fccfe81d42238f27dd1f56d189604f180bd4772c7c8e75ae1fef16f01
LEGACY WRITES BLOCKED WHILE OWNED; DELEGATED AFTER COMPLETE CLEANUP; ASSET SEALED PASS
ACTUAL ENTRYPOINT TWO LIFETIMES fault35 PASS; SYNTHETIC RADIO/HTC ONLY
RAM phase=4 error=0 allocs=2 frees=0 setup=4/0 bmi=2/0 type=8 stage=5
SECOND phase=5 error=0 plan=20/0 streams=3 exec=2 stage=6/8448 pins=0 alloc=14 free=14 open=2 close=2
INIT COUNTS tx=1 rx=1 posted=0 available=8 outstanding=0
PERSISTENT_FINAL phase=4 error=0 life_error=0 active=13 stop=1 polls=35
UEFI PCI port: exclusive claim, fresh identity, BAR descriptor/bounds, memory-only enable, allowlisted IO, wake-before-release, ambiguous-write/cleanup retries, actual Command readback/Write16 fallback/stale API/drop-write retention PASS; MOCK HARDWARE ONLY
HTT_NATIVE scenario=14 posts=1 DMA=1 version=0 error=11 archive=2 all14released=1
PERSISTENT_MOCK active_ticks=13 fault=0 startup=0 phase=4 polls=35 ALL14 RELEASE PASS
WMI_INIT_MOCK phase2/error0 transaction4 tx1 rx1 fault0 ALL14 RELEASED PASS
OPERATING_MOCK phase2/error0 tx3 rx4 fault35 SAFE RELEASE PASS
QWBT_MOCK=5157425430303031050000000000000014000000000000002a0c00002a0c000000804000000000000000000014000000080000000001000009000000010000000500000000000000000000000000000006000000002100000c0000000e00000000000000010002050800000005000000000000000000000000000000010000008f8b002fccfe81d42238f27dd1f56d189604f180bd4772c7c8e75ae1fef16f01
LEGACY WRITES BLOCKED WHILE OWNED; DELEGATED AFTER COMPLETE CLEANUP; ASSET SEALED PASS
ACTUAL ENTRYPOINT TWO LIFETIMES fault35 PASS; SYNTHETIC RADIO/HTC ONLY
RAM phase=4 error=0 allocs=2 frees=0 setup=4/0 bmi=2/0 type=8 stage=5
SECOND phase=5 error=0 plan=20/0 streams=3 exec=2 stage=6/8448 pins=0 alloc=14 free=14 open=2 close=2
INIT COUNTS tx=1 rx=1 posted=0 available=8 outstanding=0
PERSISTENT_FINAL phase=4 error=0 life_error=0 active=13 stop=1 polls=35
UEFI PCI port: exclusive claim, fresh identity, BAR descriptor/bounds, memory-only enable, allowlisted IO, wake-before-release, ambiguous-write/cleanup retries, actual Command readback/Write16 fallback/stale API/drop-write retention PASS; MOCK HARDWARE ONLY
HTT_NATIVE scenario=15 posts=1 DMA=1 version=0 error=7 archive=0 all14released=1
PERSISTENT_MOCK active_ticks=3010 fault=0 startup=0 phase=4 polls=6029 ALL14 RELEASE PASS
WMI_INIT_MOCK phase2/error0 transaction4 tx1 rx1 fault0 ALL14 RELEASED PASS
OPERATING_MOCK phase2/error0 tx3 rx4 fault35 SAFE RELEASE PASS
QWBT_MOCK=5157425430303031050000000000000014000000000000002a0c00002a0c000000804000000000000000000014000000080000000001000009000000010000000500000000000000000000000000000006000000002100000c0000000e00000000000000010002050800000005000000000000000000000000000000010000008f8b002fccfe81d42238f27dd1f56d189604f180bd4772c7c8e75ae1fef16f01
LEGACY WRITES BLOCKED WHILE OWNED; DELEGATED AFTER COMPLETE CLEANUP; ASSET SEALED PASS
ACTUAL ENTRYPOINT TWO LIFETIMES fault35 PASS; SYNTHETIC RADIO/HTC ONLY
RAM phase=4 error=0 allocs=2 frees=0 setup=4/0 bmi=2/0 type=8 stage=5
SECOND phase=5 error=0 plan=20/0 streams=3 exec=2 stage=6/8448 pins=0 alloc=14 free=14 open=2 close=2
INIT COUNTS tx=1 rx=1 posted=0 available=8 outstanding=0
PERSISTENT_FINAL phase=4 error=0 life_error=0 active=3010 stop=1 polls=6029
UEFI PCI port: exclusive claim, fresh identity, BAR descriptor/bounds, memory-only enable, allowlisted IO, wake-before-release, ambiguous-write/cleanup retries, actual Command readback/Write16 fallback/stale API/drop-write retention PASS; MOCK HARDWARE ONLY
HTT_NATIVE scenario=16 posts=1 DMA=1 version=0 error=6 archive=0 all14released=1
PERSISTENT_MOCK active_ticks=12 fault=0 startup=0 phase=5 polls=14 ALL14 RELEASE PASS
WMI_INIT_MOCK phase2/error0 transaction4 tx1 rx1 fault0 ALL14 RELEASED PASS
OPERATING_MOCK phase3/error2 tx3 rx4 fault35 SAFE RELEASE PASS
QWBT_MOCK=5157425430303031050000000000000014000000000000002a0c00002a0c000000804000000000000000000014000000080000000001000009000000010000000500000000000000000000000000000006000000002100000c0000000e00000000000000010002050800000005000000000000000000000000000000010000008f8b002fccfe81d42238f27dd1f56d189604f180bd4772c7c8e75ae1fef16f01
LEGACY WRITES BLOCKED WHILE OWNED; DELEGATED AFTER COMPLETE CLEANUP; ASSET SEALED PASS
ACTUAL ENTRYPOINT TWO LIFETIMES fault35 PASS; SYNTHETIC RADIO/HTC ONLY
RAM phase=4 error=0 allocs=2 frees=0 setup=4/0 bmi=2/0 type=8 stage=5
SECOND phase=5 error=0 plan=20/0 streams=3 exec=2 stage=6/8448 pins=0 alloc=14 free=14 open=2 close=2
INIT COUNTS tx=1 rx=1 posted=0 available=8 outstanding=0
PERSISTENT_FINAL phase=5 error=0 life_error=3 active=12 stop=0 polls=14
UEFI PCI port: exclusive claim, fresh identity, BAR descriptor/bounds, memory-only enable, allowlisted IO, wake-before-release, ambiguous-write/cleanup retries, actual Command readback/Write16 fallback/stale API/drop-write retention PASS; MOCK HARDWARE ONLY
HTT_NATIVE scenario=17 posts=1 DMA=1 version=0 error=5 archive=0 all14released=1
PERSISTENT_MOCK active_ticks=12 fault=0 startup=0 phase=4 polls=32 ALL14 RELEASE PASS
WMI_INIT_MOCK phase2/error0 transaction4 tx1 rx1 fault0 ALL14 RELEASED PASS
OPERATING_MOCK phase2/error0 tx3 rx4 fault35 SAFE RELEASE PASS
QWBT_MOCK=5157425430303031050000000000000014000000000000002a0c00002a0c000000804000000000000000000014000000080000000001000009000000010000000500000000000000000000000000000006000000002100000c0000000e00000000000000010002050800000005000000000000000000000000000000010000008f8b002fccfe81d42238f27dd1f56d189604f180bd4772c7c8e75ae1fef16f01
LEGACY WRITES BLOCKED WHILE OWNED; DELEGATED AFTER COMPLETE CLEANUP; ASSET SEALED PASS
ACTUAL ENTRYPOINT TWO LIFETIMES fault35 PASS; SYNTHETIC RADIO/HTC ONLY
RAM phase=4 error=0 allocs=2 frees=0 setup=4/0 bmi=2/0 type=8 stage=5
SECOND phase=5 error=0 plan=20/0 streams=3 exec=2 stage=6/8448 pins=0 alloc=14 free=14 open=2 close=2
INIT COUNTS tx=1 rx=1 posted=0 available=8 outstanding=0
PERSISTENT_FINAL phase=4 error=0 life_error=0 active=12 stop=1 polls=32
UEFI PCI port: exclusive claim, fresh identity, BAR descriptor/bounds, memory-only enable, allowlisted IO, wake-before-release, ambiguous-write/cleanup retries, actual Command readback/Write16 fallback/stale API/drop-write retention PASS; MOCK HARDWARE ONLY
HTT_NATIVE scenario=18 posts=1 DMA=1 version=0 error=4 archive=0 all14released=1
PERSISTENT_MOCK active_ticks=12 fault=0 startup=0 phase=5 polls=14 ALL14 RELEASE PASS
WMI_INIT_MOCK phase2/error0 transaction4 tx1 rx1 fault0 ALL14 RELEASED PASS
OPERATING_MOCK phase2/error0 tx3 rx4 fault35 SAFE RELEASE PASS
QWBT_MOCK=5157425430303031050000000000000014000000000000002a0c00002a0c000000804000000000000000000014000000080000000001000009000000010000000500000000000000000000000000000006000000002100000c0000000e00000000000000010002050800000005000000000000000000000000000000010000008f8b002fccfe81d42238f27dd1f56d189604f180bd4772c7c8e75ae1fef16f01
LEGACY WRITES BLOCKED WHILE OWNED; DELEGATED AFTER COMPLETE CLEANUP; ASSET SEALED PASS
ACTUAL ENTRYPOINT TWO LIFETIMES fault35 PASS; SYNTHETIC RADIO/HTC ONLY
RAM phase=4 error=0 allocs=2 frees=0 setup=4/0 bmi=2/0 type=8 stage=5
SECOND phase=5 error=0 plan=20/0 streams=3 exec=2 stage=6/8448 pins=0 alloc=14 free=14 open=2 close=2
INIT COUNTS tx=1 rx=1 posted=0 available=8 outstanding=0
PERSISTENT_FINAL phase=5 error=0 life_error=3 active=12 stop=0 polls=14
UEFI PCI port: exclusive claim, fresh identity, BAR descriptor/bounds, memory-only enable, allowlisted IO, wake-before-release, ambiguous-write/cleanup retries, actual Command readback/Write16 fallback/stale API/drop-write retention PASS; MOCK HARDWARE ONLY
HTT_NATIVE scenario=19 posts=1 DMA=1 version=0 error=6 archive=0 all14released=1
PERSISTENT_MOCK active_ticks=12 fault=0 startup=0 phase=5 polls=14 ALL14 RELEASE PASS
WMI_INIT_MOCK phase2/error0 transaction4 tx1 rx1 fault0 ALL14 RELEASED PASS
OPERATING_MOCK phase2/error0 tx3 rx4 fault35 SAFE RELEASE PASS
QWBT_MOCK=5157425430303031050000000000000014000000000000002a0c00002a0c000000804000000000000000000014000000080000000001000009000000010000000500000000000000000000000000000006000000002100000c0000000e00000000000000010002050800000005000000000000000000000000000000010000008f8b002fccfe81d42238f27dd1f56d189604f180bd4772c7c8e75ae1fef16f01
LEGACY WRITES BLOCKED WHILE OWNED; DELEGATED AFTER COMPLETE CLEANUP; ASSET SEALED PASS
ACTUAL ENTRYPOINT TWO LIFETIMES fault35 PASS; SYNTHETIC RADIO/HTC ONLY
RAM phase=4 error=0 allocs=2 frees=0 setup=4/0 bmi=2/0 type=8 stage=5
PERSISTENT_BEGIN_ERROR=33
PERSISTENT_BEGIN_ERROR=33
PERSISTENT_BEGIN_ERROR=33
PERSISTENT_BEGIN_ERROR=33
PERSISTENT_BEGIN_ERROR=33
PERSISTENT_BEGIN_ERROR=33
PERSISTENT_BEGIN_ERROR=33
PERSISTENT_BEGIN_ERROR=33
PERSISTENT_BEGIN_ERROR=33
PERSISTENT_BEGIN_ERROR=33
PERSISTENT_BEGIN_ERROR=33
PERSISTENT_BEGIN_ERROR=33
PERSISTENT_BEGIN_ERROR=33
PERSISTENT_BEGIN_ERROR=33
PERSISTENT_BEGIN_ERROR=33
PERSISTENT_BEGIN_ERROR=33
PERSISTENT_BEGIN_ERROR=33
PERSISTENT_BEGIN_ERROR=33
SECOND phase=5 error=0 plan=20/0 streams=3 exec=2 stage=6/8448 pins=0 alloc=14 free=14 open=2 close=2
INIT COUNTS tx=1 rx=1 posted=0 available=8 outstanding=0
PERSISTENT_FINAL phase=5 error=33 life_error=3 active=12 stop=0 polls=14
UEFI PCI port: exclusive claim, fresh identity, BAR descriptor/bounds, memory-only enable, allowlisted IO, wake-before-release, ambiguous-write/cleanup retries, actual Command readback/Write16 fallback/stale API/drop-write retention PASS; MOCK HARDWARE ONLY
HTT_NATIVE scenario=20 posts=1 DMA=1 version=1 error=0 archive=0 all14released=1
PERSISTENT_MOCK active_ticks=12 fault=0 startup=0 phase=4 polls=33 ALL14 RELEASE PASS
WMI_INIT_MOCK phase2/error0 transaction4 tx1 rx1 fault0 ALL14 RELEASED PASS
OPERATING_MOCK phase2/error0 tx3 rx4 fault35 SAFE RELEASE PASS
QWBT_MOCK=5157425430303031050000000000000014000000000000002a0c00002a0c000000804000000000000000000014000000080000000001000009000000010000000500000000000000000000000000000006000000002100000c0000000e00000000000000010002050800000005000000000000000000000000000000010000008f8b002fccfe81d42238f27dd1f56d189604f180bd4772c7c8e75ae1fef16f01
LEGACY WRITES BLOCKED WHILE OWNED; DELEGATED AFTER COMPLETE CLEANUP; ASSET SEALED PASS
ACTUAL ENTRYPOINT TWO LIFETIMES fault35 PASS; SYNTHETIC RADIO/HTC ONLY
RAM phase=4 error=0 allocs=2 frees=0 setup=4/0 bmi=2/0 type=8 stage=5
SECOND phase=5 error=0 plan=20/0 streams=3 exec=2 stage=6/8448 pins=0 alloc=14 free=14 open=2 close=2
INIT COUNTS tx=1 rx=1 posted=0 available=8 outstanding=0
PERSISTENT_FINAL phase=4 error=0 life_error=0 active=12 stop=1 polls=33
