UEFI PCI port: exclusive claim, fresh identity, BAR descriptor/bounds, memory-only enable, allowlisted IO, wake-before-release, ambiguous-write/cleanup retries, actual Command readback/Write16 fallback/stale API/drop-write retention PASS; MOCK HARDWARE ONLY
ACTUAL PRODUCER OWNED47+REAL KEY DMA/SEC+OFFICIAL ASSET+RAW HW FLAGS+ATOMIC OUTPUT PN COMMIT+REPLAY PASS; CORE CALLBACK STATE SYNTHETIC; NO PORT/IP
RAM phase=4 error=0 allocs=2 frees=0 setup=4/0 bmi=2/0 type=8 stage=5
AUTH_REJECT_LINE=29
AUTH_REJECT_LINE=29
AUTH_BOOT phase=5 err=0 plan=20 pin=1 ready=1 poisoned=0 pinned=1 received=4095 total=751436 type=8 version=5020001 digest_equal=1 capacity=751436
AUTH_REJECT_LINE=41
AUTH_BOOT phase=5 err=0 plan=20 pin=1 ready=1 poisoned=0 pinned=1 received=4095 total=751436 type=8 version=5020001 digest_equal=1 capacity=751436
AUTH_REJECT_LINE=41
AUTH_BOOT phase=5 err=0 plan=20 pin=1 ready=1 poisoned=0 pinned=1 received=4095 total=751436 type=8 version=5020001 digest_equal=1 capacity=751436
AUTH_REJECT_LINE=17
AUTH_REJECT_LINE=41
AUTH_BOOT phase=5 err=0 plan=20 pin=1 ready=1 poisoned=0 pinned=1 received=4095 total=751436 type=8 version=5020001 digest_equal=1 capacity=751436
AUTH_REJECT_LINE=17
AUTH_REJECT_LINE=41
AUTH_BOOT phase=5 err=0 plan=20 pin=1 ready=1 poisoned=0 pinned=1 received=4095 total=751436 type=8 version=5020001 digest_equal=1 capacity=751436
AUTH_REJECT_LINE=17
AUTH_REJECT_LINE=41
AUTH_BOOT phase=5 err=0 plan=20 pin=1 ready=1 poisoned=0 pinned=1 received=4095 total=751436 type=8 version=5020001 digest_equal=1 capacity=751436
AUTH_REJECT_LINE=17
AUTH_REJECT_LINE=41
AUTH_BOOT phase=5 err=0 plan=20 pin=1 ready=1 poisoned=0 pinned=1 received=4094 total=751436 type=8 version=5020001 digest_equal=1 capacity=751436
AUTH_REJECT_LINE=38
AUTH_BOOT phase=5 err=0 plan=20 pin=1 ready=1 poisoned=0 pinned=1 received=4095 total=751436 type=8 version=5020001 digest_equal=1 capacity=751435
AUTH_REJECT_LINE=38
AUTH_BOOT phase=5 err=0 plan=20 pin=1 ready=1 poisoned=0 pinned=1 received=4095 total=751436 type=8 version=5020001 digest_equal=1 capacity=751436
AUTH_REJECT_LINE=40
AUTH_REJECT_LINE=14
AUTH_BOOT phase=5 err=0 plan=20 pin=1 ready=1 poisoned=0 pinned=1 received=4095 total=751436 type=8 version=5020001 digest_equal=0 capacity=751436
AUTH_REJECT_LINE=14
AUTH_REJECT_LINE=38
AUTH_BOOT phase=5 err=0 plan=20 pin=1 ready=1 poisoned=0 pinned=1 received=4095 total=751436 type=8 version=5020001 digest_equal=1 capacity=751436
AUTH_BOOT phase=5 err=0 plan=20 pin=1 ready=1 poisoned=0 pinned=1 received=4095 total=751436 type=8 version=5020001 digest_equal=1 capacity=751436
AUTH_BOOT phase=5 err=0 plan=20 pin=1 ready=1 poisoned=0 pinned=1 received=4095 total=751436 type=8 version=5020001 digest_equal=1 capacity=751436
AUTH_REJECT_LINE=17
AUTH_REJECT_LINE=41
AUTH_REJECT_LINE=54
AUTH_BOOT phase=5 err=0 plan=20 pin=1 ready=1 poisoned=0 pinned=1 received=4095 total=751436 type=8 version=5020001 digest_equal=1 capacity=751436
AUTH_REJECT_LINE=54
AUTH_BOOT phase=5 err=0 plan=20 pin=1 ready=1 poisoned=0 pinned=1 received=4095 total=751436 type=8 version=5020001 digest_equal=1 capacity=751436
