"GET /first.rpf HTTP/1.1" 200 -
"GET /invalid.rpf HTTP/1.1" 200 -
"GET /second.rpf HTTP/1.1" 200 -
"GET /oversize.rpf HTTP/1.1" 200 -
"GET /first.rpf HTTP/1.1" 200 -
"GET /invalid.rpf HTTP/1.1" 200 -
"GET /second.rpf HTTP/1.1" 200 -
"GET /oversize.rpf HTTP/1.1" 200 -
"GET /first.rpf HTTP/1.1" 200 -
"GET /invalid.rpf HTTP/1.1" 200 -
"GET /second.rpf HTTP/1.1" 200 -
"GET /oversize.rpf HTTP/1.1" 200 -
"GET /slow.rpf HTTP/1.1" 200 -
"GET /second.rpf HTTP/1.1" 200 -
"GET /first.rpf HTTP/1.1" 200 -
"GET /invalid.rpf HTTP/1.1" 200 -
"GET /second.rpf HTTP/1.1" 200 -
"GET /oversize.rpf HTTP/1.1" 200 -
"GET /slow.rpf HTTP/1.1" 200 -
"GET /second.rpf HTTP/1.1" 200 -
