BdsDxe: loading Boot0002 "UEFI QEMU HARDDISK QM00001 " from PciRoot(0x0)/Pci(0x1F,0x2)/Sata(0x0,0xFFFF,0x0)
BdsDxe: starting Boot0002 "UEFI QEMU HARDDISK QM00001 " from PciRoot(0x0)/Pci(0x1F,0x2)/Sata(0x0,0xFFFF,0x0)
RABBIT SNP BEFORE 0000000000000000
RABBIT TCP BEFORE 0000000000000000
RABBIT DRIVER LOAD 0000000000000000
RABBIT DRIVER START 0000000000000000
RABBIT SNP AFTER 0000000000000001
RABBIT TCP AFTER 0000000000000000
RABBIT CONFIG SERVICE 0000000000000000
RABBIT DOWNLOAD SERVICE 0000000000000000
RABBIT DHCP BEGIN 0000000000000000
RABBIT DHCP STATUS 0000000000000000
RABBIT HTTP FIRST 0000000000000000
RABBIT DECODE FIRST 0000000000000000
RABBIT SEQUENCE FIRST 0000000000000001
RABBIT GOP PRESENT 0000000000000000
RABBIT FRAME VISIBLE
RABBIT BAD SIGNATURE PRESERVED
RABBIT SEQUENCE SECOND 0000000000000002
RABBIT OVERSIZE PRESERVED
RABBIT ABORT PRESERVED
RABBIT REPLAY AFTER ABORT PRESERVED
RABBIT CONFIG CLOSE 0000000000000000
RABBIT DRIVER UNLOAD 0000000000000000
RABBIT SNP FINAL 0000000000000000
