UEFI PCI port: exclusive claim, fresh identity, BAR descriptor/bounds, memory-only enable, allowlisted IO, wake-before-release, ambiguous-write/cleanup retries, actual Command readback/Write16 fallback/stale API/drop-write retention PASS; MOCK HARDWARE ONLY
OPERATING_MOCK phase2/error0 tx3 rx3 fault0 SAFE RELEASE PASS
QWBT_MOCK=5157425430303031050000000000000014000000000000002a0c00002a0c000000804000000000000000000014000000080000000001000009000000010000000400000000000000010000000000000005000000000000000c0000000e000000000000000100020508000000050000000000000000000000ff0f0000010000008f8b002fccfe81d42238f27dd1f56d189604f180bd4772c7c8e75ae1fef16f01
LEGACY WRITES BLOCKED WHILE OWNED; DELEGATED AFTER COMPLETE CLEANUP; ASSET SEALED PASS
ACTUAL ENTRYPOINT TWO LIFETIMES fault0 PASS; SYNTHETIC RADIO/HTC ONLY
RAM phase=4 error=0 allocs=2 frees=0 setup=4/0 bmi=2/0 type=8 stage=5
SECOND phase=5 error=0 plan=20/0 streams=3 exec=2 stage=5/0 pins=0 alloc=14 free=14 open=2 close=2
UEFI PCI port: exclusive claim, fresh identity, BAR descriptor/bounds, memory-only enable, allowlisted IO, wake-before-release, ambiguous-write/cleanup retries, actual Command readback/Write16 fallback/stale API/drop-write retention PASS; MOCK HARDWARE ONLY
OPERATING_MOCK phase0/error0 tx0 rx0 fault1 SAFE RELEASE PASS
QWBT_MOCK=515742543030303106000000060200001500000006000000b2000000b200000000804000010000000000000000000000000000000000000000000000010000000400000000000000010000000000000006000000002100000c0000000e000000000000000100020508000000050000000000000000000000ff0f0000010000008f8b002fccfe81d42238f27dd1f56d189604f180bd4772c7c8e75ae1fef16f01
LEGACY WRITES BLOCKED WHILE OWNED; DELEGATED AFTER COMPLETE CLEANUP; ASSET SEALED PASS
ACTUAL ENTRYPOINT TWO LIFETIMES fault1 PASS; SYNTHETIC RADIO/HTC ONLY
RAM phase=4 error=0 allocs=2 frees=0 setup=4/0 bmi=2/0 type=8 stage=5
SECOND phase=6 error=518 plan=21/6 streams=2 exec=2 stage=6/8448 pins=0 alloc=14 free=14 open=2 close=2
UEFI PCI port: exclusive claim, fresh identity, BAR descriptor/bounds, memory-only enable, allowlisted IO, wake-before-release, ambiguous-write/cleanup retries, actual Command readback/Write16 fallback/stale API/drop-write retention PASS; MOCK HARDWARE ONLY
OPERATING_MOCK phase0/error0 tx0 rx0 fault2 SAFE RELEASE PASS
QWBT_MOCK=5157425430303031060000000f00000014000000000000002a0c00002a0c000000804000000000000000000014000000000000000000000000000000010000000400000000000000010000000000000006000000002100000c0000000e000000000000000100020508000000050000000000000000000000ff0f0000010000008f8b002fccfe81d42238f27dd1f56d189604f180bd4772c7c8e75ae1fef16f01
LEGACY WRITES BLOCKED WHILE OWNED; DELEGATED AFTER COMPLETE CLEANUP; ASSET SEALED PASS
ACTUAL ENTRYPOINT TWO LIFETIMES fault2 PASS; SYNTHETIC RADIO/HTC ONLY
RAM phase=4 error=0 allocs=2 frees=0 setup=4/0 bmi=2/0 type=8 stage=5
SECOND phase=6 error=15 plan=20/0 streams=3 exec=2 stage=6/8448 pins=0 alloc=14 free=14 open=2 close=2
UEFI PCI port: exclusive claim, fresh identity, BAR descriptor/bounds, memory-only enable, allowlisted IO, wake-before-release, ambiguous-write/cleanup retries, actual Command readback/Write16 fallback/stale API/drop-write retention PASS; MOCK HARDWARE ONLY
OPERATING_MOCK phase0/error0 tx0 rx0 fault3 SAFE RELEASE PASS
QWBT_MOCK=5157425430303031060000000d00000014000000000000002a0c00002a0c000000804000000000000000000000000000000000000000000000000000010000000400000000000000010000000000000006000000002100000c0000000e000000000000000100020508000000050000000000000000000000ff0f0000010000008f8b002fccfe81d42238f27dd1f56d189604f180bd4772c7c8e75ae1fef16f01
LEGACY WRITES BLOCKED WHILE OWNED; DELEGATED AFTER COMPLETE CLEANUP; ASSET SEALED PASS
ACTUAL ENTRYPOINT TWO LIFETIMES fault3 PASS; SYNTHETIC RADIO/HTC ONLY
RAM phase=4 error=0 allocs=2 frees=0 setup=4/0 bmi=2/0 type=8 stage=5
SECOND phase=6 error=13 plan=20/0 streams=3 exec=2 stage=6/8448 pins=0 alloc=14 free=14 open=2 close=2
UEFI PCI port: exclusive claim, fresh identity, BAR descriptor/bounds, memory-only enable, allowlisted IO, wake-before-release, ambiguous-write/cleanup retries, actual Command readback/Write16 fallback/stale API/drop-write retention PASS; MOCK HARDWARE ONLY
OPERATING_MOCK phase0/error0 tx0 rx0 fault4 SAFE RELEASE PASS
QWBT_MOCK=515742543030303106000000040200001500000004000000080000000800000000000000000000000000000000000000000000000000000000000000010000000400000000000000010000000000000006000000002100000c0000000e000000000000000100020508000000050000000000000000000000ff0f0000010000008f8b002fccfe81d42238f27dd1f56d189604f180bd4772c7c8e75ae1fef16f01
LEGACY WRITES BLOCKED WHILE OWNED; DELEGATED AFTER COMPLETE CLEANUP; ASSET SEALED PASS
ACTUAL ENTRYPOINT TWO LIFETIMES fault4 PASS; SYNTHETIC RADIO/HTC ONLY
RAM phase=4 error=0 allocs=2 frees=0 setup=4/0 bmi=2/0 type=8 stage=5
SECOND phase=6 error=516 plan=21/4 streams=1 exec=1 stage=6/8448 pins=0 alloc=14 free=14 open=2 close=2
UEFI PCI port: exclusive claim, fresh identity, BAR descriptor/bounds, memory-only enable, allowlisted IO, wake-before-release, ambiguous-write/cleanup retries, actual Command readback/Write16 fallback/stale API/drop-write retention PASS; MOCK HARDWARE ONLY
OPERATING_MOCK phase0/error0 tx0 rx0 fault5 SAFE RELEASE PASS
QWBT_MOCK=5157425430303031060000001300000003000000000000000800000008000000904d4000000000000000000000000000000000000000000000000000010000000400000000000000010000000000000006000000002100000c0000000e000000000000000100020508000000050000000000000000000000ff0f0000010000008f8b002fccfe81d42238f27dd1f56d189604f180bd4772c7c8e75ae1fef16f01
LEGACY WRITES BLOCKED WHILE OWNED; DELEGATED AFTER COMPLETE CLEANUP; ASSET SEALED PASS
ACTUAL ENTRYPOINT TWO LIFETIMES fault5 PASS; SYNTHETIC RADIO/HTC ONLY
RAM phase=4 error=0 allocs=2 frees=0 setup=4/0 bmi=2/0 type=8 stage=5
SECOND phase=6 error=19 plan=3/0 streams=1 exec=1 stage=6/8448 pins=0 alloc=14 free=14 open=2 close=2
UEFI PCI port: exclusive claim, fresh identity, BAR descriptor/bounds, memory-only enable, allowlisted IO, wake-before-release, ambiguous-write/cleanup retries, actual Command readback/Write16 fallback/stale API/drop-write retention PASS; MOCK HARDWARE ONLY
OPERATING_MOCK phase0/error0 tx0 rx0 fault6 SAFE RELEASE PASS
QWBT_MOCK=5157425430303031010000000000000007000000000000004e0000004e00000000804000000000000000000000000000000000000000000000000000010000000500000000000000000000000000000006000000002100000c0000000e00000000000000010002050800000005000000000000000000000000000000010000008f8b002fccfe81d42238f27dd1f56d189604f180bd4772c7c8e75ae1fef16f01
LEGACY WRITES BLOCKED WHILE OWNED; DELEGATED AFTER COMPLETE CLEANUP; ASSET SEALED PASS
ACTUAL ENTRYPOINT TWO LIFETIMES fault6 PASS; SYNTHETIC RADIO/HTC ONLY
RAM phase=4 error=0 allocs=2 frees=0 setup=4/0 bmi=2/0 type=8 stage=5
SECOND phase=1 error=0 plan=7/0 streams=2 exec=1 stage=6/8448 pins=0 alloc=14 free=14 open=2 close=2
UEFI PCI port: exclusive claim, fresh identity, BAR descriptor/bounds, memory-only enable, allowlisted IO, wake-before-release, ambiguous-write/cleanup retries, actual Command readback/Write16 fallback/stale API/drop-write retention PASS; MOCK HARDWARE ONLY
OPERATING_MOCK phase0/error0 tx0 rx0 fault7 SAFE RELEASE PASS
QWBT_MOCK=515742543030303101000000000000001100000000000000b3000000b300000000804000000000000000000000000000000000000000000000000000010000000500000000000000000000000000000006000000002100000c0000000e00000000000000010002050800000005000000000000000000000000000000010000008f8b002fccfe81d42238f27dd1f56d189604f180bd4772c7c8e75ae1fef16f01
LEGACY WRITES BLOCKED WHILE OWNED; DELEGATED AFTER COMPLETE CLEANUP; ASSET SEALED PASS
ACTUAL ENTRYPOINT TWO LIFETIMES fault7 PASS; SYNTHETIC RADIO/HTC ONLY
RAM phase=4 error=0 allocs=2 frees=0 setup=4/0 bmi=2/0 type=8 stage=5
SECOND phase=1 error=0 plan=17/0 streams=3 exec=2 stage=6/8448 pins=0 alloc=14 free=14 open=2 close=2
UEFI PCI port: exclusive claim, fresh identity, BAR descriptor/bounds, memory-only enable, allowlisted IO, wake-before-release, ambiguous-write/cleanup retries, actual Command readback/Write16 fallback/stale API/drop-write retention PASS; MOCK HARDWARE ONLY
OPERATING_MOCK phase3/error11 tx1 rx2 fault8 SAFE RELEASE PASS
QWBT_MOCK=5157425430303031050000000000000014000000000000002a0c00002a0c000000804000000000000000000014000000080000000001000009000000010000000400000000000000010000000000000006000000002100000c0000000e000000000000000100020508000000050000000000000000000000ff0f0000010000008f8b002fccfe81d42238f27dd1f56d189604f180bd4772c7c8e75ae1fef16f01
LEGACY WRITES BLOCKED WHILE OWNED; DELEGATED AFTER COMPLETE CLEANUP; ASSET SEALED PASS
ACTUAL ENTRYPOINT TWO LIFETIMES fault8 PASS; SYNTHETIC RADIO/HTC ONLY
RAM phase=4 error=0 allocs=2 frees=0 setup=4/0 bmi=2/0 type=8 stage=5
SECOND phase=5 error=0 plan=20/0 streams=3 exec=2 stage=6/8448 pins=0 alloc=14 free=14 open=2 close=2
UEFI PCI port: exclusive claim, fresh identity, BAR descriptor/bounds, memory-only enable, allowlisted IO, wake-before-release, ambiguous-write/cleanup retries, actual Command readback/Write16 fallback/stale API/drop-write retention PASS; MOCK HARDWARE ONLY
OPERATING_MOCK phase3/error11 tx1 rx1 fault9 SAFE RELEASE PASS
QWBT_MOCK=5157425430303031050000000000000014000000000000002a0c00002a0c000000804000000000000000000014000000080000000001000009000000010000000400000000000000010000000000000006000000002100000c0000000e000000000000000100020508000000050000000000000000000000ff0f0000010000008f8b002fccfe81d42238f27dd1f56d189604f180bd4772c7c8e75ae1fef16f01
LEGACY WRITES BLOCKED WHILE OWNED; DELEGATED AFTER COMPLETE CLEANUP; ASSET SEALED PASS
ACTUAL ENTRYPOINT TWO LIFETIMES fault9 PASS; SYNTHETIC RADIO/HTC ONLY
RAM phase=4 error=0 allocs=2 frees=0 setup=4/0 bmi=2/0 type=8 stage=5
SECOND phase=5 error=0 plan=20/0 streams=3 exec=2 stage=6/8448 pins=0 alloc=14 free=14 open=2 close=2
UEFI PCI port: exclusive claim, fresh identity, BAR descriptor/bounds, memory-only enable, allowlisted IO, wake-before-release, ambiguous-write/cleanup retries, actual Command readback/Write16 fallback/stale API/drop-write retention PASS; MOCK HARDWARE ONLY
OPERATING_MOCK phase3/error4 tx1 rx1 fault10 SAFE RELEASE PASS
QWBT_MOCK=5157425430303031050000000000000014000000000000002a0c00002a0c000000804000000000000000000014000000080000000001000009000000010000000400000000000000010000000000000006000000002100000c0000000e000000000000000100020508000000050000000000000000000000ff0f0000010000008f8b002fccfe81d42238f27dd1f56d189604f180bd4772c7c8e75ae1fef16f01
LEGACY WRITES BLOCKED WHILE OWNED; DELEGATED AFTER COMPLETE CLEANUP; ASSET SEALED PASS
ACTUAL ENTRYPOINT TWO LIFETIMES fault10 PASS; SYNTHETIC RADIO/HTC ONLY
RAM phase=4 error=0 allocs=2 frees=0 setup=4/0 bmi=2/0 type=8 stage=5
SECOND phase=5 error=0 plan=20/0 streams=3 exec=2 stage=6/8448 pins=0 alloc=14 free=14 open=2 close=2
UEFI PCI port: exclusive claim, fresh identity, BAR descriptor/bounds, memory-only enable, allowlisted IO, wake-before-release, ambiguous-write/cleanup retries, actual Command readback/Write16 fallback/stale API/drop-write retention PASS; MOCK HARDWARE ONLY
OPERATING_MOCK phase3/error11 tx3 rx2 fault11 SAFE RELEASE PASS
QWBT_MOCK=5157425430303031050000000000000014000000000000002a0c00002a0c000000804000000000000000000014000000080000000001000009000000010000000400000000000000010000000000000006000000002100000c0000000e000000000000000100020508000000050000000000000000000000ff0f0000010000008f8b002fccfe81d42238f27dd1f56d189604f180bd4772c7c8e75ae1fef16f01
LEGACY WRITES BLOCKED WHILE OWNED; DELEGATED AFTER COMPLETE CLEANUP; ASSET SEALED PASS
ACTUAL ENTRYPOINT TWO LIFETIMES fault11 PASS; SYNTHETIC RADIO/HTC ONLY
RAM phase=4 error=0 allocs=2 frees=0 setup=4/0 bmi=2/0 type=8 stage=5
SECOND phase=5 error=0 plan=20/0 streams=3 exec=2 stage=6/8448 pins=0 alloc=14 free=14 open=2 close=2
UEFI PCI port: exclusive claim, fresh identity, BAR descriptor/bounds, memory-only enable, allowlisted IO, wake-before-release, ambiguous-write/cleanup retries, actual Command readback/Write16 fallback/stale API/drop-write retention PASS; MOCK HARDWARE ONLY
OPERATING_MOCK phase3/error9 tx1 rx2 fault12 SAFE RELEASE PASS
QWBT_MOCK=5157425430303031050000000000000014000000000000002a0c00002a0c000000804000000000000000000014000000080000000001000009000000010000000400000000000000010000000000000006000000002100000c0000000e000000000000000100020508000000050000000000000000000000ff0f0000010000008f8b002fccfe81d42238f27dd1f56d189604f180bd4772c7c8e75ae1fef16f01
LEGACY WRITES BLOCKED WHILE OWNED; DELEGATED AFTER COMPLETE CLEANUP; ASSET SEALED PASS
ACTUAL ENTRYPOINT TWO LIFETIMES fault12 PASS; SYNTHETIC RADIO/HTC ONLY
RAM phase=4 error=0 allocs=2 frees=0 setup=4/0 bmi=2/0 type=8 stage=5
SECOND phase=5 error=0 plan=20/0 streams=3 exec=2 stage=6/8448 pins=0 alloc=14 free=14 open=2 close=2
UEFI PCI port: exclusive claim, fresh identity, BAR descriptor/bounds, memory-only enable, allowlisted IO, wake-before-release, ambiguous-write/cleanup retries, actual Command readback/Write16 fallback/stale API/drop-write retention PASS; MOCK HARDWARE ONLY
OPERATING_MOCK phase3/error9 tx1 rx2 fault13 SAFE RELEASE PASS
QWBT_MOCK=5157425430303031050000000000000014000000000000002a0c00002a0c000000804000000000000000000014000000080000000001000009000000010000000400000000000000010000000000000006000000002100000c0000000e000000000000000100020508000000050000000000000000000000ff0f0000010000008f8b002fccfe81d42238f27dd1f56d189604f180bd4772c7c8e75ae1fef16f01
LEGACY WRITES BLOCKED WHILE OWNED; DELEGATED AFTER COMPLETE CLEANUP; ASSET SEALED PASS
ACTUAL ENTRYPOINT TWO LIFETIMES fault13 PASS; SYNTHETIC RADIO/HTC ONLY
RAM phase=4 error=0 allocs=2 frees=0 setup=4/0 bmi=2/0 type=8 stage=5
SECOND phase=5 error=0 plan=20/0 streams=3 exec=2 stage=6/8448 pins=0 alloc=14 free=14 open=2 close=2
UEFI PCI port: exclusive claim, fresh identity, BAR descriptor/bounds, memory-only enable, allowlisted IO, wake-before-release, ambiguous-write/cleanup retries, actual Command readback/Write16 fallback/stale API/drop-write retention PASS; MOCK HARDWARE ONLY
OPERATING_MOCK phase3/error16 tx1 rx0 fault14 SAFE RELEASE PASS
QWBT_MOCK=5157425430303031050000000000000014000000000000002a0c00002a0c000000804000000000000000000014000000080000000001000009000000010000000400000000000000010000000000000006000000002100000c0000000e000000000000000100020508000000050000000000000000000000ff0f0000010000008f8b002fccfe81d42238f27dd1f56d189604f180bd4772c7c8e75ae1fef16f01
LEGACY WRITES BLOCKED WHILE OWNED; DELEGATED AFTER COMPLETE CLEANUP; ASSET SEALED PASS
ACTUAL ENTRYPOINT TWO LIFETIMES fault14 PASS; SYNTHETIC RADIO/HTC ONLY
RAM phase=4 error=0 allocs=2 frees=0 setup=4/0 bmi=2/0 type=8 stage=5
SECOND phase=5 error=0 plan=20/0 streams=3 exec=2 stage=6/8448 pins=0 alloc=14 free=14 open=2 close=2
UEFI PCI port: exclusive claim, fresh identity, BAR descriptor/bounds, memory-only enable, allowlisted IO, wake-before-release, ambiguous-write/cleanup retries, actual Command readback/Write16 fallback/stale API/drop-write retention PASS; MOCK HARDWARE ONLY
OPERATING_MOCK phase1/error0 tx1 rx0 fault15 SAFE RELEASE PASS
QWBT_MOCK=5157425430303031050000000000000014000000000000002a0c00002a0c000000804000000000000000000014000000080000000001000009000000010000000500000000000000000000000000000006000000002100000c0000000e00000000000000010002050800000005000000000000000000000000000000010000008f8b002fccfe81d42238f27dd1f56d189604f180bd4772c7c8e75ae1fef16f01
LEGACY WRITES BLOCKED WHILE OWNED; DELEGATED AFTER COMPLETE CLEANUP; ASSET SEALED PASS
ACTUAL ENTRYPOINT TWO LIFETIMES fault15 PASS; SYNTHETIC RADIO/HTC ONLY
RAM phase=4 error=0 allocs=2 frees=0 setup=4/0 bmi=2/0 type=8 stage=5
SECOND phase=5 error=0 plan=20/0 streams=3 exec=2 stage=6/8448 pins=0 alloc=14 free=14 open=2 close=2
UEFI PCI port: exclusive claim, fresh identity, BAR descriptor/bounds, memory-only enable, allowlisted IO, wake-before-release, ambiguous-write/cleanup retries, actual Command readback/Write16 fallback/stale API/drop-write retention PASS; MOCK HARDWARE ONLY
OPERATING_MOCK phase2/error0 tx3 rx3 fault16 SAFE RELEASE PASS
QWBT_MOCK=5157425430303031050000000000000014000000000000002a0c00002a0c000000804000000000000000000014000000080000000001000009000000010000000400000000000000010000000000000005000000000000000c0000000e000000000000000100020508000000050000000000000000000000ff0f0000010000008f8b002fccfe81d42238f27dd1f56d189604f180bd4772c7c8e75ae1fef16f01
LEGACY WRITES BLOCKED WHILE OWNED; DELEGATED AFTER COMPLETE CLEANUP; ASSET SEALED PASS
ACTUAL ENTRYPOINT TWO LIFETIMES fault16 PASS; SYNTHETIC RADIO/HTC ONLY
RAM phase=4 error=0 allocs=2 frees=0 setup=4/0 bmi=2/0 type=8 stage=5
SECOND phase=5 error=0 plan=20/0 streams=3 exec=2 stage=5/0 pins=0 alloc=14 free=14 open=2 close=2
UEFI PCI port: exclusive claim, fresh identity, BAR descriptor/bounds, memory-only enable, allowlisted IO, wake-before-release, ambiguous-write/cleanup retries, actual Command readback/Write16 fallback/stale API/drop-write retention PASS; MOCK HARDWARE ONLY
OPERATING_MOCK phase3/error4 tx1 rx0 fault17 SAFE RELEASE PASS
QWBT_MOCK=5157425430303031050000000000000014000000000000002a0c00002a0c000000804000000000000000000014000000080000000001000009000000010000000400000000000000010000000000000006000000002100000c0000000e000000000000000100020508000000050000000000000000000000ff0f0000010000008f8b002fccfe81d42238f27dd1f56d189604f180bd4772c7c8e75ae1fef16f01
LEGACY WRITES BLOCKED WHILE OWNED; DELEGATED AFTER COMPLETE CLEANUP; ASSET SEALED PASS
ACTUAL ENTRYPOINT TWO LIFETIMES fault17 PASS; SYNTHETIC RADIO/HTC ONLY
RAM phase=4 error=0 allocs=2 frees=0 setup=4/0 bmi=2/0 type=8 stage=5
SECOND phase=5 error=0 plan=20/0 streams=3 exec=2 stage=6/8448 pins=0 alloc=14 free=14 open=2 close=2
UEFI PCI port: exclusive claim, fresh identity, BAR descriptor/bounds, memory-only enable, allowlisted IO, wake-before-release, ambiguous-write/cleanup retries, actual Command readback/Write16 fallback/stale API/drop-write retention PASS; MOCK HARDWARE ONLY
OPERATING_MOCK phase3/error4 tx1 rx1 fault18 SAFE RELEASE PASS
QWBT_MOCK=5157425430303031050000000000000014000000000000002a0c00002a0c000000804000000000000000000014000000080000000001000009000000010000000400000000000000010000000000000006000000002100000c0000000e000000000000000100020508000000050000000000000000000000ff0f0000010000008f8b002fccfe81d42238f27dd1f56d189604f180bd4772c7c8e75ae1fef16f01
LEGACY WRITES BLOCKED WHILE OWNED; DELEGATED AFTER COMPLETE CLEANUP; ASSET SEALED PASS
ACTUAL ENTRYPOINT TWO LIFETIMES fault18 PASS; SYNTHETIC RADIO/HTC ONLY
RAM phase=4 error=0 allocs=2 frees=0 setup=4/0 bmi=2/0 type=8 stage=5
SECOND phase=5 error=0 plan=20/0 streams=3 exec=2 stage=6/8448 pins=0 alloc=14 free=14 open=2 close=2
UEFI PCI port: exclusive claim, fresh identity, BAR descriptor/bounds, memory-only enable, allowlisted IO, wake-before-release, ambiguous-write/cleanup retries, actual Command readback/Write16 fallback/stale API/drop-write retention PASS; MOCK HARDWARE ONLY
OPERATING_MOCK phase3/error4 tx1 rx1 fault19 SAFE RELEASE PASS
QWBT_MOCK=5157425430303031050000000000000014000000000000002a0c00002a0c000000804000000000000000000014000000080000000001000009000000010000000400000000000000010000000000000006000000002100000c0000000e000000000000000100020508000000050000000000000000000000ff0f0000010000008f8b002fccfe81d42238f27dd1f56d189604f180bd4772c7c8e75ae1fef16f01
LEGACY WRITES BLOCKED WHILE OWNED; DELEGATED AFTER COMPLETE CLEANUP; ASSET SEALED PASS
ACTUAL ENTRYPOINT TWO LIFETIMES fault19 PASS; SYNTHETIC RADIO/HTC ONLY
RAM phase=4 error=0 allocs=2 frees=0 setup=4/0 bmi=2/0 type=8 stage=5
SECOND phase=5 error=0 plan=20/0 streams=3 exec=2 stage=6/8448 pins=0 alloc=14 free=14 open=2 close=2
UEFI PCI port: exclusive claim, fresh identity, BAR descriptor/bounds, memory-only enable, allowlisted IO, wake-before-release, ambiguous-write/cleanup retries, actual Command readback/Write16 fallback/stale API/drop-write retention PASS; MOCK HARDWARE ONLY
OPERATING_MOCK phase3/error4 tx1 rx0 fault20 SAFE RELEASE PASS
QWBT_MOCK=5157425430303031050000000000000014000000000000002a0c00002a0c000000804000000000000000000014000000080000000001000009000000010000000400000000000000010000000000000006000000002100000c0000000e000000000000000100020508000000050000000000000000000000ff0f0000010000008f8b002fccfe81d42238f27dd1f56d189604f180bd4772c7c8e75ae1fef16f01
LEGACY WRITES BLOCKED WHILE OWNED; DELEGATED AFTER COMPLETE CLEANUP; ASSET SEALED PASS
ACTUAL ENTRYPOINT TWO LIFETIMES fault20 PASS; SYNTHETIC RADIO/HTC ONLY
RAM phase=4 error=0 allocs=2 frees=0 setup=4/0 bmi=2/0 type=8 stage=5
SECOND phase=5 error=0 plan=20/0 streams=3 exec=2 stage=6/8448 pins=0 alloc=14 free=14 open=2 close=2
UEFI PCI port: exclusive claim, fresh identity, BAR descriptor/bounds, memory-only enable, allowlisted IO, wake-before-release, ambiguous-write/cleanup retries, actual Command readback/Write16 fallback/stale API/drop-write retention PASS; MOCK HARDWARE ONLY
OPERATING_MOCK phase3/error4 tx1 rx0 fault21 SAFE RELEASE PASS
QWBT_MOCK=5157425430303031050000000000000014000000000000002a0c00002a0c000000804000000000000000000014000000080000000001000009000000010000000400000000000000010000000000000006000000002100000c0000000e000000000000000100020508000000050000000000000000000000ff0f0000010000008f8b002fccfe81d42238f27dd1f56d189604f180bd4772c7c8e75ae1fef16f01
LEGACY WRITES BLOCKED WHILE OWNED; DELEGATED AFTER COMPLETE CLEANUP; ASSET SEALED PASS
ACTUAL ENTRYPOINT TWO LIFETIMES fault21 PASS; SYNTHETIC RADIO/HTC ONLY
RAM phase=4 error=0 allocs=2 frees=0 setup=4/0 bmi=2/0 type=8 stage=5
SECOND phase=5 error=0 plan=20/0 streams=3 exec=2 stage=6/8448 pins=0 alloc=14 free=14 open=2 close=2
UEFI PCI port: exclusive claim, fresh identity, BAR descriptor/bounds, memory-only enable, allowlisted IO, wake-before-release, ambiguous-write/cleanup retries, actual Command readback/Write16 fallback/stale API/drop-write retention PASS; MOCK HARDWARE ONLY
OPERATING_MOCK phase3/error4 tx1 rx1 fault22 SAFE RELEASE PASS
QWBT_MOCK=5157425430303031050000000000000014000000000000002a0c00002a0c000000804000000000000000000014000000080000000001000009000000010000000400000000000000010000000000000006000000002100000c0000000e000000000000000100020508000000050000000000000000000000ff0f0000010000008f8b002fccfe81d42238f27dd1f56d189604f180bd4772c7c8e75ae1fef16f01
LEGACY WRITES BLOCKED WHILE OWNED; DELEGATED AFTER COMPLETE CLEANUP; ASSET SEALED PASS
ACTUAL ENTRYPOINT TWO LIFETIMES fault22 PASS; SYNTHETIC RADIO/HTC ONLY
RAM phase=4 error=0 allocs=2 frees=0 setup=4/0 bmi=2/0 type=8 stage=5
SECOND phase=5 error=0 plan=20/0 streams=3 exec=2 stage=6/8448 pins=0 alloc=14 free=14 open=2 close=2
UEFI PCI port: exclusive claim, fresh identity, BAR descriptor/bounds, memory-only enable, allowlisted IO, wake-before-release, ambiguous-write/cleanup retries, actual Command readback/Write16 fallback/stale API/drop-write retention PASS; MOCK HARDWARE ONLY
OPERATING_MOCK phase3/error4 tx1 rx1 fault23 SAFE RELEASE PASS
QWBT_MOCK=5157425430303031050000000000000014000000000000002a0c00002a0c000000804000000000000000000014000000080000000001000009000000010000000400000000000000010000000000000006000000002100000c0000000e000000000000000100020508000000050000000000000000000000ff0f0000010000008f8b002fccfe81d42238f27dd1f56d189604f180bd4772c7c8e75ae1fef16f01
LEGACY WRITES BLOCKED WHILE OWNED; DELEGATED AFTER COMPLETE CLEANUP; ASSET SEALED PASS
ACTUAL ENTRYPOINT TWO LIFETIMES fault23 PASS; SYNTHETIC RADIO/HTC ONLY
RAM phase=4 error=0 allocs=2 frees=0 setup=4/0 bmi=2/0 type=8 stage=5
SECOND phase=5 error=0 plan=20/0 streams=3 exec=2 stage=6/8448 pins=0 alloc=14 free=14 open=2 close=2
UEFI PCI port: exclusive claim, fresh identity, BAR descriptor/bounds, memory-only enable, allowlisted IO, wake-before-release, ambiguous-write/cleanup retries, actual Command readback/Write16 fallback/stale API/drop-write retention PASS; MOCK HARDWARE ONLY
OPERATING_MOCK phase2/error0 tx3 rx3 fault24 SAFE RELEASE PASS
QWBT_MOCK=5157425430303031050000000000000014000000000000002a0c00002a0c000000804000000000000000000014000000080000000001000009000000010000000400000000000000010000000000000005000000000000000c0000000e000000000000000100020508000000050000000000000000000000ff0f0000010000008f8b002fccfe81d42238f27dd1f56d189604f180bd4772c7c8e75ae1fef16f01
LEGACY WRITES BLOCKED WHILE OWNED; DELEGATED AFTER COMPLETE CLEANUP; ASSET SEALED PASS
ACTUAL ENTRYPOINT TWO LIFETIMES fault24 PASS; SYNTHETIC RADIO/HTC ONLY
RAM phase=4 error=0 allocs=2 frees=0 setup=4/0 bmi=2/0 type=8 stage=5
SECOND phase=5 error=0 plan=20/0 streams=3 exec=2 stage=5/0 pins=0 alloc=14 free=14 open=2 close=2
UEFI PCI port: exclusive claim, fresh identity, BAR descriptor/bounds, memory-only enable, allowlisted IO, wake-before-release, ambiguous-write/cleanup retries, actual Command readback/Write16 fallback/stale API/drop-write retention PASS; MOCK HARDWARE ONLY
OPERATING_MOCK phase3/error4 tx1 rx1 fault25 SAFE RELEASE PASS
QWBT_MOCK=5157425430303031050000000000000014000000000000002a0c00002a0c000000804000000000000000000014000000080000000001000009000000010000000400000000000000010000000000000006000000002100000c0000000e000000000000000100020508000000050000000000000000000000ff0f0000010000008f8b002fccfe81d42238f27dd1f56d189604f180bd4772c7c8e75ae1fef16f01
LEGACY WRITES BLOCKED WHILE OWNED; DELEGATED AFTER COMPLETE CLEANUP; ASSET SEALED PASS
ACTUAL ENTRYPOINT TWO LIFETIMES fault25 PASS; SYNTHETIC RADIO/HTC ONLY
RAM phase=4 error=0 allocs=2 frees=0 setup=4/0 bmi=2/0 type=8 stage=5
SECOND phase=5 error=0 plan=20/0 streams=3 exec=2 stage=6/8448 pins=0 alloc=14 free=14 open=2 close=2
UEFI PCI port: exclusive claim, fresh identity, BAR descriptor/bounds, memory-only enable, allowlisted IO, wake-before-release, ambiguous-write/cleanup retries, actual Command readback/Write16 fallback/stale API/drop-write retention PASS; MOCK HARDWARE ONLY
OPERATING_MOCK phase3/error4 tx1 rx1 fault26 SAFE RELEASE PASS
QWBT_MOCK=5157425430303031050000000000000014000000000000002a0c00002a0c000000804000000000000000000014000000080000000001000009000000010000000400000000000000010000000000000006000000002100000c0000000e000000000000000100020508000000050000000000000000000000ff0f0000010000008f8b002fccfe81d42238f27dd1f56d189604f180bd4772c7c8e75ae1fef16f01
LEGACY WRITES BLOCKED WHILE OWNED; DELEGATED AFTER COMPLETE CLEANUP; ASSET SEALED PASS
ACTUAL ENTRYPOINT TWO LIFETIMES fault26 PASS; SYNTHETIC RADIO/HTC ONLY
RAM phase=4 error=0 allocs=2 frees=0 setup=4/0 bmi=2/0 type=8 stage=5
SECOND phase=5 error=0 plan=20/0 streams=3 exec=2 stage=6/8448 pins=0 alloc=14 free=14 open=2 close=2
