MAC SENDER COMPILED; SOURCE SHA256=ac6edb0351e8427b798a0431f6fb386c7d6ce4447fb6cb931089c381e4ce7b8e
STATUS VALIDATOR SHA256=0effa86b79fb69e27b0252fc3ff327e8b89d96da1f78c05b0fe50ed626457b2f
STAGING DIAGNOSTIC DATA DELAY=50 ms; NO COMMIT
DATA CHUNK LIMIT=100 bytes (excluding offset)
SCANNING FOR RABBIT FILE SERVICE (not identity authentication)
DISCOVERED: F45BFCB2-ABC2-AB4E-BB0F-310A54D424AF RSSI=-79; connecting
CONNECTED: discovering file service
SERVICE DISCOVERY: count=1 error=none
CHARACTERISTIC DISCOVERY: count=3
BEGIN: acknowledged write; maximum value bytes=512
CONTROL ACK: phase=1; reading application status
RESUME OFFSET=114500/139552
DISCONNECTED: phase=2 offset=115400/139552 domain=CBErrorDomain code=6 reason=The connection has timed out unexpectedly.
RECONNECT: delivery unknown; querying retained session, not assuming application
DISCOVERED: F45BFCB2-ABC2-AB4E-BB0F-310A54D424AF RSSI=-81; connecting
CONNECTED: discovering file service
SERVICE DISCOVERY: count=1 error=none
CHARACTERISTIC DISCOVERY: count=3
BEGIN: acknowledged write; maximum value bytes=512
CONTROL ACK: phase=1; reading application status
RESUME OFFSET=115400/139552
DISCONNECTED: phase=2 offset=115800/139552 domain=CBErrorDomain code=6 reason=The connection has timed out unexpectedly.
RECONNECT: delivery unknown; querying retained session, not assuming application
DISCOVERED: F45BFCB2-ABC2-AB4E-BB0F-310A54D424AF RSSI=-84; connecting
CONNECTED: discovering file service
SERVICE DISCOVERY: count=1 error=none
CHARACTERISTIC DISCOVERY: count=3
BEGIN: acknowledged write; maximum value bytes=512
CONTROL ACK: phase=1; reading application status
RESUME OFFSET=115800/139552
STAGING CHECKPOINT=119900/139552 (not applied)
STAGING CHECKPOINT=124000/139552 (not applied)
STAGING CHECKPOINT=128100/139552 (not applied)
STAGING CHECKPOINT=132200/139552 (not applied)
STAGING CHECKPOINT=136300/139552 (not applied)
STAGING CHECKPOINT=139552/139552 (not applied)
STAGED-NOT-APPLIED: deliberate stop; keep Dell powered and rerun SAME saved session without --stage-only-bytes
