UEFI PCI port: exclusive claim, fresh identity, BAR descriptor/bounds, memory-only enable, allowlisted IO, wake-before-release, ambiguous-write/cleanup retries, actual Command readback/Write16 fallback/stale API/drop-write retention PASS; MOCK HARDWARE ONLY
QWBT_MOCK=5157425430303031050000000000000014000000000000002a0c00002a0c000000804000000000000000000014000000080000000001000009000000010000000400000000000000010000000000000005000000000000000c0000000e000000000000000100020508000000050000000000000000000000ff0f0000010000008f8b002fccfe81d42238f27dd1f56d189604f180bd4772c7c8e75ae1fef16f01
ACTUAL ENTRYPOINT TWO LIFETIMES fault0 PASS; SYNTHETIC RADIO/HTC ONLY
RAM phase=4 error=0 allocs=2 frees=0 setup=4/0 bmi=2/0 type=8 stage=5
SECOND phase=5 error=0 plan=20/0 streams=3 exec=2 stage=5/0 pins=0 alloc=14 free=14 open=2 close=2
UEFI PCI port: exclusive claim, fresh identity, BAR descriptor/bounds, memory-only enable, allowlisted IO, wake-before-release, ambiguous-write/cleanup retries, actual Command readback/Write16 fallback/stale API/drop-write retention PASS; MOCK HARDWARE ONLY
QWBT_MOCK=515742543030303106000000060200001500000006000000b2000000b200000000804000010000000000000000000000000000000000000000000000010000000400000000000000010000000000000006000000002100000c0000000e000000000000000100020508000000050000000000000000000000ff0f0000010000008f8b002fccfe81d42238f27dd1f56d189604f180bd4772c7c8e75ae1fef16f01
ACTUAL ENTRYPOINT TWO LIFETIMES fault1 PASS; SYNTHETIC RADIO/HTC ONLY
RAM phase=4 error=0 allocs=2 frees=0 setup=4/0 bmi=2/0 type=8 stage=5
SECOND phase=6 error=518 plan=21/6 streams=2 exec=2 stage=6/8448 pins=0 alloc=14 free=14 open=2 close=2
UEFI PCI port: exclusive claim, fresh identity, BAR descriptor/bounds, memory-only enable, allowlisted IO, wake-before-release, ambiguous-write/cleanup retries, actual Command readback/Write16 fallback/stale API/drop-write retention PASS; MOCK HARDWARE ONLY
QWBT_MOCK=5157425430303031060000000f00000014000000000000002a0c00002a0c000000804000000000000000000014000000000000000000000000000000010000000400000000000000010000000000000006000000002100000c0000000e000000000000000100020508000000050000000000000000000000ff0f0000010000008f8b002fccfe81d42238f27dd1f56d189604f180bd4772c7c8e75ae1fef16f01
ACTUAL ENTRYPOINT TWO LIFETIMES fault2 PASS; SYNTHETIC RADIO/HTC ONLY
RAM phase=4 error=0 allocs=2 frees=0 setup=4/0 bmi=2/0 type=8 stage=5
SECOND phase=6 error=15 plan=20/0 streams=3 exec=2 stage=6/8448 pins=0 alloc=14 free=14 open=2 close=2
UEFI PCI port: exclusive claim, fresh identity, BAR descriptor/bounds, memory-only enable, allowlisted IO, wake-before-release, ambiguous-write/cleanup retries, actual Command readback/Write16 fallback/stale API/drop-write retention PASS; MOCK HARDWARE ONLY
QWBT_MOCK=5157425430303031060000000d00000014000000000000002a0c00002a0c000000804000000000000000000000000000000000000000000000000000010000000400000000000000010000000000000006000000002100000c0000000e000000000000000100020508000000050000000000000000000000ff0f0000010000008f8b002fccfe81d42238f27dd1f56d189604f180bd4772c7c8e75ae1fef16f01
ACTUAL ENTRYPOINT TWO LIFETIMES fault3 PASS; SYNTHETIC RADIO/HTC ONLY
RAM phase=4 error=0 allocs=2 frees=0 setup=4/0 bmi=2/0 type=8 stage=5
SECOND phase=6 error=13 plan=20/0 streams=3 exec=2 stage=6/8448 pins=0 alloc=14 free=14 open=2 close=2
UEFI PCI port: exclusive claim, fresh identity, BAR descriptor/bounds, memory-only enable, allowlisted IO, wake-before-release, ambiguous-write/cleanup retries, actual Command readback/Write16 fallback/stale API/drop-write retention PASS; MOCK HARDWARE ONLY
QWBT_MOCK=515742543030303106000000040200001500000004000000080000000800000000000000000000000000000000000000000000000000000000000000010000000400000000000000010000000000000006000000002100000c0000000e000000000000000100020508000000050000000000000000000000ff0f0000010000008f8b002fccfe81d42238f27dd1f56d189604f180bd4772c7c8e75ae1fef16f01
ACTUAL ENTRYPOINT TWO LIFETIMES fault4 PASS; SYNTHETIC RADIO/HTC ONLY
RAM phase=4 error=0 allocs=2 frees=0 setup=4/0 bmi=2/0 type=8 stage=5
SECOND phase=6 error=516 plan=21/4 streams=1 exec=1 stage=6/8448 pins=0 alloc=14 free=14 open=2 close=2
UEFI PCI port: exclusive claim, fresh identity, BAR descriptor/bounds, memory-only enable, allowlisted IO, wake-before-release, ambiguous-write/cleanup retries, actual Command readback/Write16 fallback/stale API/drop-write retention PASS; MOCK HARDWARE ONLY
QWBT_MOCK=5157425430303031060000001300000003000000000000000800000008000000904d4000000000000000000000000000000000000000000000000000010000000400000000000000010000000000000006000000002100000c0000000e000000000000000100020508000000050000000000000000000000ff0f0000010000008f8b002fccfe81d42238f27dd1f56d189604f180bd4772c7c8e75ae1fef16f01
ACTUAL ENTRYPOINT TWO LIFETIMES fault5 PASS; SYNTHETIC RADIO/HTC ONLY
RAM phase=4 error=0 allocs=2 frees=0 setup=4/0 bmi=2/0 type=8 stage=5
SECOND phase=6 error=19 plan=3/0 streams=1 exec=1 stage=6/8448 pins=0 alloc=14 free=14 open=2 close=2
UEFI PCI port: exclusive claim, fresh identity, BAR descriptor/bounds, memory-only enable, allowlisted IO, wake-before-release, ambiguous-write/cleanup retries, actual Command readback/Write16 fallback/stale API/drop-write retention PASS; MOCK HARDWARE ONLY
QWBT_MOCK=5157425430303031010000000000000007000000000000004e0000004e00000000804000000000000000000000000000000000000000000000000000010000000500000000000000000000000000000006000000002100000c0000000e00000000000000010002050800000005000000000000000000000000000000010000008f8b002fccfe81d42238f27dd1f56d189604f180bd4772c7c8e75ae1fef16f01
ACTUAL ENTRYPOINT TWO LIFETIMES fault6 PASS; SYNTHETIC RADIO/HTC ONLY
RAM phase=4 error=0 allocs=2 frees=0 setup=4/0 bmi=2/0 type=8 stage=5
SECOND phase=1 error=0 plan=7/0 streams=2 exec=1 stage=6/8448 pins=0 alloc=14 free=14 open=2 close=2
UEFI PCI port: exclusive claim, fresh identity, BAR descriptor/bounds, memory-only enable, allowlisted IO, wake-before-release, ambiguous-write/cleanup retries, actual Command readback/Write16 fallback/stale API/drop-write retention PASS; MOCK HARDWARE ONLY
QWBT_MOCK=515742543030303101000000000000001100000000000000b3000000b300000000804000000000000000000000000000000000000000000000000000010000000500000000000000000000000000000006000000002100000c0000000e00000000000000010002050800000005000000000000000000000000000000010000008f8b002fccfe81d42238f27dd1f56d189604f180bd4772c7c8e75ae1fef16f01
ACTUAL ENTRYPOINT TWO LIFETIMES fault7 PASS; SYNTHETIC RADIO/HTC ONLY
RAM phase=4 error=0 allocs=2 frees=0 setup=4/0 bmi=2/0 type=8 stage=5
SECOND phase=1 error=0 plan=17/0 streams=3 exec=2 stage=6/8448 pins=0 alloc=14 free=14 open=2 close=2
