UEFI PCI port: exclusive claim, fresh identity, BAR descriptor/bounds, memory-only enable, allowlisted IO, wake-before-release, ambiguous-write/cleanup retries, actual Command readback/Write16 fallback/stale API/drop-write retention PASS; MOCK HARDWARE ONLY
QPD8_MOCK=515044080f000000000000000000000000000000000000000000000000000000000000000000000000000000000000000000000000000000000000000000000000000000000000000000000000000000000000000000000000000000000000000000000000000000000000000000000000000000000000000000000000000000050000000001000000000000010000000000100000000000000000000000000003000000000000000000000002000000000102010000400100000000000000000000000000000000020000000000000001000205070000000c0000000000000001000000000000000000000000000000430143010000020102010000000000000000000000083012000830120700000040010000000000007f000000030000000000000001000100010001000100010000201000000000000030100000000000002010000000fcff00301000000000000c0000000100020507000000080000000c000000
Integrated native BMI probe scenario 0 PASS: reset/D0/ROM/4DMA pages/CE0-1/query/stop/unmap/close; MOCK ONLY
UEFI PCI port: exclusive claim, fresh identity, BAR descriptor/bounds, memory-only enable, allowlisted IO, wake-before-release, ambiguous-write/cleanup retries, actual Command readback/Write16 fallback/stale API/drop-write retention PASS; MOCK HARDWARE ONLY
Integrated native BMI probe scenario 1 PASS: reset/D0/ROM/4DMA pages/CE0-1/query/stop/unmap/close; MOCK ONLY
UEFI PCI port: exclusive claim, fresh identity, BAR descriptor/bounds, memory-only enable, allowlisted IO, wake-before-release, ambiguous-write/cleanup retries, actual Command readback/Write16 fallback/stale API/drop-write retention PASS; MOCK HARDWARE ONLY
Integrated native BMI probe scenario 2 PASS: reset/D0/ROM/4DMA pages/CE0-1/query/stop/unmap/close; MOCK ONLY
UEFI PCI port: exclusive claim, fresh identity, BAR descriptor/bounds, memory-only enable, allowlisted IO, wake-before-release, ambiguous-write/cleanup retries, actual Command readback/Write16 fallback/stale API/drop-write retention PASS; MOCK HARDWARE ONLY
Integrated native BMI probe scenario 3 PASS: reset/D0/ROM/4DMA pages/CE0-1/query/stop/unmap/close; MOCK ONLY
UEFI PCI port: exclusive claim, fresh identity, BAR descriptor/bounds, memory-only enable, allowlisted IO, wake-before-release, ambiguous-write/cleanup retries, actual Command readback/Write16 fallback/stale API/drop-write retention PASS; MOCK HARDWARE ONLY
Integrated native BMI probe scenario 4 PASS: reset/D0/ROM/4DMA pages/CE0-1/query/stop/unmap/close; MOCK ONLY
UEFI PCI port: exclusive claim, fresh identity, BAR descriptor/bounds, memory-only enable, allowlisted IO, wake-before-release, ambiguous-write/cleanup retries, actual Command readback/Write16 fallback/stale API/drop-write retention PASS; MOCK HARDWARE ONLY
Integrated native BMI probe scenario 5 PASS: reset/D0/ROM/4DMA pages/CE0-1/query/stop/unmap/close; MOCK ONLY
UEFI PCI port: exclusive claim, fresh identity, BAR descriptor/bounds, memory-only enable, allowlisted IO, wake-before-release, ambiguous-write/cleanup retries, actual Command readback/Write16 fallback/stale API/drop-write retention PASS; MOCK HARDWARE ONLY
Integrated native BMI probe scenario 6 PASS: reset/D0/ROM/4DMA pages/CE0-1/query/stop/unmap/close; MOCK ONLY
UEFI PCI port: exclusive claim, fresh identity, BAR descriptor/bounds, memory-only enable, allowlisted IO, wake-before-release, ambiguous-write/cleanup retries, actual Command readback/Write16 fallback/stale API/drop-write retention PASS; MOCK HARDWARE ONLY
Integrated native BMI probe scenario 7 PASS: reset/D0/ROM/4DMA pages/CE0-1/query/stop/unmap/close; MOCK ONLY
UEFI PCI port: exclusive claim, fresh identity, BAR descriptor/bounds, memory-only enable, allowlisted IO, wake-before-release, ambiguous-write/cleanup retries, actual Command readback/Write16 fallback/stale API/drop-write retention PASS; MOCK HARDWARE ONLY
Integrated native BMI probe scenario 8 PASS: reset/D0/ROM/4DMA pages/CE0-1/query/stop/unmap/close; MOCK ONLY
UEFI PCI port: exclusive claim, fresh identity, BAR descriptor/bounds, memory-only enable, allowlisted IO, wake-before-release, ambiguous-write/cleanup retries, actual Command readback/Write16 fallback/stale API/drop-write retention PASS; MOCK HARDWARE ONLY
Integrated native BMI probe scenario 9 PASS: reset/D0/ROM/4DMA pages/CE0-1/query/stop/unmap/close; MOCK ONLY
UEFI PCI port: exclusive claim, fresh identity, BAR descriptor/bounds, memory-only enable, allowlisted IO, wake-before-release, ambiguous-write/cleanup retries, actual Command readback/Write16 fallback/stale API/drop-write retention PASS; MOCK HARDWARE ONLY
Integrated native BMI probe scenario 10 PASS: reset/D0/ROM/4DMA pages/CE0-1/query/stop/unmap/close; MOCK ONLY
UEFI PCI port: exclusive claim, fresh identity, BAR descriptor/bounds, memory-only enable, allowlisted IO, wake-before-release, ambiguous-write/cleanup retries, actual Command readback/Write16 fallback/stale API/drop-write retention PASS; MOCK HARDWARE ONLY
Integrated native BMI probe scenario 11 PASS: reset/D0/ROM/4DMA pages/CE0-1/query/stop/unmap/close; MOCK ONLY
UEFI PCI port: exclusive claim, fresh identity, BAR descriptor/bounds, memory-only enable, allowlisted IO, wake-before-release, ambiguous-write/cleanup retries, actual Command readback/Write16 fallback/stale API/drop-write retention PASS; MOCK HARDWARE ONLY
Integrated native BMI probe scenario 12 PASS: reset/D0/ROM/4DMA pages/CE0-1/query/stop/unmap/close; MOCK ONLY
UEFI PCI port: exclusive claim, fresh identity, BAR descriptor/bounds, memory-only enable, allowlisted IO, wake-before-release, ambiguous-write/cleanup retries, actual Command readback/Write16 fallback/stale API/drop-write retention PASS; MOCK HARDWARE ONLY
Integrated native BMI probe scenario 13 PASS: reset/D0/ROM/4DMA pages/CE0-1/query/stop/unmap/close; MOCK ONLY
UEFI PCI port: exclusive claim, fresh identity, BAR descriptor/bounds, memory-only enable, allowlisted IO, wake-before-release, ambiguous-write/cleanup retries, actual Command readback/Write16 fallback/stale API/drop-write retention PASS; MOCK HARDWARE ONLY
QPD8_MOCK=515044080f000000000000000000000000000000000000000000000000000000000000000000000000000000000000000000000000000000000000000000000000000000000000000000000000000000000000000000000000000000000000000000000000000000000000000000000000000000000000000000000000000000060000000001000005080000010000000000100000000000000000000000000003000000000000000000000002000000000102010000400100000000000000000000000000000000020000000500000000000000000000000000000000000000010000000000000000000000000000004301430100000201020100000000000000000000000830120008301207000000400100000000000079000000030000000000000000000000000001000000010000201000000000000030100000000000002010000400fcff00301000000000000000000000000000000000000800000000000000
Integrated native BMI probe scenario 14 PASS: reset/D0/ROM/4DMA pages/CE0-1/query/stop/unmap/close; MOCK ONLY
UEFI PCI port: exclusive claim, fresh identity, BAR descriptor/bounds, memory-only enable, allowlisted IO, wake-before-release, ambiguous-write/cleanup retries, actual Command readback/Write16 fallback/stale API/drop-write retention PASS; MOCK HARDWARE ONLY
Integrated native BMI probe scenario 15 PASS: reset/D0/ROM/4DMA pages/CE0-1/query/stop/unmap/close; MOCK ONLY
UEFI PCI port: exclusive claim, fresh identity, BAR descriptor/bounds, memory-only enable, allowlisted IO, wake-before-release, ambiguous-write/cleanup retries, actual Command readback/Write16 fallback/stale API/drop-write retention PASS; MOCK HARDWARE ONLY
Integrated native BMI probe scenario 16 PASS: reset/D0/ROM/4DMA pages/CE0-1/query/stop/unmap/close; MOCK ONLY
UEFI PCI port: exclusive claim, fresh identity, BAR descriptor/bounds, memory-only enable, allowlisted IO, wake-before-release, ambiguous-write/cleanup retries, actual Command readback/Write16 fallback/stale API/drop-write retention PASS; MOCK HARDWARE ONLY
Integrated native BMI probe scenario 17 PASS: reset/D0/ROM/4DMA pages/CE0-1/query/stop/unmap/close; MOCK ONLY
UEFI PCI port: exclusive claim, fresh identity, BAR descriptor/bounds, memory-only enable, allowlisted IO, wake-before-release, ambiguous-write/cleanup retries, actual Command readback/Write16 fallback/stale API/drop-write retention PASS; MOCK HARDWARE ONLY
Integrated native BMI probe scenario 18 PASS: reset/D0/ROM/4DMA pages/CE0-1/query/stop/unmap/close; MOCK ONLY
UEFI PCI port: exclusive claim, fresh identity, BAR descriptor/bounds, memory-only enable, allowlisted IO, wake-before-release, ambiguous-write/cleanup retries, actual Command readback/Write16 fallback/stale API/drop-write retention PASS; MOCK HARDWARE ONLY
Integrated native BMI probe scenario 19 PASS: reset/D0/ROM/4DMA pages/CE0-1/query/stop/unmap/close; MOCK ONLY
UEFI PCI port: exclusive claim, fresh identity, BAR descriptor/bounds, memory-only enable, allowlisted IO, wake-before-release, ambiguous-write/cleanup retries, actual Command readback/Write16 fallback/stale API/drop-write retention PASS; MOCK HARDWARE ONLY
Integrated native BMI probe scenario 20 PASS: reset/D0/ROM/4DMA pages/CE0-1/query/stop/unmap/close; MOCK ONLY
UEFI PCI port: exclusive claim, fresh identity, BAR descriptor/bounds, memory-only enable, allowlisted IO, wake-before-release, ambiguous-write/cleanup retries, actual Command readback/Write16 fallback/stale API/drop-write retention PASS; MOCK HARDWARE ONLY
Integrated native BMI probe scenario 21 PASS: reset/D0/ROM/4DMA pages/CE0-1/query/stop/unmap/close; MOCK ONLY
UEFI PCI port: exclusive claim, fresh identity, BAR descriptor/bounds, memory-only enable, allowlisted IO, wake-before-release, ambiguous-write/cleanup retries, actual Command readback/Write16 fallback/stale API/drop-write retention PASS; MOCK HARDWARE ONLY
Integrated native BMI probe scenario 22 PASS: reset/D0/ROM/4DMA pages/CE0-1/query/stop/unmap/close; MOCK ONLY
UEFI PCI port: exclusive claim, fresh identity, BAR descriptor/bounds, memory-only enable, allowlisted IO, wake-before-release, ambiguous-write/cleanup retries, actual Command readback/Write16 fallback/stale API/drop-write retention PASS; MOCK HARDWARE ONLY
Integrated native BMI probe scenario 23 PASS: reset/D0/ROM/4DMA pages/CE0-1/query/stop/unmap/close; MOCK ONLY
UEFI PCI port: exclusive claim, fresh identity, BAR descriptor/bounds, memory-only enable, allowlisted IO, wake-before-release, ambiguous-write/cleanup retries, actual Command readback/Write16 fallback/stale API/drop-write retention PASS; MOCK HARDWARE ONLY
Integrated native BMI probe scenario 24 PASS: reset/D0/ROM/4DMA pages/CE0-1/query/stop/unmap/close; MOCK ONLY
UEFI PCI port: exclusive claim, fresh identity, BAR descriptor/bounds, memory-only enable, allowlisted IO, wake-before-release, ambiguous-write/cleanup retries, actual Command readback/Write16 fallback/stale API/drop-write retention PASS; MOCK HARDWARE ONLY
Integrated native BMI probe scenario 25 PASS: reset/D0/ROM/4DMA pages/CE0-1/query/stop/unmap/close; MOCK ONLY
UEFI PCI port: exclusive claim, fresh identity, BAR descriptor/bounds, memory-only enable, allowlisted IO, wake-before-release, ambiguous-write/cleanup retries, actual Command readback/Write16 fallback/stale API/drop-write retention PASS; MOCK HARDWARE ONLY
Integrated native BMI probe scenario 26 PASS: reset/D0/ROM/4DMA pages/CE0-1/query/stop/unmap/close; MOCK ONLY
UEFI PCI port: exclusive claim, fresh identity, BAR descriptor/bounds, memory-only enable, allowlisted IO, wake-before-release, ambiguous-write/cleanup retries, actual Command readback/Write16 fallback/stale API/drop-write retention PASS; MOCK HARDWARE ONLY
Integrated native BMI probe scenario 27 PASS: reset/D0/ROM/4DMA pages/CE0-1/query/stop/unmap/close; MOCK ONLY
UEFI PCI port: exclusive claim, fresh identity, BAR descriptor/bounds, memory-only enable, allowlisted IO, wake-before-release, ambiguous-write/cleanup retries, actual Command readback/Write16 fallback/stale API/drop-write retention PASS; MOCK HARDWARE ONLY
Integrated native BMI probe scenario 28 PASS: reset/D0/ROM/4DMA pages/CE0-1/query/stop/unmap/close; MOCK ONLY
UEFI PCI port: exclusive claim, fresh identity, BAR descriptor/bounds, memory-only enable, allowlisted IO, wake-before-release, ambiguous-write/cleanup retries, actual Command readback/Write16 fallback/stale API/drop-write retention PASS; MOCK HARDWARE ONLY
Integrated native BMI probe scenario 29 PASS: reset/D0/ROM/4DMA pages/CE0-1/query/stop/unmap/close; MOCK ONLY
UEFI PCI port: exclusive claim, fresh identity, BAR descriptor/bounds, memory-only enable, allowlisted IO, wake-before-release, ambiguous-write/cleanup retries, actual Command readback/Write16 fallback/stale API/drop-write retention PASS; MOCK HARDWARE ONLY
Integrated native BMI probe scenario 30 PASS: reset/D0/ROM/4DMA pages/CE0-1/query/stop/unmap/close; MOCK ONLY
UEFI PCI port: exclusive claim, fresh identity, BAR descriptor/bounds, memory-only enable, allowlisted IO, wake-before-release, ambiguous-write/cleanup retries, actual Command readback/Write16 fallback/stale API/drop-write retention PASS; MOCK HARDWARE ONLY
Integrated native BMI probe scenario 31 PASS: reset/D0/ROM/4DMA pages/CE0-1/query/stop/unmap/close; MOCK ONLY
UEFI PCI port: exclusive claim, fresh identity, BAR descriptor/bounds, memory-only enable, allowlisted IO, wake-before-release, ambiguous-write/cleanup retries, actual Command readback/Write16 fallback/stale API/drop-write retention PASS; MOCK HARDWARE ONLY
Integrated native BMI probe scenario 32 PASS: reset/D0/ROM/4DMA pages/CE0-1/query/stop/unmap/close; MOCK ONLY
UEFI PCI port: exclusive claim, fresh identity, BAR descriptor/bounds, memory-only enable, allowlisted IO, wake-before-release, ambiguous-write/cleanup retries, actual Command readback/Write16 fallback/stale API/drop-write retention PASS; MOCK HARDWARE ONLY
Integrated native BMI probe scenario 33 PASS: reset/D0/ROM/4DMA pages/CE0-1/query/stop/unmap/close; MOCK ONLY
UEFI PCI port: exclusive claim, fresh identity, BAR descriptor/bounds, memory-only enable, allowlisted IO, wake-before-release, ambiguous-write/cleanup retries, actual Command readback/Write16 fallback/stale API/drop-write retention PASS; MOCK HARDWARE ONLY
QPD8_MOCK=515044080f00000000000000000000000000000000000000000000000000000000000000000000000000000000000000000000000000000000000000000000000000000000000000000000000000000000000000000000000000000000000000000000000000000000000000000000000000000000000000000000000000000006000000000100000508000001000000000010000000000000000000000000000300000000000000000000000200000000010201000040010000000000000000000000000000000002000000050000000000000000000000000000000000000001000000000000000000000000000000430143010000020102010000000000000000000000083012000830120700000040010000000000007b000000030000000000000001000000010001000000010000201000000000000030100000000000002010000000fcff00301000000000000000000000000000000000000800000000000000
Integrated native BMI probe scenario 34 PASS: reset/D0/ROM/4DMA pages/CE0-1/query/stop/unmap/close; MOCK ONLY
ble-baseline: PASS
ble-fixed: PASS
QPD8 actual host snapshots + invalid flags/indices/address decoding PASS
