MAC SENDER COMPILED; SOURCE SHA256=ac6edb0351e8427b798a0431f6fb386c7d6ce4447fb6cb931089c381e4ce7b8e
STATUS VALIDATOR SHA256=0effa86b79fb69e27b0252fc3ff327e8b89d96da1f78c05b0fe50ed626457b2f
STAGING DIAGNOSTIC DATA DELAY=50 ms; NO COMMIT
DATA CHUNK LIMIT=100 bytes (excluding offset)
SCANNING FOR RABBIT FILE SERVICE (not identity authentication)
DISCOVERED: F45BFCB2-ABC2-AB4E-BB0F-310A54D424AF RSSI=-58; connecting
CONNECTED: discovering file service
SERVICE DISCOVERY: count=1 error=none
CHARACTERISTIC DISCOVERY: count=3
BEGIN: acknowledged write; maximum value bytes=512
CONTROL ACK: phase=1; reading application status
RESUME OFFSET=80300/150816
STAGING CHECKPOINT=84400/150816 (not applied)
STAGING CHECKPOINT=88500/150816 (not applied)
STAGING CHECKPOINT=92600/150816 (not applied)
STAGING CHECKPOINT=96700/150816 (not applied)
STAGING CHECKPOINT=100800/150816 (not applied)
STAGING CHECKPOINT=104900/150816 (not applied)
STAGING CHECKPOINT=109000/150816 (not applied)
STAGING CHECKPOINT=113100/150816 (not applied)
STAGING CHECKPOINT=117200/150816 (not applied)
STAGING CHECKPOINT=121300/150816 (not applied)
STAGING CHECKPOINT=125400/150816 (not applied)
STAGING CHECKPOINT=129500/150816 (not applied)
STAGING CHECKPOINT=133600/150816 (not applied)
STAGING CHECKPOINT=137700/150816 (not applied)
STAGING CHECKPOINT=141800/150816 (not applied)
STAGING CHECKPOINT=145900/150816 (not applied)
STAGING CHECKPOINT=150000/150816 (not applied)
STAGING CHECKPOINT=150816/150816 (not applied)
STAGED-NOT-APPLIED: deliberate stop; keep Dell powered and rerun SAME saved session without --stage-only-bytes
