MAC SENDER COMPILED; SOURCE SHA256=ac6edb0351e8427b798a0431f6fb386c7d6ce4447fb6cb931089c381e4ce7b8e
STATUS VALIDATOR SHA256=0effa86b79fb69e27b0252fc3ff327e8b89d96da1f78c05b0fe50ed626457b2f
STAGING DIAGNOSTIC DATA DELAY=50 ms; NO COMMIT
DATA CHUNK LIMIT=100 bytes (excluding offset)
SCANNING FOR RABBIT FILE SERVICE (not identity authentication)
DISCOVERED: F45BFCB2-ABC2-AB4E-BB0F-310A54D424AF RSSI=-57; connecting
CONNECTED: discovering file service
SERVICE DISCOVERY: count=1 error=none
CHARACTERISTIC DISCOVERY: count=3
BEGIN: acknowledged write; maximum value bytes=512
CONTROL ACK: phase=1; reading application status
RESUME OFFSET=80500/187680
STAGING CHECKPOINT=84600/187680 (not applied)
STAGING CHECKPOINT=88700/187680 (not applied)
STAGING CHECKPOINT=92800/187680 (not applied)
STAGING CHECKPOINT=96900/187680 (not applied)
STAGING CHECKPOINT=101000/187680 (not applied)
STAGING CHECKPOINT=105100/187680 (not applied)
STAGING CHECKPOINT=109200/187680 (not applied)
STAGING CHECKPOINT=113300/187680 (not applied)
STAGING CHECKPOINT=117400/187680 (not applied)
STAGING CHECKPOINT=121500/187680 (not applied)
STAGING CHECKPOINT=125600/187680 (not applied)
STAGING CHECKPOINT=129700/187680 (not applied)
STAGING CHECKPOINT=133800/187680 (not applied)
STAGING CHECKPOINT=137900/187680 (not applied)
STAGING CHECKPOINT=142000/187680 (not applied)
STAGING CHECKPOINT=146100/187680 (not applied)
STAGING CHECKPOINT=150200/187680 (not applied)
STAGING CHECKPOINT=154300/187680 (not applied)
STAGING CHECKPOINT=158400/187680 (not applied)
FAIL: 300-second bounded timeout; application outcome may be unknown; staging retained if Dell remains powered
