UEFI PCI port: exclusive claim, fresh identity, BAR descriptor/bounds, memory-only enable, allowlisted IO, wake-before-release, ambiguous-write/cleanup retries, actual Command readback/Write16 fallback/stale API/drop-write retention PASS; MOCK HARDWARE ONLY
SCAN_ACTUAL_NATIVE scenario=0 commands=4 started=1 terminal=1 SSID=1 archive=0 actual14released EXPORT_BOUNDS_PASS
PERSISTENT_MOCK active_ticks=15 fault=0 startup=0 phase=4 polls=70 ALL14 RELEASE PASS
WMI_INIT_MOCK phase2/error0 transaction4 tx1 rx1 fault0 ALL14 RELEASED PASS
OPERATING_MOCK phase2/error0 tx3 rx4 fault35 SAFE RELEASE PASS
QWBT_MOCK=5157425430303031050000000000000014000000000000002a0c00002a0c000000804000000000000000000014000000020000000007000004000000010000000000000000000000000000000000000006000000002100000c0000000e00000000000000010002050800000005000000000000000000000000000000010000008f8b002fccfe81d42238f27dd1f56d189604f180bd4772c7c8e75ae1fef16f01
LEGACY WRITES BLOCKED WHILE OWNED; DELEGATED AFTER COMPLETE CLEANUP; ASSET SEALED PASS
ACTUAL ENTRYPOINT TWO LIFETIMES fault35 PASS; SYNTHETIC RADIO/HTC ONLY
RAM phase=4 error=0 allocs=2 frees=0 setup=4/0 bmi=2/0 type=8 stage=5
SECOND phase=5 error=0 plan=20/0 streams=3 exec=2 stage=6/8448 pins=0 alloc=14 free=14 open=2 close=2
INIT COUNTS tx=1 rx=1 posted=0 available=2 outstanding=0
PERSISTENT_FINAL phase=4 error=0 life_error=0 active=15 stop=1 polls=70
UEFI PCI port: exclusive claim, fresh identity, BAR descriptor/bounds, memory-only enable, allowlisted IO, wake-before-release, ambiguous-write/cleanup retries, actual Command readback/Write16 fallback/stale API/drop-write retention PASS; MOCK HARDWARE ONLY
SCAN_ACTUAL_NATIVE scenario=1 commands=4 started=1 terminal=1 SSID=1 archive=1 actual14released EXPORT_BOUNDS_PASS
PERSISTENT_MOCK active_ticks=17 fault=0 startup=0 phase=4 polls=76 ALL14 RELEASE PASS
WMI_INIT_MOCK phase2/error0 transaction4 tx1 rx1 fault0 ALL14 RELEASED PASS
OPERATING_MOCK phase2/error0 tx3 rx4 fault35 SAFE RELEASE PASS
QWBT_MOCK=5157425430303031050000000000000014000000000000002a0c00002a0c000000804000000000000000000014000000020000000007000004000000010000000000000000000000000000000000000006000000002100000c0000000e00000000000000010002050800000005000000000000000000000000000000010000008f8b002fccfe81d42238f27dd1f56d189604f180bd4772c7c8e75ae1fef16f01
LEGACY WRITES BLOCKED WHILE OWNED; DELEGATED AFTER COMPLETE CLEANUP; ASSET SEALED PASS
ACTUAL ENTRYPOINT TWO LIFETIMES fault35 PASS; SYNTHETIC RADIO/HTC ONLY
RAM phase=4 error=0 allocs=2 frees=0 setup=4/0 bmi=2/0 type=8 stage=5
SECOND phase=5 error=0 plan=20/0 streams=3 exec=2 stage=6/8448 pins=0 alloc=14 free=14 open=2 close=2
INIT COUNTS tx=1 rx=1 posted=0 available=2 outstanding=0
PERSISTENT_FINAL phase=4 error=0 life_error=0 active=17 stop=1 polls=76
UEFI PCI port: exclusive claim, fresh identity, BAR descriptor/bounds, memory-only enable, allowlisted IO, wake-before-release, ambiguous-write/cleanup retries, actual Command readback/Write16 fallback/stale API/drop-write retention PASS; MOCK HARDWARE ONLY
SCAN_ACTUAL_NATIVE scenario=2 commands=2 started=0 terminal=0 SSID=0 archive=0 actual14released EXPORT_BOUNDS_PASS
PERSISTENT_MOCK active_ticks=2006 fault=0 startup=0 phase=4 polls=6043 ALL14 RELEASE PASS
WMI_INIT_MOCK phase2/error0 transaction4 tx1 rx1 fault0 ALL14 RELEASED PASS
OPERATING_MOCK phase2/error0 tx3 rx4 fault35 SAFE RELEASE PASS
QWBT_MOCK=5157425430303031050000000000000014000000000000002a0c00002a0c000000804000000000000000000014000000020000000007000004000000010000000000000000000000000000000000000006000000002100000c0000000e00000000000000010002050800000005000000000000000000000000000000010000008f8b002fccfe81d42238f27dd1f56d189604f180bd4772c7c8e75ae1fef16f01
LEGACY WRITES BLOCKED WHILE OWNED; DELEGATED AFTER COMPLETE CLEANUP; ASSET SEALED PASS
ACTUAL ENTRYPOINT TWO LIFETIMES fault35 PASS; SYNTHETIC RADIO/HTC ONLY
RAM phase=4 error=0 allocs=2 frees=0 setup=4/0 bmi=2/0 type=8 stage=5
SECOND phase=5 error=0 plan=20/0 streams=3 exec=2 stage=6/8448 pins=0 alloc=14 free=14 open=2 close=2
INIT COUNTS tx=1 rx=1 posted=0 available=0 outstanding=2
PERSISTENT_FINAL phase=4 error=0 life_error=0 active=2006 stop=1 polls=6043
UEFI PCI port: exclusive claim, fresh identity, BAR descriptor/bounds, memory-only enable, allowlisted IO, wake-before-release, ambiguous-write/cleanup retries, actual Command readback/Write16 fallback/stale API/drop-write retention PASS; MOCK HARDWARE ONLY
SCAN_ACTUAL_NATIVE scenario=3 commands=4 started=1 terminal=1 SSID=0 archive=1 actual14released EXPORT_BOUNDS_PASS
PERSISTENT_MOCK active_ticks=16 fault=0 startup=0 phase=4 polls=73 ALL14 RELEASE PASS
WMI_INIT_MOCK phase2/error0 transaction4 tx1 rx1 fault0 ALL14 RELEASED PASS
OPERATING_MOCK phase2/error0 tx3 rx4 fault35 SAFE RELEASE PASS
QWBT_MOCK=5157425430303031050000000000000014000000000000002a0c00002a0c000000804000000000000000000014000000020000000007000004000000010000000000000000000000000000000000000006000000002100000c0000000e00000000000000010002050800000005000000000000000000000000000000010000008f8b002fccfe81d42238f27dd1f56d189604f180bd4772c7c8e75ae1fef16f01
LEGACY WRITES BLOCKED WHILE OWNED; DELEGATED AFTER COMPLETE CLEANUP; ASSET SEALED PASS
ACTUAL ENTRYPOINT TWO LIFETIMES fault35 PASS; SYNTHETIC RADIO/HTC ONLY
RAM phase=4 error=0 allocs=2 frees=0 setup=4/0 bmi=2/0 type=8 stage=5
SECOND phase=5 error=0 plan=20/0 streams=3 exec=2 stage=6/8448 pins=0 alloc=14 free=14 open=2 close=2
INIT COUNTS tx=1 rx=1 posted=0 available=2 outstanding=0
PERSISTENT_FINAL phase=4 error=0 life_error=0 active=16 stop=1 polls=73
UEFI PCI port: exclusive claim, fresh identity, BAR descriptor/bounds, memory-only enable, allowlisted IO, wake-before-release, ambiguous-write/cleanup retries, actual Command readback/Write16 fallback/stale API/drop-write retention PASS; MOCK HARDWARE ONLY
SCAN_ACTUAL_NATIVE scenario=4 commands=4 started=1 terminal=0 SSID=0 archive=0 actual14released EXPORT_BOUNDS_PASS
PERSISTENT_MOCK active_ticks=14 fault=0 startup=0 phase=4 polls=67 ALL14 RELEASE PASS
WMI_INIT_MOCK phase2/error0 transaction4 tx1 rx1 fault0 ALL14 RELEASED PASS
OPERATING_MOCK phase2/error0 tx3 rx4 fault35 SAFE RELEASE PASS
QWBT_MOCK=5157425430303031050000000000000014000000000000002a0c00002a0c000000804000000000000000000014000000020000000007000004000000010000000000000000000000000000000000000006000000002100000c0000000e00000000000000010002050800000005000000000000000000000000000000010000008f8b002fccfe81d42238f27dd1f56d189604f180bd4772c7c8e75ae1fef16f01
LEGACY WRITES BLOCKED WHILE OWNED; DELEGATED AFTER COMPLETE CLEANUP; ASSET SEALED PASS
ACTUAL ENTRYPOINT TWO LIFETIMES fault35 PASS; SYNTHETIC RADIO/HTC ONLY
RAM phase=4 error=0 allocs=2 frees=0 setup=4/0 bmi=2/0 type=8 stage=5
SECOND phase=5 error=0 plan=20/0 streams=3 exec=2 stage=6/8448 pins=0 alloc=14 free=14 open=2 close=2
INIT COUNTS tx=1 rx=1 posted=0 available=2 outstanding=0
PERSISTENT_FINAL phase=4 error=0 life_error=0 active=14 stop=1 polls=67
UEFI PCI port: exclusive claim, fresh identity, BAR descriptor/bounds, memory-only enable, allowlisted IO, wake-before-release, ambiguous-write/cleanup retries, actual Command readback/Write16 fallback/stale API/drop-write retention PASS; MOCK HARDWARE ONLY
SCAN_ACTUAL_NATIVE scenario=5 commands=1 started=0 terminal=0 SSID=0 archive=0 actual14released EXPORT_BOUNDS_PASS
PERSISTENT_MOCK active_ticks=2000 fault=0 startup=0 phase=4 polls=6023 ALL14 RELEASE PASS
WMI_INIT_MOCK phase2/error0 transaction4 tx1 rx1 fault0 ALL14 RELEASED PASS
OPERATING_MOCK phase2/error0 tx3 rx4 fault35 SAFE RELEASE PASS
QWBT_MOCK=5157425430303031050000000000000014000000000000002a0c00002a0c000000804000000000000000000014000000020000000007000004000000010000000000000000000000000000000000000006000000002100000c0000000e00000000000000010002050800000005000000000000000000000000000000010000008f8b002fccfe81d42238f27dd1f56d189604f180bd4772c7c8e75ae1fef16f01
LEGACY WRITES BLOCKED WHILE OWNED; DELEGATED AFTER COMPLETE CLEANUP; ASSET SEALED PASS
ACTUAL ENTRYPOINT TWO LIFETIMES fault35 PASS; SYNTHETIC RADIO/HTC ONLY
RAM phase=4 error=0 allocs=2 frees=0 setup=4/0 bmi=2/0 type=8 stage=5
SECOND phase=5 error=0 plan=20/0 streams=3 exec=2 stage=6/8448 pins=0 alloc=14 free=14 open=2 close=2
INIT COUNTS tx=1 rx=1 posted=0 available=2 outstanding=0
PERSISTENT_FINAL phase=4 error=0 life_error=0 active=2000 stop=1 polls=6023
UEFI PCI port: exclusive claim, fresh identity, BAR descriptor/bounds, memory-only enable, allowlisted IO, wake-before-release, ambiguous-write/cleanup retries, actual Command readback/Write16 fallback/stale API/drop-write retention PASS; MOCK HARDWARE ONLY
SCAN_ACTUAL_NATIVE scenario=6 commands=1 started=0 terminal=0 SSID=0 archive=0 actual14released EXPORT_BOUNDS_PASS
PERSISTENT_MOCK active_ticks=2 fault=0 startup=0 phase=4 polls=29 ALL14 RELEASE PASS
WMI_INIT_MOCK phase2/error0 transaction4 tx1 rx1 fault0 ALL14 RELEASED PASS
OPERATING_MOCK phase2/error0 tx3 rx4 fault35 SAFE RELEASE PASS
QWBT_MOCK=5157425430303031050000000000000014000000000000002a0c00002a0c000000804000000000000000000014000000020000000007000004000000010000000000000000000000000000000000000006000000002100000c0000000e00000000000000010002050800000005000000000000000000000000000000010000008f8b002fccfe81d42238f27dd1f56d189604f180bd4772c7c8e75ae1fef16f01
LEGACY WRITES BLOCKED WHILE OWNED; DELEGATED AFTER COMPLETE CLEANUP; ASSET SEALED PASS
ACTUAL ENTRYPOINT TWO LIFETIMES fault35 PASS; SYNTHETIC RADIO/HTC ONLY
RAM phase=4 error=0 allocs=2 frees=0 setup=4/0 bmi=2/0 type=8 stage=5
SECOND phase=5 error=0 plan=20/0 streams=3 exec=2 stage=6/8448 pins=0 alloc=14 free=14 open=2 close=2
INIT COUNTS tx=1 rx=1 posted=0 available=1 outstanding=1
PERSISTENT_FINAL phase=4 error=0 life_error=0 active=2 stop=1 polls=29
UEFI PCI port: exclusive claim, fresh identity, BAR descriptor/bounds, memory-only enable, allowlisted IO, wake-before-release, ambiguous-write/cleanup retries, actual Command readback/Write16 fallback/stale API/drop-write retention PASS; MOCK HARDWARE ONLY
SCAN_ACTUAL_NATIVE scenario=7 commands=4 started=0 terminal=0 SSID=0 archive=0 actual14released EXPORT_BOUNDS_PASS
PERSISTENT_MOCK active_ticks=12 fault=0 startup=0 phase=4 polls=60 ALL14 RELEASE PASS
WMI_INIT_MOCK phase2/error0 transaction4 tx1 rx1 fault0 ALL14 RELEASED PASS
OPERATING_MOCK phase2/error0 tx3 rx4 fault35 SAFE RELEASE PASS
QWBT_MOCK=5157425430303031050000000000000014000000000000002a0c00002a0c000000804000000000000000000014000000020000000007000004000000010000000000000000000000000000000000000006000000002100000c0000000e00000000000000010002050800000005000000000000000000000000000000010000008f8b002fccfe81d42238f27dd1f56d189604f180bd4772c7c8e75ae1fef16f01
LEGACY WRITES BLOCKED WHILE OWNED; DELEGATED AFTER COMPLETE CLEANUP; ASSET SEALED PASS
ACTUAL ENTRYPOINT TWO LIFETIMES fault35 PASS; SYNTHETIC RADIO/HTC ONLY
RAM phase=4 error=0 allocs=2 frees=0 setup=4/0 bmi=2/0 type=8 stage=5
SECOND phase=5 error=0 plan=20/0 streams=3 exec=2 stage=6/8448 pins=0 alloc=14 free=14 open=2 close=2
INIT COUNTS tx=1 rx=1 posted=0 available=2 outstanding=0
PERSISTENT_FINAL phase=4 error=0 life_error=0 active=12 stop=1 polls=60
UEFI PCI port: exclusive claim, fresh identity, BAR descriptor/bounds, memory-only enable, allowlisted IO, wake-before-release, ambiguous-write/cleanup retries, actual Command readback/Write16 fallback/stale API/drop-write retention PASS; MOCK HARDWARE ONLY
SCAN_ACTUAL_NATIVE scenario=8 commands=4 started=1 terminal=1 SSID=1 archive=1 actual14released EXPORT_BOUNDS_PASS
PERSISTENT_MOCK active_ticks=17 fault=0 startup=0 phase=4 polls=76 ALL14 RELEASE PASS
WMI_INIT_MOCK phase2/error0 transaction4 tx1 rx1 fault0 ALL14 RELEASED PASS
OPERATING_MOCK phase2/error0 tx3 rx4 fault35 SAFE RELEASE PASS
QWBT_MOCK=5157425430303031050000000000000014000000000000002a0c00002a0c000000804000000000000000000014000000020000000007000004000000010000000000000000000000000000000000000006000000002100000c0000000e00000000000000010002050800000005000000000000000000000000000000010000008f8b002fccfe81d42238f27dd1f56d189604f180bd4772c7c8e75ae1fef16f01
LEGACY WRITES BLOCKED WHILE OWNED; DELEGATED AFTER COMPLETE CLEANUP; ASSET SEALED PASS
ACTUAL ENTRYPOINT TWO LIFETIMES fault35 PASS; SYNTHETIC RADIO/HTC ONLY
RAM phase=4 error=0 allocs=2 frees=0 setup=4/0 bmi=2/0 type=8 stage=5
SECOND phase=5 error=0 plan=20/0 streams=3 exec=2 stage=6/8448 pins=0 alloc=14 free=14 open=2 close=2
INIT COUNTS tx=1 rx=1 posted=0 available=2 outstanding=0
PERSISTENT_FINAL phase=4 error=0 life_error=0 active=17 stop=1 polls=76
UEFI PCI port: exclusive claim, fresh identity, BAR descriptor/bounds, memory-only enable, allowlisted IO, wake-before-release, ambiguous-write/cleanup retries, actual Command readback/Write16 fallback/stale API/drop-write retention PASS; MOCK HARDWARE ONLY
SCAN_ACTUAL_NATIVE scenario=9 commands=5 started=1 terminal=1 SSID=1 archive=2 actual14released EXPORT_BOUNDS_PASS
PERSISTENT_MOCK active_ticks=19 fault=0 startup=0 phase=4 polls=84 ALL14 RELEASE PASS
WMI_INIT_MOCK phase2/error0 transaction4 tx1 rx1 fault0 ALL14 RELEASED PASS
OPERATING_MOCK phase2/error0 tx3 rx4 fault35 SAFE RELEASE PASS
QWBT_MOCK=5157425430303031050000000000000014000000000000002a0c00002a0c000000804000000000000000000014000000020000000007000004000000010000000000000000000000000000000000000006000000002100000c0000000e00000000000000010002050800000005000000000000000000000000000000010000008f8b002fccfe81d42238f27dd1f56d189604f180bd4772c7c8e75ae1fef16f01
LEGACY WRITES BLOCKED WHILE OWNED; DELEGATED AFTER COMPLETE CLEANUP; ASSET SEALED PASS
ACTUAL ENTRYPOINT TWO LIFETIMES fault35 PASS; SYNTHETIC RADIO/HTC ONLY
RAM phase=4 error=0 allocs=2 frees=0 setup=4/0 bmi=2/0 type=8 stage=5
SECOND phase=5 error=0 plan=20/0 streams=3 exec=2 stage=6/8448 pins=0 alloc=14 free=14 open=2 close=2
INIT COUNTS tx=1 rx=1 posted=0 available=2 outstanding=0
PERSISTENT_FINAL phase=4 error=0 life_error=0 active=19 stop=1 polls=84
