RABBIT NATIVE SUPERVISOR v0.1 - QEMU ONLY
BOOTSTRAP FALLBACK ACTIVE; VOLATILE UPDATES CLEARED
T: TWO SIGNED NATIVE UPDATES AND FAILURE TESTS
AFTER PASS, H: HUNG INIT WATCHDOG RESET; ESC: EXIT
NATIVE A COMMITTED FROM SIGNED RAM PAYLOAD
NATIVE B COMMITTED; PREVIOUS DRIVER UNLOADED
EXACT RETRY REPEATED RECEIPT ONLY; NATIVE EFFECT NOT REPEATED
FAILED NATIVE HEALTH RETAINED EXACT B AND STATE
GATE: RRT1 VERIFICATION REJECTED
TAMPERED SIGNATURE REJECTED BEFORE LOADIMAGE
GATE: RRT1 VERIFICATION REJECTED
STALE RUNTIME COUNTER REJECTED BEFORE LOADIMAGE
INCOMPATIBLE SIGNED MODULE ABI RETAINED B
NATIVE RAM UPDATE DEMO PASS; NO BLUETOOTH OR STORAGE WRITES
STARTING SIGNED HUNG INIT; EXPECT WATCHDOG RESET TO BOOTSTRAP
NATIVE HUNG INIT ENTERED
RABBIT NATIVE SUPERVISOR v0.1 - QEMU ONLY
BOOTSTRAP FALLBACK ACTIVE; VOLATILE UPDATES CLEARED
T: TWO SIGNED NATIVE UPDATES AND FAILURE TESTS
AFTER PASS, H: HUNG INIT WATCHDOG RESET; ESC: EXIT
