MAC SENDER COMPILED; SOURCE SHA256=ac6edb0351e8427b798a0431f6fb386c7d6ce4447fb6cb931089c381e4ce7b8e
STATUS VALIDATOR SHA256=0effa86b79fb69e27b0252fc3ff327e8b89d96da1f78c05b0fe50ed626457b2f
STAGING DIAGNOSTIC DATA DELAY=50 ms; NO COMMIT
DATA CHUNK LIMIT=100 bytes (excluding offset)
SCANNING FOR RABBIT FILE SERVICE (not identity authentication)
DISCOVERED: F45BFCB2-ABC2-AB4E-BB0F-310A54D424AF RSSI=-63; connecting
CONNECTED: discovering file service
SERVICE DISCOVERY: count=1 error=none
CHARACTERISTIC DISCOVERY: count=3
BEGIN: acknowledged write; maximum value bytes=512
CONTROL ACK: phase=1; reading application status
RESUME OFFSET=0/140064
STAGING CHECKPOINT=4100/140064 (not applied)
STAGING CHECKPOINT=8200/140064 (not applied)
STAGING CHECKPOINT=12300/140064 (not applied)
STAGING CHECKPOINT=16400/140064 (not applied)
STAGING CHECKPOINT=20500/140064 (not applied)
STAGING CHECKPOINT=24600/140064 (not applied)
STAGING CHECKPOINT=28700/140064 (not applied)
STAGING CHECKPOINT=32800/140064 (not applied)
STAGING CHECKPOINT=36900/140064 (not applied)
STAGING CHECKPOINT=41000/140064 (not applied)
STAGING CHECKPOINT=45100/140064 (not applied)
STAGING CHECKPOINT=49200/140064 (not applied)
STAGING CHECKPOINT=53300/140064 (not applied)
STAGING CHECKPOINT=57400/140064 (not applied)
STAGING CHECKPOINT=61500/140064 (not applied)
STAGING CHECKPOINT=65600/140064 (not applied)
STAGING CHECKPOINT=69700/140064 (not applied)
STAGING CHECKPOINT=73800/140064 (not applied)
STAGING CHECKPOINT=77900/140064 (not applied)
FAIL: 300-second bounded timeout; application outcome may be unknown; staging retained if Dell remains powered
