test_actual_resident_c_accepts_speed_edit_and_rejects_unsafe_first_tick (__main__.WorldTests.test_actual_resident_c_accepts_speed_edit_and_rejects_unsafe_first_tick) ... ok
test_complete_asset_candidate_cannot_smuggle_native_fields_or_legacy_world (__main__.WorldTests.test_complete_asset_candidate_cannot_smuggle_native_fields_or_legacy_world) ... ok
test_discard_only_never_sent_draft_keeps_current_and_blocks_uncertain_discard (__main__.WorldTests.test_discard_only_never_sent_draft_keeps_current_and_blocks_uncertain_discard) ... UNSENT DRAFT DISCARDED; current world unchanged; archive preserved
RFS STATUS HEX=524653013ba0291d9bb6c49b000000000000000000000000000000000000000000000000000000000000000000000000000000000000000000000000
timeoutquery timeoutok
test_durable_receipt_finishes_local_crash_without_radio (__main__.WorldTests.test_durable_receipt_finishes_local_crash_without_radio) ... ok
test_edit_preserves_four_pose_assets_and_rejects_stale_or_extra_fields (__main__.WorldTests.test_edit_preserves_four_pose_assets_and_rejects_stale_or_extra_fields) ... ok
test_exit_zero_without_exact_receipt_cannot_advance_current_world (__main__.WorldTests.test_exit_zero_without_exact_receipt_cannot_advance_current_world) ... RFS STATUS HEX=524653016e4b15bfadf110ca000000000000000000000000000000000000000000000000000000000000000000000000000000000000000000000000
no receiptRFS STATUS HEX=524653016e4b15bfadf110ca000000006582000001000000000000000000000000000000000000000000000000000000000000000000000000000000
no receiptok
test_failure_retains_counter_and_same_nonce_then_exact_receipt_advances (__main__.WorldTests.test_failure_retains_counter_and_same_nonce_then_exact_receipt_advances) ... RFS STATUS HEX=52465301c776be9f5b6653f8000000000000000000000000000000000000000000000000000000000000000000000000000000000000000000000000
timeoutRFS STATUS HEX=52465301c776be9f5b6653f8e80300006582000001000000000000000000000000000000000000000000000000000000000000000000000000000000
timeoutRFS STATUS HEX=52465301c776be9f5b6653f8e80300006582000001000000000000000000000000000000000000000000000000000000000000000000000000000000
STAGING CHECKPOINT=33381/33381
STAGED-NOT-APPLIED: stop
FILE APPLIED RECEIPT (NOT ATTESTATION): exact SHA256/session/counter matchedok
test_foreign_active_pending_and_exact_rejection_never_send (__main__.WorldTests.test_foreign_active_pending_and_exact_rejection_never_send) ... RFS STATUS HEX=52465301666f726569676e21658200006582000001000000000000000000000000000000000000000000000000000000000000000000000000000000
RECEIVER-STATE-BLOCKED: no DATA or COMMIT
RFS STATUS HEX=52465301666f726569676e21658200006582000004000000000000000000000000000000000000000000000000000000000000000000000000000000
RECEIVER-STATE-BLOCKED: no DATA or COMMIT
RFS STATUS HEX=52465301bf78756b66c8a7b0658200006582000004000000000000000000000000000000000000000000000000000000000000000000000000000000
RFS STATUS HEX=524653014bf02df047b2071165820000658200000302000003000000d47182e67f7affb1031581432356fabf2d52bbe1d61b9b6cf0c6c4cd02eb1034
ok
test_lost_commit_response_reconciles_exact_receipt_without_resending (__main__.WorldTests.test_lost_commit_response_reconciles_exact_receipt_without_resending) ... RFS STATUS HEX=52465301c63e903e66992fb2000000000000000000000000000000000000000000000000000000000000000000000000000000000000000000000000
STAGING CHECKPOINT=33381/33381
STAGED-NOT-APPLIED: stop
lost COMMIT responseRFS STATUS HEX=52465301c63e903e66992fb265820000658200000200000003000000d47182e67f7affb1031581432356fabf2d52bbe1d61b9b6cf0c6c4cd02eb1034
ok
test_preflight_floor_is_passed_to_actual_sender_to_close_reset_race (__main__.WorldTests.test_preflight_floor_is_passed_to_actual_sender_to_close_reset_race) ... RFS STATUS HEX=52465301f092eb7676e3e921f40100006582000001000000000000000000000000000000000000000000000000000000000000000000000000000000
RECEIVER STAGING REGRESSED: previously confirmed=500 now=0ok
test_saved_partial_log_survives_process_crash_and_blocks_prefix_regression (__main__.WorldTests.test_saved_partial_log_survives_process_crash_and_blocks_prefix_regression) ... Receiver loss detected; no replay, new nonce or counter. Inspect receiver state.
RFS STATUS HEX=52465301f55c20e988589784f30100006582000001000000000000000000000000000000000000000000000000000000000000000000000000000000
RECOVERY-REQUIRED-RECEIVER-LOSS: no DATA or COMMIT
RFS STATUS HEX=524653017ba7b845c6970615000000000000000000000000000000000000000000000000000000000000000000000000000000000000000000000000
RECOVERY-REQUIRED-RECEIVER-LOSS: no DATA or COMMIT
RFS STATUS HEX=52465301666f726569676e2165820000658200000200000003000000d47182e67f7affb1031581432356fabf2d52bbe1d61b9b6cf0c6c4cd02eb1034
ok
test_saved_session_or_package_substitution_stops_before_radio (__main__.WorldTests.test_saved_session_or_package_substitution_stops_before_radio) ... ok
test_sender_child_keeps_lock_after_controller_exits_critical_section (__main__.WorldTests.test_sender_child_keeps_lock_after_controller_exits_critical_section) ... ok
test_status_is_local_by_default_and_receipt_parser_rejects_ambiguous_output (__main__.WorldTests.test_status_is_local_by_default_and_receipt_parser_rejects_ambiguous_output) ... ok
test_status_query_does_not_promote_pending_world (__main__.WorldTests.test_status_query_does_not_promote_pending_world) ... ok
test_timeout_archives_partial_output_and_preserves_pending (__main__.WorldTests.test_timeout_archives_partial_output_and_preserves_pending) ... RECOVERY-REQUIRED-RECEIVER-LOSS: no DATA or COMMIT
RFS STATUS HEX=524653012b09cd220b7f9cea000000000000000000000000000000000000000000000000000000000000000000000000000000000000000000000000
STAGING CHECKPOINT=700/33381

ORCHESTRATOR TIMEOUT: outcome unknown; saved session retained
query failedok

----------------------------------------------------------------------
Ran 16 tests in 5.786s

OK
