MAC SENDER COMPILED; SOURCE SHA256=e08bc5f9a8b03b1f27b7cf9cc9ca04ea52813b324db25bfb7826ae50f17233a3
STATUS VALIDATOR SHA256=6793d285e07aeea28c35652ad94c2d04d5d39e839466caa517e57078aa358758
DATA CHUNK LIMIT=100 bytes (excluding offset)
SCANNING FOR RABBIT FILE SERVICE (not identity authentication)
DISCOVERED: F45BFCB2-ABC2-AB4E-BB0F-310A54D424AF RSSI=-80; connecting
CONNECTED: discovering file service
SERVICE DISCOVERY: count=1 error=none
CHARACTERISTIC DISCOVERY: count=3
BEGIN: acknowledged write; maximum value bytes=512
CONTROL ACK: phase=1; reading application status
RESUME OFFSET=0/33381
STAGING CHECKPOINT=4100/33381 (not applied)
STAGING CHECKPOINT=8200/33381 (not applied)
STAGING CHECKPOINT=12300/33381 (not applied)
STAGING CHECKPOINT=16400/33381 (not applied)
STAGING CHECKPOINT=20500/33381 (not applied)
STAGING CHECKPOINT=24600/33381 (not applied)
STAGING CHECKPOINT=28700/33381 (not applied)
STAGING CHECKPOINT=32800/33381 (not applied)
CONTROL ACK: phase=3; reading application status
FILE APPLIED RECEIPT (NOT ATTESTATION): exact SHA256/session/counter matched
TRANSFER ELAPSED=58.173 seconds (including reconnects)
