MAC SENDER COMPILED; SOURCE SHA256=07b09af8149cf0ea54e5b741a50a0941404391f5ddecff1b11d17aa87308bcac
STATUS VALIDATOR SHA256=6793d285e07aeea28c35652ad94c2d04d5d39e839466caa517e57078aa358758
SCANNING FOR RABBIT FILE SERVICE (not identity authentication)
DISCOVERED: F45BFCB2-ABC2-AB4E-BB0F-310A54D424AF RSSI=-90; connecting
CONNECTED: discovering file service
SERVICE DISCOVERY: count=1 error=none
CHARACTERISTIC DISCOVERY: count=3
BEGIN: acknowledged write; maximum value bytes=512
CONTROL ACK: phase=1; reading application status
RESUME OFFSET=0/33381
STAGING CHECKPOINT=4320/33381 (not applied)
STAGING CHECKPOINT=8640/33381 (not applied)
STAGING CHECKPOINT=12960/33381 (not applied)
STAGING CHECKPOINT=17280/33381 (not applied)
STAGING CHECKPOINT=21600/33381 (not applied)
DISCONNECTED: phase=2 offset=24720/33381 domain=CBErrorDomain code=6 reason=The connection has timed out unexpectedly.
RECONNECT: delivery unknown; querying retained session, not assuming application
DISCOVERED: F45BFCB2-ABC2-AB4E-BB0F-310A54D424AF RSSI=-89; connecting
CONNECTED: discovering file service
SERVICE DISCOVERY: count=1 error=none
CHARACTERISTIC DISCOVERY: count=3
BEGIN: acknowledged write; maximum value bytes=512
CONTROL ACK: phase=1; reading application status
RECEIVER STAGING REGRESSED: previously confirmed=21600 now=0; receiver reset/loss possible, NOT same-boot resume
FAIL: receiver staging regressed; inspect Dell state before resuming SAME session; application outcome may be unknown; staging retained if Dell remains powered
