MAC SENDER COMPILED; SOURCE SHA256=106ff85da96cb908e11168f10b53d44c36a6d328bf1edb9448d91497c4582c5a
STATUS VALIDATOR SHA256=6793d285e07aeea28c35652ad94c2d04d5d39e839466caa517e57078aa358758
STAGING DIAGNOSTIC DATA DELAY=50 ms; NO COMMIT
DATA CHUNK LIMIT=100 bytes (excluding offset)
SCANNING FOR RABBIT FILE SERVICE (not identity authentication)
DISCOVERED: F45BFCB2-ABC2-AB4E-BB0F-310A54D424AF RSSI=-66; connecting
CONNECTED: discovering file service
SERVICE DISCOVERY: count=1 error=none
CHARACTERISTIC DISCOVERY: count=3
BEGIN: acknowledged write; maximum value bytes=512
CONTROL ACK: phase=1; reading application status
RESUME OFFSET=0/33381
STAGING CHECKPOINT=4100/33381 (not applied)
STAGING CHECKPOINT=8200/33381 (not applied)
STAGING CHECKPOINT=12300/33381 (not applied)
STAGING CHECKPOINT=16400/33381 (not applied)
STAGING CHECKPOINT=20500/33381 (not applied)
STAGING CHECKPOINT=24600/33381 (not applied)
STAGING CHECKPOINT=28700/33381 (not applied)
STAGING CHECKPOINT=32800/33381 (not applied)
STAGING CHECKPOINT=33000/33381 (not applied)
STAGED-NOT-APPLIED: deliberate stop; keep Dell powered and rerun SAME saved session without --stage-only-bytes
