ACTUAL ROOT LOOP FAULT TEST; MOCK USB ONLY
CONNECTED FILE SERVICE STARTING; ESC TO STOP

BLE FILE SERVICE ADVERTISING; READY TO CONNECT

BLE CONNECTED; GATT DISCOVERY READY

BLE POLL ERROR CODE=00000005

BLE LINK STATE=00000002

BLE PENDING HCI OPCODE=00000000

CONNECTED FAILURE: 
RADIO POLL; SEE BLE ERROR CODE


RADIO OUTCOME UNKNOWN; WATCHDOG RECOVERY

ACTUAL ROOT LOOP FAULT TEST; MOCK USB ONLY
CONNECTED FILE SERVICE STARTING; ESC TO STOP

BLE FILE SERVICE ADVERTISING; READY TO CONNECT

BLE CONNECTED; GATT DISCOVERY READY

BLE POLL ERROR CODE=00000005

BLE LINK STATE=00000002

BLE PENDING HCI OPCODE=00000000

CONNECTED FAILURE: 
RADIO POLL; SEE BLE ERROR CODE


RADIO OUTCOME UNKNOWN; WATCHDOG RECOVERY

