MAC SENDER COMPILED; SOURCE SHA256=ac6edb0351e8427b798a0431f6fb386c7d6ce4447fb6cb931089c381e4ce7b8e
STATUS VALIDATOR SHA256=0effa86b79fb69e27b0252fc3ff327e8b89d96da1f78c05b0fe50ed626457b2f
STAGING DIAGNOSTIC DATA DELAY=50 ms; NO COMMIT
DATA CHUNK LIMIT=100 bytes (excluding offset)
SCANNING FOR RABBIT FILE SERVICE (not identity authentication)
DISCOVERED: F45BFCB2-ABC2-AB4E-BB0F-310A54D424AF RSSI=-55; connecting
CONNECTED: discovering file service
SERVICE DISCOVERY: count=1 error=none
CHARACTERISTIC DISCOVERY: count=3
BEGIN: acknowledged write; maximum value bytes=512
CONTROL ACK: phase=1; reading application status
RESUME OFFSET=78600/202528
STAGING CHECKPOINT=82700/202528 (not applied)
STAGING CHECKPOINT=86800/202528 (not applied)
STAGING CHECKPOINT=90900/202528 (not applied)
STAGING CHECKPOINT=95000/202528 (not applied)
STAGING CHECKPOINT=99100/202528 (not applied)
STAGING CHECKPOINT=103200/202528 (not applied)
STAGING CHECKPOINT=107300/202528 (not applied)
STAGING CHECKPOINT=111400/202528 (not applied)
STAGING CHECKPOINT=115500/202528 (not applied)
STAGING CHECKPOINT=119600/202528 (not applied)
STAGING CHECKPOINT=123700/202528 (not applied)
STAGING CHECKPOINT=127800/202528 (not applied)
STAGING CHECKPOINT=131900/202528 (not applied)
STAGING CHECKPOINT=136000/202528 (not applied)
STAGING CHECKPOINT=140100/202528 (not applied)
STAGING CHECKPOINT=144200/202528 (not applied)
STAGING CHECKPOINT=148300/202528 (not applied)
STAGING CHECKPOINT=152400/202528 (not applied)
STAGING CHECKPOINT=156500/202528 (not applied)
FAIL: 300-second bounded timeout; application outcome may be unknown; staging retained if Dell remains powered
