MAC SENDER COMPILED; SOURCE SHA256=ac6edb0351e8427b798a0431f6fb386c7d6ce4447fb6cb931089c381e4ce7b8e
STATUS VALIDATOR SHA256=0effa86b79fb69e27b0252fc3ff327e8b89d96da1f78c05b0fe50ed626457b2f
SCANNING FOR RABBIT FILE SERVICE (not identity authentication)
DISCOVERED: F45BFCB2-ABC2-AB4E-BB0F-310A54D424AF RSSI=-61; connecting
CONNECTED: discovering file service
SERVICE DISCOVERY: count=1 error=none
CHARACTERISTIC DISCOVERY: count=3
READ-ONLY QUERY: no BEGIN, DATA, COMMIT or ABORT
CONNECTED RSSI=-57 error=none (local radio measurement, not attestation)
RFS STATUS HEX=5246530159b5b5782d85154b20a7020020a70200020000003e000000874b02081c58525bc2fb2efaec0dd3f3b53d84b8a64f8955ab93dcd17fb27ca5
READ-ONLY STATUS (NOT ATTESTATION): state=2 error=0 received=173856 length=173856 receipt_counter=62 saved_session_matches=no
MAC SENDER COMPILED; SOURCE SHA256=ac6edb0351e8427b798a0431f6fb386c7d6ce4447fb6cb931089c381e4ce7b8e
STATUS VALIDATOR SHA256=0effa86b79fb69e27b0252fc3ff327e8b89d96da1f78c05b0fe50ed626457b2f
STAGING DIAGNOSTIC DATA DELAY=50 ms; NO COMMIT
DATA CHUNK LIMIT=100 bytes (excluding offset)
SCANNING FOR RABBIT FILE SERVICE (not identity authentication)
DISCOVERED: F45BFCB2-ABC2-AB4E-BB0F-310A54D424AF RSSI=-60; connecting
CONNECTED: discovering file service
SERVICE DISCOVERY: count=1 error=none
CHARACTERISTIC DISCOVERY: count=3
BEGIN: acknowledged write; maximum value bytes=512
CONTROL ACK: phase=1; reading application status
RESUME OFFSET=0/202528
STAGING CHECKPOINT=4100/202528 (not applied)
STAGING CHECKPOINT=8200/202528 (not applied)
STAGING CHECKPOINT=12300/202528 (not applied)
STAGING CHECKPOINT=16400/202528 (not applied)
STAGING CHECKPOINT=20500/202528 (not applied)
STAGING CHECKPOINT=24600/202528 (not applied)
STAGING CHECKPOINT=28700/202528 (not applied)
STAGING CHECKPOINT=32800/202528 (not applied)
STAGING CHECKPOINT=36900/202528 (not applied)
STAGING CHECKPOINT=41000/202528 (not applied)
STAGING CHECKPOINT=45100/202528 (not applied)
STAGING CHECKPOINT=49200/202528 (not applied)
STAGING CHECKPOINT=53300/202528 (not applied)
STAGING CHECKPOINT=57400/202528 (not applied)
STAGING CHECKPOINT=61500/202528 (not applied)
STAGING CHECKPOINT=65600/202528 (not applied)
STAGING CHECKPOINT=69700/202528 (not applied)
STAGING CHECKPOINT=73800/202528 (not applied)
STAGING CHECKPOINT=77900/202528 (not applied)
FAIL: 300-second bounded timeout; application outcome may be unknown; staging retained if Dell remains powered
MAC SENDER COMPILED; SOURCE SHA256=ac6edb0351e8427b798a0431f6fb386c7d6ce4447fb6cb931089c381e4ce7b8e
STATUS VALIDATOR SHA256=0effa86b79fb69e27b0252fc3ff327e8b89d96da1f78c05b0fe50ed626457b2f
SCANNING FOR RABBIT FILE SERVICE (not identity authentication)
DISCOVERED: F45BFCB2-ABC2-AB4E-BB0F-310A54D424AF RSSI=-60; connecting
CONNECTED: discovering file service
SERVICE DISCOVERY: count=1 error=none
CHARACTERISTIC DISCOVERY: count=3
READ-ONLY QUERY: no BEGIN, DATA, COMMIT or ABORT
CONNECTED RSSI=-58 error=none (local radio measurement, not attestation)
RFS STATUS HEX=524653012fb4fb293b6b6d6b0833010020170300010000003e0000000000000000000000000000000000000000000000000000000000000000000000
READ-ONLY STATUS (NOT ATTESTATION): state=1 error=0 received=78600 length=202528 receipt_counter=62 saved_session_matches=yes
MAC SENDER COMPILED; SOURCE SHA256=ac6edb0351e8427b798a0431f6fb386c7d6ce4447fb6cb931089c381e4ce7b8e
STATUS VALIDATOR SHA256=0effa86b79fb69e27b0252fc3ff327e8b89d96da1f78c05b0fe50ed626457b2f
STAGING DIAGNOSTIC DATA DELAY=50 ms; NO COMMIT
DATA CHUNK LIMIT=100 bytes (excluding offset)
SCANNING FOR RABBIT FILE SERVICE (not identity authentication)
DISCOVERED: F45BFCB2-ABC2-AB4E-BB0F-310A54D424AF RSSI=-55; connecting
CONNECTED: discovering file service
SERVICE DISCOVERY: count=1 error=none
CHARACTERISTIC DISCOVERY: count=3
BEGIN: acknowledged write; maximum value bytes=512
CONTROL ACK: phase=1; reading application status
RESUME OFFSET=78600/202528
STAGING CHECKPOINT=82700/202528 (not applied)
STAGING CHECKPOINT=86800/202528 (not applied)
STAGING CHECKPOINT=90900/202528 (not applied)
STAGING CHECKPOINT=95000/202528 (not applied)
STAGING CHECKPOINT=99100/202528 (not applied)
STAGING CHECKPOINT=103200/202528 (not applied)
STAGING CHECKPOINT=107300/202528 (not applied)
STAGING CHECKPOINT=111400/202528 (not applied)
STAGING CHECKPOINT=115500/202528 (not applied)
STAGING CHECKPOINT=119600/202528 (not applied)
STAGING CHECKPOINT=123700/202528 (not applied)
STAGING CHECKPOINT=127800/202528 (not applied)
STAGING CHECKPOINT=131900/202528 (not applied)
STAGING CHECKPOINT=136000/202528 (not applied)
STAGING CHECKPOINT=140100/202528 (not applied)
STAGING CHECKPOINT=144200/202528 (not applied)
STAGING CHECKPOINT=148300/202528 (not applied)
STAGING CHECKPOINT=152400/202528 (not applied)
STAGING CHECKPOINT=156500/202528 (not applied)
FAIL: 300-second bounded timeout; application outcome may be unknown; staging retained if Dell remains powered
MAC SENDER COMPILED; SOURCE SHA256=ac6edb0351e8427b798a0431f6fb386c7d6ce4447fb6cb931089c381e4ce7b8e
STATUS VALIDATOR SHA256=0effa86b79fb69e27b0252fc3ff327e8b89d96da1f78c05b0fe50ed626457b2f
SCANNING FOR RABBIT FILE SERVICE (not identity authentication)
DISCOVERED: F45BFCB2-ABC2-AB4E-BB0F-310A54D424AF RSSI=-58; connecting
CONNECTED: discovering file service
SERVICE DISCOVERY: count=1 error=none
CHARACTERISTIC DISCOVERY: count=3
READ-ONLY QUERY: no BEGIN, DATA, COMMIT or ABORT
CONNECTED RSSI=-59 error=none (local radio measurement, not attestation)
RFS STATUS HEX=524653012fb4fb293b6b6d6bd866020020170300010000003e0000000000000000000000000000000000000000000000000000000000000000000000
READ-ONLY STATUS (NOT ATTESTATION): state=1 error=0 received=157400 length=202528 receipt_counter=62 saved_session_matches=yes
MAC SENDER COMPILED; SOURCE SHA256=ac6edb0351e8427b798a0431f6fb386c7d6ce4447fb6cb931089c381e4ce7b8e
STATUS VALIDATOR SHA256=0effa86b79fb69e27b0252fc3ff327e8b89d96da1f78c05b0fe50ed626457b2f
STAGING DIAGNOSTIC DATA DELAY=50 ms; NO COMMIT
DATA CHUNK LIMIT=100 bytes (excluding offset)
SCANNING FOR RABBIT FILE SERVICE (not identity authentication)
DISCOVERED: F45BFCB2-ABC2-AB4E-BB0F-310A54D424AF RSSI=-57; connecting
CONNECTED: discovering file service
SERVICE DISCOVERY: count=1 error=none
CHARACTERISTIC DISCOVERY: count=3
BEGIN: acknowledged write; maximum value bytes=512
CONTROL ACK: phase=1; reading application status
RESUME OFFSET=157400/202528
STAGING CHECKPOINT=161500/202528 (not applied)
STAGING CHECKPOINT=165600/202528 (not applied)
STAGING CHECKPOINT=169700/202528 (not applied)
STAGING CHECKPOINT=173800/202528 (not applied)
STAGING CHECKPOINT=177900/202528 (not applied)
STAGING CHECKPOINT=182000/202528 (not applied)
STAGING CHECKPOINT=186100/202528 (not applied)
STAGING CHECKPOINT=190200/202528 (not applied)
STAGING CHECKPOINT=194300/202528 (not applied)
STAGING CHECKPOINT=198400/202528 (not applied)
STAGING CHECKPOINT=202500/202528 (not applied)
STAGING CHECKPOINT=202528/202528 (not applied)
STAGED-NOT-APPLIED: deliberate stop; keep Dell powered and rerun SAME saved session without --stage-only-bytes
MAC SENDER COMPILED; SOURCE SHA256=ac6edb0351e8427b798a0431f6fb386c7d6ce4447fb6cb931089c381e4ce7b8e
STATUS VALIDATOR SHA256=0effa86b79fb69e27b0252fc3ff327e8b89d96da1f78c05b0fe50ed626457b2f
DATA CHUNK LIMIT=100 bytes (excluding offset)
SCANNING FOR RABBIT FILE SERVICE (not identity authentication)
DISCOVERED: F45BFCB2-ABC2-AB4E-BB0F-310A54D424AF RSSI=-62; connecting
CONNECTED: discovering file service
SERVICE DISCOVERY: count=1 error=none
CHARACTERISTIC DISCOVERY: count=3
BEGIN: acknowledged write; maximum value bytes=512
CONTROL ACK: phase=1; reading application status
RESUME OFFSET=202528/202528
CONTROL ACK: phase=3; reading application status
DISCONNECTED: phase=3 offset=202528/202528 domain=CBErrorDomain code=7 reason=The specified device has disconnected from us.
RECONNECT: delivery unknown; querying retained session, not assuming application
DISCOVERED: F45BFCB2-ABC2-AB4E-BB0F-310A54D424AF RSSI=-65; connecting
CONNECTED: discovering file service
SERVICE DISCOVERY: count=1 error=none
CHARACTERISTIC DISCOVERY: count=3
BEGIN: acknowledged write; maximum value bytes=512
CONTROL ACK: phase=1; reading application status
FILE APPLIED RECEIPT (NOT ATTESTATION): exact SHA256/session/counter matched
TRANSFER ELAPSED=7.433 seconds (including reconnects)
